Archive member included to satisfy reference by file (symbol)

C:/ST/STM32CubeIDE_1.15.0/STM32CubeIDE/plugins/com.st.stm32cube.ide.mcu.externaltools.gnu-tools-for-stm32.12.3.rel1.win32_1.0.100.202403111256/tools/bin/../lib/gcc/arm-none-eabi/12.3.1/../../../../arm-none-eabi/lib/thumb/v6-m/nofp\libc_nano.a(libc_a-exit.o)
                              C:/ST/STM32CubeIDE_1.15.0/STM32CubeIDE/plugins/com.st.stm32cube.ide.mcu.externaltools.gnu-tools-for-stm32.12.3.rel1.win32_1.0.100.202403111256/tools/bin/../lib/gcc/arm-none-eabi/12.3.1/../../../../arm-none-eabi/lib/thumb/v6-m/nofp/crt0.o (exit)
C:/ST/STM32CubeIDE_1.15.0/STM32CubeIDE/plugins/com.st.stm32cube.ide.mcu.externaltools.gnu-tools-for-stm32.12.3.rel1.win32_1.0.100.202403111256/tools/bin/../lib/gcc/arm-none-eabi/12.3.1/../../../../arm-none-eabi/lib/thumb/v6-m/nofp\libc_nano.a(libc_a-findfp.o)
                              C:/ST/STM32CubeIDE_1.15.0/STM32CubeIDE/plugins/com.st.stm32cube.ide.mcu.externaltools.gnu-tools-for-stm32.12.3.rel1.win32_1.0.100.202403111256/tools/bin/../lib/gcc/arm-none-eabi/12.3.1/../../../../arm-none-eabi/lib/thumb/v6-m/nofp\libc_nano.a(libc_a-exit.o) (__stdio_exit_handler)
C:/ST/STM32CubeIDE_1.15.0/STM32CubeIDE/plugins/com.st.stm32cube.ide.mcu.externaltools.gnu-tools-for-stm32.12.3.rel1.win32_1.0.100.202403111256/tools/bin/../lib/gcc/arm-none-eabi/12.3.1/../../../../arm-none-eabi/lib/thumb/v6-m/nofp\libc_nano.a(libc_a-fwalk.o)
                              C:/ST/STM32CubeIDE_1.15.0/STM32CubeIDE/plugins/com.st.stm32cube.ide.mcu.externaltools.gnu-tools-for-stm32.12.3.rel1.win32_1.0.100.202403111256/tools/bin/../lib/gcc/arm-none-eabi/12.3.1/../../../../arm-none-eabi/lib/thumb/v6-m/nofp\libc_nano.a(libc_a-findfp.o) (_fwalk_sglue)
C:/ST/STM32CubeIDE_1.15.0/STM32CubeIDE/plugins/com.st.stm32cube.ide.mcu.externaltools.gnu-tools-for-stm32.12.3.rel1.win32_1.0.100.202403111256/tools/bin/../lib/gcc/arm-none-eabi/12.3.1/../../../../arm-none-eabi/lib/thumb/v6-m/nofp\libc_nano.a(libc_a-stdio.o)
                              C:/ST/STM32CubeIDE_1.15.0/STM32CubeIDE/plugins/com.st.stm32cube.ide.mcu.externaltools.gnu-tools-for-stm32.12.3.rel1.win32_1.0.100.202403111256/tools/bin/../lib/gcc/arm-none-eabi/12.3.1/../../../../arm-none-eabi/lib/thumb/v6-m/nofp\libc_nano.a(libc_a-findfp.o) (__sread)
C:/ST/STM32CubeIDE_1.15.0/STM32CubeIDE/plugins/com.st.stm32cube.ide.mcu.externaltools.gnu-tools-for-stm32.12.3.rel1.win32_1.0.100.202403111256/tools/bin/../lib/gcc/arm-none-eabi/12.3.1/../../../../arm-none-eabi/lib/thumb/v6-m/nofp\libc_nano.a(libc_a-memset.o)
                              C:/ST/STM32CubeIDE_1.15.0/STM32CubeIDE/plugins/com.st.stm32cube.ide.mcu.externaltools.gnu-tools-for-stm32.12.3.rel1.win32_1.0.100.202403111256/tools/bin/../lib/gcc/arm-none-eabi/12.3.1/../../../../arm-none-eabi/lib/thumb/v6-m/nofp/crt0.o (memset)
C:/ST/STM32CubeIDE_1.15.0/STM32CubeIDE/plugins/com.st.stm32cube.ide.mcu.externaltools.gnu-tools-for-stm32.12.3.rel1.win32_1.0.100.202403111256/tools/bin/../lib/gcc/arm-none-eabi/12.3.1/../../../../arm-none-eabi/lib/thumb/v6-m/nofp\libc_nano.a(libc_a-closer.o)
                              C:/ST/STM32CubeIDE_1.15.0/STM32CubeIDE/plugins/com.st.stm32cube.ide.mcu.externaltools.gnu-tools-for-stm32.12.3.rel1.win32_1.0.100.202403111256/tools/bin/../lib/gcc/arm-none-eabi/12.3.1/../../../../arm-none-eabi/lib/thumb/v6-m/nofp\libc_nano.a(libc_a-stdio.o) (_close_r)
C:/ST/STM32CubeIDE_1.15.0/STM32CubeIDE/plugins/com.st.stm32cube.ide.mcu.externaltools.gnu-tools-for-stm32.12.3.rel1.win32_1.0.100.202403111256/tools/bin/../lib/gcc/arm-none-eabi/12.3.1/../../../../arm-none-eabi/lib/thumb/v6-m/nofp\libc_nano.a(libc_a-reent.o)
                              C:/ST/STM32CubeIDE_1.15.0/STM32CubeIDE/plugins/com.st.stm32cube.ide.mcu.externaltools.gnu-tools-for-stm32.12.3.rel1.win32_1.0.100.202403111256/tools/bin/../lib/gcc/arm-none-eabi/12.3.1/../../../../arm-none-eabi/lib/thumb/v6-m/nofp\libc_nano.a(libc_a-closer.o) (errno)
C:/ST/STM32CubeIDE_1.15.0/STM32CubeIDE/plugins/com.st.stm32cube.ide.mcu.externaltools.gnu-tools-for-stm32.12.3.rel1.win32_1.0.100.202403111256/tools/bin/../lib/gcc/arm-none-eabi/12.3.1/../../../../arm-none-eabi/lib/thumb/v6-m/nofp\libc_nano.a(libc_a-impure.o)
                              C:/ST/STM32CubeIDE_1.15.0/STM32CubeIDE/plugins/com.st.stm32cube.ide.mcu.externaltools.gnu-tools-for-stm32.12.3.rel1.win32_1.0.100.202403111256/tools/bin/../lib/gcc/arm-none-eabi/12.3.1/../../../../arm-none-eabi/lib/thumb/v6-m/nofp\libc_nano.a(libc_a-reent.o) (_impure_ptr)
C:/ST/STM32CubeIDE_1.15.0/STM32CubeIDE/plugins/com.st.stm32cube.ide.mcu.externaltools.gnu-tools-for-stm32.12.3.rel1.win32_1.0.100.202403111256/tools/bin/../lib/gcc/arm-none-eabi/12.3.1/../../../../arm-none-eabi/lib/thumb/v6-m/nofp\libc_nano.a(libc_a-lseekr.o)
[...]
Memory Configuration

Name             Origin             Length             Attributes
RAM              0x20000000         0x00002000         xrw
FLASH            0x08000000         0x00010000         xr
*default*        0x00000000         0xffffffff

Linker script and memory map

LOAD C:/ST/STM32CubeIDE_1.15.0/STM32CubeIDE/plugins/com.st.stm32cube.ide.mcu.externaltools.gnu-tools-for-stm32.12.3.rel1.win32_1.0.100.202403111256/tools/bin/../lib/gcc/arm-none-eabi/12.3.1/thumb/v6-m/nofp/crti.o
LOAD C:/ST/STM32CubeIDE_1.15.0/STM32CubeIDE/plugins/com.st.stm32cube.ide.mcu.externaltools.gnu-tools-for-stm32.12.3.rel1.win32_1.0.100.202403111256/tools/bin/../lib/gcc/arm-none-eabi/12.3.1/thumb/v6-m/nofp/crtbegin.o
LOAD C:/ST/STM32CubeIDE_1.15.0/STM32CubeIDE/plugins/com.st.stm32cube.ide.mcu.externaltools.gnu-tools-for-stm32.12.3.rel1.win32_1.0.100.202403111256/tools/bin/../lib/gcc/arm-none-eabi/12.3.1/../../../../arm-none-eabi/lib/thumb/v6-m/nofp/crt0.o
LOAD ./Core/Src/Custom/GPIOHandler.o
LOAD ./Core/Src/Custom/SPIHandler.o
LOAD ./Core/Src/Custom/SystemClockConfig.o
LOAD ./Core/Src/Custom/doorCam_manager.o
LOAD ./Core/Src/Custom/proxSensHandler.o
LOAD ./Core/Src/Machine-made/freertos.o
LOAD ./Core/Src/Machine-made/main.o
LOAD ./Core/Src/Machine-made/stm32f0xx_hal_msp.o
LOAD ./Core/Src/Machine-made/stm32f0xx_hal_timebase_tim.o
LOAD ./Core/Src/Machine-made/stm32f0xx_it.o
LOAD ./Core/Src/Machine-made/syscalls.o
LOAD ./Core/Src/Machine-made/sysmem.o
LOAD ./Core/Src/Machine-made/system_stm32f0xx.o
LOAD ./Core/Startup/startup_stm32f051r8tx.o
LOAD ./Drivers/STM32F0xx_HAL_Driver/Src/stm32f0xx_hal.o
LOAD ./Drivers/STM32F0xx_HAL_Driver/Src/stm32f0xx_hal_cortex.o
LOAD ./Drivers/STM32F0xx_HAL_Driver/Src/stm32f0xx_hal_dma.o
LOAD ./Drivers/STM32F0xx_HAL_Driver/Src/stm32f0xx_hal_exti.o
LOAD ./Drivers/STM32F0xx_HAL_Driver/Src/stm32f0xx_hal_flash.o
LOAD ./Drivers/STM32F0xx_HAL_Driver/Src/stm32f0xx_hal_flash_ex.o
LOAD ./Drivers/STM32F0xx_HAL_Driver/Src/stm32f0xx_hal_gpio.o
LOAD ./Drivers/STM32F0xx_HAL_Driver/Src/stm32f0xx_hal_i2c.o
LOAD ./Drivers/STM32F0xx_HAL_Driver/Src/stm32f0xx_hal_i2c_ex.o
LOAD ./Drivers/STM32F0xx_HAL_Driver/Src/stm32f0xx_hal_pwr.o
LOAD ./Drivers/STM32F0xx_HAL_Driver/Src/stm32f0xx_hal_pwr_ex.o
LOAD ./Drivers/STM32F0xx_HAL_Driver/Src/stm32f0xx_hal_rcc.o
LOAD ./Drivers/STM32F0xx_HAL_Driver/Src/stm32f0xx_hal_rcc_ex.o
LOAD ./Drivers/STM32F0xx_HAL_Driver/Src/stm32f0xx_hal_spi.o
LOAD ./Drivers/STM32F0xx_HAL_Driver/Src/stm32f0xx_hal_spi_ex.o
LOAD ./Drivers/STM32F0xx_HAL_Driver/Src/stm32f0xx_hal_tim.o
LOAD ./Drivers/STM32F0xx_HAL_Driver/Src/stm32f0xx_hal_tim_ex.o
LOAD ./Middlewares/Third_Party/FreeRTOS/Source/CMSIS_RTOS/cmsis_os.o
LOAD ./Middlewares/Third_Party/FreeRTOS/Source/croutine.o
LOAD ./Middlewares/Third_Party/FreeRTOS/Source/event_groups.o
LOAD ./Middlewares/Third_Party/FreeRTOS/Source/list.o
LOAD ./Middlewares/Third_Party/FreeRTOS/Source/queue.o
LOAD ./Middlewares/Third_Party/FreeRTOS/Source/stream_buffer.o
LOAD ./Middlewares/Third_Party/FreeRTOS/Source/tasks.o
LOAD ./Middlewares/Third_Party/FreeRTOS/Source/timers.o
LOAD ./Middlewares/Third_Party/FreeRTOS/Source/portable/GCC/ARM_CM0/port.o
LOAD ./Middlewares/Third_Party/FreeRTOS/Source/portable/MemMang/heap_4.o
START GROUP
LOAD C:/ST/STM32CubeIDE_1.15.0/STM32CubeIDE/plugins/com.st.stm32cube.ide.mcu.externaltools.gnu-tools-for-stm32.12.3.rel1.win32_1.0.100.202403111256/tools/bin/../lib/gcc/arm-none-eabi/12.3.1/../../../../arm-none-eabi/lib/thumb/v6-m/nofp\libc_nano.a
LOAD C:/ST/STM32CubeIDE_1.15.0/STM32CubeIDE/plugins/com.st.stm32cube.ide.mcu.externaltools.gnu-tools-for-stm32.12.3.rel1.win32_1.0.100.202403111256/tools/bin/../lib/gcc/arm-none-eabi/12.3.1/../../../../arm-none-eabi/lib/thumb/v6-m/nofp\libm.a
END GROUP
START GROUP
LOAD C:/ST/STM32CubeIDE_1.15.0/STM32CubeIDE/plugins/com.st.stm32cube.ide.mcu.externaltools.gnu-tools-for-stm32.12.3.rel1.win32_1.0.100.202403111256/tools/bin/../lib/gcc/arm-none-eabi/12.3.1/thumb/v6-m/nofp\libgcc.a
LOAD C:/ST/STM32CubeIDE_1.15.0/STM32CubeIDE/plugins/com.st.stm32cube.ide.mcu.externaltools.gnu-tools-for-stm32.12.3.rel1.win32_1.0.100.202403111256/tools/bin/../lib/gcc/arm-none-eabi/12.3.1/../../../../arm-none-eabi/lib/thumb/v6-m/nofp\libc_nano.a
END GROUP
START GROUP
LOAD C:/ST/STM32CubeIDE_1.15.0/STM32CubeIDE/plugins/com.st.stm32cube.ide.mcu.externaltools.gnu-tools-for-stm32.12.3.rel1.win32_1.0.100.202403111256/tools/bin/../lib/gcc/arm-none-eabi/12.3.1/thumb/v6-m/nofp\libgcc.a
LOAD C:/ST/STM32CubeIDE_1.15.0/STM32CubeIDE/plugins/com.st.stm32cube.ide.mcu.externaltools.gnu-tools-for-stm32.12.3.rel1.win32_1.0.100.202403111256/tools/bin/../lib/gcc/arm-none-eabi/12.3.1/../../../../arm-none-eabi/lib/thumb/v6-m/nofp\libc_nano.a
LOAD C:/ST/STM32CubeIDE_1.15.0/STM32CubeIDE/plugins/com.st.stm32cube.ide.mcu.externaltools.gnu-tools-for-stm32.12.3.rel1.win32_1.0.100.202403111256/tools/bin/../lib/gcc/arm-none-eabi/12.3.1/../../../../arm-none-eabi/lib/thumb/v6-m/nofp\libnosys.a
END GROUP
START GROUP
LOAD C:/ST/STM32CubeIDE_1.15.0/STM32CubeIDE/plugins/com.st.stm32cube.ide.mcu.externaltools.gnu-tools-for-stm32.12.3.rel1.win32_1.0.100.202403111256/tools/bin/../lib/gcc/arm-none-eabi/12.3.1/thumb/v6-m/nofp\libgcc.a
LOAD C:/ST/STM32CubeIDE_1.15.0/STM32CubeIDE/plugins/com.st.stm32cube.ide.mcu.externaltools.gnu-tools-for-stm32.12.3.rel1.win32_1.0.100.202403111256/tools/bin/../lib/gcc/arm-none-eabi/12.3.1/../../../../arm-none-eabi/lib/thumb/v6-m/nofp\libc_nano.a
LOAD C:/ST/STM32CubeIDE_1.15.0/STM32CubeIDE/plugins/com.st.stm32cube.ide.mcu.externaltools.gnu-tools-for-stm32.12.3.rel1.win32_1.0.100.202403111256/tools/bin/../lib/gcc/arm-none-eabi/12.3.1/../../../../arm-none-eabi/lib/thumb/v6-m/nofp\libnosys.a
END GROUP
LOAD C:/ST/STM32CubeIDE_1.15.0/STM32CubeIDE/plugins/com.st.stm32cube.ide.mcu.externaltools.gnu-tools-for-stm32.12.3.rel1.win32_1.0.100.202403111256/tools/bin/../lib/gcc/arm-none-eabi/12.3.1/thumb/v6-m/nofp/crtend.o
LOAD C:/ST/STM32CubeIDE_1.15.0/STM32CubeIDE/plugins/com.st.stm32cube.ide.mcu.externaltools.gnu-tools-for-stm32.12.3.rel1.win32_1.0.100.202403111256/tools/bin/../lib/gcc/arm-none-eabi/12.3.1/thumb/v6-m/nofp/crtn.o
                0x20002000                        _estack = (ORIGIN (RAM) + LENGTH (RAM))
                0x00000200                        _Min_Heap_Size = 0x200
                0x00000400                        _Min_Stack_Size = 0x400

.isr_vector     0x08000000       0xc0
                0x08000000                        . = ALIGN (0x4)
 *(.isr_vector)
 .isr_vector    0x08000000       0xc0 ./Core/Startup/startup_stm32f051r8tx.o
                0x08000000                g_pfnVectors
                0x080000c0                        . = ALIGN (0x4)

.text           0x080000c0     0x4128
                0x080000c0                        . = ALIGN (0x4)
 *(.text)
 .text          0x080000c0       0x48 C:/ST/STM32CubeIDE_1.15.0/STM32CubeIDE/plugins/com.st.stm32cube.ide.mcu.externaltools.gnu-tools-for-stm32.12.3.rel1.win32_1.0.100.202403111256/tools/bin/../lib/gcc/arm-none-eabi/12.3.1/thumb/v6-m/nofp/crtbegin.o
 .text          0x08000108      0x114 C:/ST/STM32CubeIDE_1.15.0/STM32CubeIDE/plugins/com.st.stm32cube.ide.mcu.externaltools.gnu-tools-for-stm32.12.3.rel1.win32_1.0.100.202403111256/tools/bin/../lib/gcc/arm-none-eabi/12.3.1/thumb/v6-m/nofp\libgcc.a(_udivsi3.o)
                0x08000108                __aeabi_uidiv
                0x08000108                __udivsi3
                0x08000214                __aeabi_uidivmod
 .text          0x0800021c        0x4 C:/ST/STM32CubeIDE_1.15.0/STM32CubeIDE/plugins/com.st.stm32cube.ide.mcu.externaltools.gnu-tools-for-stm32.12.3.rel1.win32_1.0.100.202403111256/tools/bin/../lib/gcc/arm-none-eabi/12.3.1/thumb/v6-m/nofp\libgcc.a(_dvmd_tls.o)
                0x0800021c                __aeabi_idiv0
                0x0800021c                __aeabi_ldiv0
 *(.text*)
 .text.MX_GPIO_Init
                0x08000220       0xd8 ./Core/Src/Custom/GPIOHandler.o
                0x08000220                MX_GPIO_Init
 .text.vLEDOn   0x080002f8       0x1c ./Core/Src/Custom/GPIOHandler.o
                0x080002f8                vLEDOn
 .text.vLEDOff  0x08000314       0x1c ./Core/Src/Custom/GPIOHandler.o
                0x08000314                vLEDOff
 .text.vErrorLEDOn
                0x08000330       0x1c ./Core/Src/Custom/GPIOHandler.o
                0x08000330                vErrorLEDOn
 .text.vErrorLEDOff
                0x0800034c       0x1c ./Core/Src/Custom/GPIOHandler.o
                0x0800034c                vErrorLEDOff
 .text.bUserButtonGetState
                0x08000368       0x1e ./Core/Src/Custom/GPIOHandler.o
                0x08000368                bUserButtonGetState
 .text.bErrorLEDGetState
                0x08000386       0x1e ./Core/Src/Custom/GPIOHandler.o
                0x08000386                bErrorLEDGetState
 .text.bLEDGetState
                0x080003a4       0x24 ./Core/Src/Custom/GPIOHandler.o
                0x080003a4                bLEDGetState
 .text.MX_SPI1_Init
                0x080003c8       0x7c ./Core/Src/Custom/SPIHandler.o
                0x080003c8                MX_SPI1_Init
 .text.bSPITransmisionTest
                0x08000444       0x4c ./Core/Src/Custom/SPIHandler.o
                0x08000444                bSPITransmisionTest
 .text.SystemClock_Config
                0x08000490       0x94 ./Core/Src/Custom/SystemClockConfig.o
                0x08000490                SystemClock_Config
 .text.vDoorCamInit
                0x08000524       0x16 ./Core/Src/Custom/doorCam_manager.o
                0x08000524                vDoorCamInit
 *fill*         0x0800053a        0x2 
 .text.vDoorCamProciessing
                0x0800053c       0x90 ./Core/Src/Custom/doorCam_manager.o
                0x0800053c                vDoorCamProciessing
 .text.vSPITestTask
                0x080005cc       0x78 ./Core/Src/Custom/doorCam_manager.o
                0x080005cc                vSPITestTask
 .text.vProxSensMeasureTask
                0x08000644       0x68 ./Core/Src/Custom/doorCam_manager.o
                0x08000644                vProxSensMeasureTask
 .text.StartDefaultTask
                0x080006ac       0x10 ./Core/Src/Custom/doorCam_manager.o
                0x080006ac                StartDefaultTask
 .text.vApplicationGetIdleTaskMemory
                0x080006bc       0x30 ./Core/Src/Machine-made/freertos.o
                0x080006bc                vApplicationGetIdleTaskMemory
 .text.main     0x080006ec       0x14 ./Core/Src/Machine-made/main.o
                0x080006ec                main
 .text.HAL_TIM_PeriodElapsedCallback
                0x08000700       0x24 ./Core/Src/Machine-made/main.o
                0x08000700                HAL_TIM_PeriodElapsedCallback
 .text.Error_Handler
                0x08000724        0xc ./Core/Src/Machine-made/main.o
                0x08000724                Error_Handler
 .text.HAL_MspInit
                0x08000730       0x54 ./Core/Src/Machine-made/stm32f0xx_hal_msp.o
                0x08000730                HAL_MspInit
 .text.HAL_SPI_MspInit
                0x08000784       0xf4 ./Core/Src/Machine-made/stm32f0xx_hal_msp.o
                0x08000784                HAL_SPI_MspInit
 .text.HAL_InitTick
                0x08000878      0x10c ./Core/Src/Machine-made/stm32f0xx_hal_timebase_tim.o
                0x08000878                HAL_InitTick
 .text.NMI_Handler
                0x08000984        0x8 ./Core/Src/Machine-made/stm32f0xx_it.o
                0x08000984                NMI_Handler
 .text.HardFault_Handler
                0x0800098c        0x8 ./Core/Src/Machine-made/stm32f0xx_it.o
                0x0800098c                HardFault_Handler
 .text.TIM1_BRK_UP_TRG_COM_IRQHandler
                0x08000994       0x18 ./Core/Src/Machine-made/stm32f0xx_it.o
                0x08000994                TIM1_BRK_UP_TRG_COM_IRQHandler
 .text.SPI1_IRQHandler
                0x080009ac       0x18 ./Core/Src/Machine-made/stm32f0xx_it.o
                0x080009ac                SPI1_IRQHandler
 .text.SystemInit
                0x080009c4        0xa ./Core/Src/Machine-made/system_stm32f0xx.o
                0x080009c4                SystemInit
 *fill*         0x080009ce        0x2 
 .text.Reset_Handler
                0x080009d0       0x50 ./Core/Startup/startup_stm32f051r8tx.o
                0x080009d0                Reset_Handler
 .text.Default_Handler
                0x08000a20        0x2 ./Core/Startup/startup_stm32f051r8tx.o
                0x08000a20                TIM1_CC_IRQHandler
                0x08000a20                TSC_IRQHandler
                0x08000a20                ADC1_COMP_IRQHandler
                0x08000a20                PVD_IRQHandler
                0x08000a20                I2C1_IRQHandler
                0x08000a20                RCC_CRS_IRQHandler
                0x08000a20                TIM6_DAC_IRQHandler
                0x08000a20                EXTI2_3_IRQHandler
                0x08000a20                I2C2_IRQHandler
                0x08000a20                TIM17_IRQHandler
                0x08000a20                CEC_CAN_IRQHandler
                0x08000a20                RTC_IRQHandler
                0x08000a20                TIM16_IRQHandler
                0x08000a20                TIM3_IRQHandler
                0x08000a20                EXTI4_15_IRQHandler
                0x08000a20                DMA1_Channel1_IRQHandler
                0x08000a20                Default_Handler
                0x08000a20                TIM14_IRQHandler
                0x08000a20                DMA1_Channel4_5_IRQHandler
                0x08000a20                TIM15_IRQHandler
                0x08000a20                EXTI0_1_IRQHandler
                0x08000a20                SPI2_IRQHandler
                0x08000a20                WWDG_IRQHandler
                0x08000a20                TIM2_IRQHandler
                0x08000a20                DMA1_Channel2_3_IRQHandler
                0x08000a20                USART2_IRQHandler
                0x08000a20                FLASH_IRQHandler
                0x08000a20                USART1_IRQHandler
 *fill*         0x08000a22        0x2 
 .text.HAL_Init
                0x08000a24       0x28 ./Drivers/STM32F0xx_HAL_Driver/Src/stm32f0xx_hal.o
                0x08000a24                HAL_Init
 .text.HAL_IncTick
                0x08000a4c       0x24 ./Drivers/STM32F0xx_HAL_Driver/Src/stm32f0xx_hal.o
                0x08000a4c                HAL_IncTick
 .text.HAL_GetTick
                0x08000a70       0x14 ./Drivers/STM32F0xx_HAL_Driver/Src/stm32f0xx_hal.o
                0x08000a70                HAL_GetTick
 .text.__NVIC_EnableIRQ
                0x08000a84       0x34 ./Drivers/STM32F0xx_HAL_Driver/Src/stm32f0xx_hal_cortex.o
 .text.__NVIC_SetPriority
                0x08000ab8       0xdc ./Drivers/STM32F0xx_HAL_Driver/Src/stm32f0xx_hal_cortex.o
 .text.HAL_NVIC_SetPriority
                0x08000b94       0x2a ./Drivers/STM32F0xx_HAL_Driver/Src/stm32f0xx_hal_cortex.o
                0x08000b94                HAL_NVIC_SetPriority
 .text.HAL_NVIC_EnableIRQ
                0x08000bbe       0x20 ./Drivers/STM32F0xx_HAL_Driver/Src/stm32f0xx_hal_cortex.o
                0x08000bbe                HAL_NVIC_EnableIRQ
 .text.HAL_DMA_Abort_IT
                0x08000bde       0x8a ./Drivers/STM32F0xx_HAL_Driver/Src/stm32f0xx_hal_dma.o
                0x08000bde                HAL_DMA_Abort_IT
 .text.HAL_GPIO_Init
                0x08000c68      0x2e0 ./Drivers/STM32F0xx_HAL_Driver/Src/stm32f0xx_hal_gpio.o
                0x08000c68                HAL_GPIO_Init
 .text.HAL_GPIO_ReadPin
                0x08000f48       0x3a ./Drivers/STM32F0xx_HAL_Driver/Src/stm32f0xx_hal_gpio.o
                0x08000f48                HAL_GPIO_ReadPin
 .text.HAL_GPIO_WritePin
                0x08000f82       0x3a ./Drivers/STM32F0xx_HAL_Driver/Src/stm32f0xx_hal_gpio.o
                0x08000f82                HAL_GPIO_WritePin
 .text.HAL_RCC_OscConfig
                0x08000fbc      0x634 ./Drivers/STM32F0xx_HAL_Driver/Src/stm32f0xx_hal_rcc.o
                0x08000fbc                HAL_RCC_OscConfig
 .text.HAL_RCC_ClockConfig
                0x080015f0      0x19c ./Drivers/STM32F0xx_HAL_Driver/Src/stm32f0xx_hal_rcc.o
                0x080015f0                HAL_RCC_ClockConfig
 .text.HAL_RCC_GetSysClockFreq
                0x0800178c       0xac ./Drivers/STM32F0xx_HAL_Driver/Src/stm32f0xx_hal_rcc.o
                0x0800178c                HAL_RCC_GetSysClockFreq
 .text.HAL_RCC_GetHCLKFreq
                0x08001838       0x14 ./Drivers/STM32F0xx_HAL_Driver/Src/stm32f0xx_hal_rcc.o
                0x08001838                HAL_RCC_GetHCLKFreq
 .text.HAL_RCC_GetPCLK1Freq
                0x0800184c       0x2c ./Drivers/STM32F0xx_HAL_Driver/Src/stm32f0xx_hal_rcc.o
                0x0800184c                HAL_RCC_GetPCLK1Freq
 .text.HAL_RCC_GetClockConfig
                0x08001878       0x54 ./Drivers/STM32F0xx_HAL_Driver/Src/stm32f0xx_hal_rcc.o
                0x08001878                HAL_RCC_GetClockConfig
 .text.HAL_SPI_Init
                0x080018cc      0x170 ./Drivers/STM32F0xx_HAL_Driver/Src/stm32f0xx_hal_spi.o
                0x080018cc                HAL_SPI_Init
 .text.HAL_SPI_Transmit
                0x08001a3c      0x2be ./Drivers/STM32F0xx_HAL_Driver/Src/stm32f0xx_hal_spi.o
                0x08001a3c                HAL_SPI_Transmit
 *fill*         0x08001cfa        0x2 
 .text.HAL_SPI_IRQHandler
                0x08001cfc      0x1d4 ./Drivers/STM32F0xx_HAL_Driver/Src/stm32f0xx_hal_spi.o
                0x08001cfc                HAL_SPI_IRQHandler
 .text.HAL_SPI_ErrorCallback
                0x08001ed0       0x10 ./Drivers/STM32F0xx_HAL_Driver/Src/stm32f0xx_hal_spi.o
                0x08001ed0                HAL_SPI_ErrorCallback
 .text.SPI_DMAAbortOnError
                0x08001ee0       0x2c ./Drivers/STM32F0xx_HAL_Driver/Src/stm32f0xx_hal_spi.o
 .text.SPI_WaitFlagStateUntilTimeout
                0x08001f0c      0x11c ./Drivers/STM32F0xx_HAL_Driver/Src/stm32f0xx_hal_spi.o
 .text.SPI_WaitFifoStateUntilTimeout
                0x08002028      0x144 ./Drivers/STM32F0xx_HAL_Driver/Src/stm32f0xx_hal_spi.o
 .text.SPI_EndRxTxTransaction
                0x0800216c       0x8c ./Drivers/STM32F0xx_HAL_Driver/Src/stm32f0xx_hal_spi.o
 .text.HAL_TIM_Base_Init
                0x080021f8       0xa0 ./Drivers/STM32F0xx_HAL_Driver/Src/stm32f0xx_hal_tim.o
                0x080021f8                HAL_TIM_Base_Init
 .text.HAL_TIM_Base_MspInit
                0x08002298       0x10 ./Drivers/STM32F0xx_HAL_Driver/Src/stm32f0xx_hal_tim.o
                0x08002298                HAL_TIM_Base_MspInit
 .text.HAL_TIM_Base_Start_IT
                0x080022a8       0xa4 ./Drivers/STM32F0xx_HAL_Driver/Src/stm32f0xx_hal_tim.o
                0x080022a8                HAL_TIM_Base_Start_IT
 .text.HAL_TIM_IRQHandler
                0x0800234c      0x1dc ./Drivers/STM32F0xx_HAL_Driver/Src/stm32f0xx_hal_tim.o
                0x0800234c                HAL_TIM_IRQHandler
 .text.HAL_TIM_OC_DelayElapsedCallback
                0x08002528       0x10 ./Drivers/STM32F0xx_HAL_Driver/Src/stm32f0xx_hal_tim.o
                0x08002528                HAL_TIM_OC_DelayElapsedCallback
 .text.HAL_TIM_IC_CaptureCallback
                0x08002538       0x10 ./Drivers/STM32F0xx_HAL_Driver/Src/stm32f0xx_hal_tim.o
                0x08002538                HAL_TIM_IC_CaptureCallback
 .text.HAL_TIM_PWM_PulseFinishedCallback
                0x08002548       0x10 ./Drivers/STM32F0xx_HAL_Driver/Src/stm32f0xx_hal_tim.o
                0x08002548                HAL_TIM_PWM_PulseFinishedCallback
 .text.HAL_TIM_TriggerCallback
                0x08002558       0x10 ./Drivers/STM32F0xx_HAL_Driver/Src/stm32f0xx_hal_tim.o
                0x08002558                HAL_TIM_TriggerCallback
 .text.TIM_Base_SetConfig
                0x08002568      0x11c ./Drivers/STM32F0xx_HAL_Driver/Src/stm32f0xx_hal_tim.o
                0x08002568                TIM_Base_SetConfig
 .text.HAL_TIMEx_CommutCallback
                0x08002684       0x10 ./Drivers/STM32F0xx_HAL_Driver/Src/stm32f0xx_hal_tim_ex.o
                0x08002684                HAL_TIMEx_CommutCallback
 .text.HAL_TIMEx_BreakCallback
                0x08002694       0x10 ./Drivers/STM32F0xx_HAL_Driver/Src/stm32f0xx_hal_tim_ex.o
                0x08002694                HAL_TIMEx_BreakCallback
 .text.makeFreeRtosPriority
                0x080026a4       0x32 ./Middlewares/Third_Party/FreeRTOS/Source/CMSIS_RTOS/cmsis_os.o
 .text.osKernelStart
                0x080026d6       0x10 ./Middlewares/Third_Party/FreeRTOS/Source/CMSIS_RTOS/cmsis_os.o
                0x080026d6                osKernelStart
 .text.osThreadCreate
                0x080026e6       0x9a ./Middlewares/Third_Party/FreeRTOS/Source/CMSIS_RTOS/cmsis_os.o
                0x080026e6                osThreadCreate
 .text.osDelay  0x08002780       0x28 ./Middlewares/Third_Party/FreeRTOS/Source/CMSIS_RTOS/cmsis_os.o
                0x08002780                osDelay
 .text.vListInitialise
                0x080027a8       0x3c ./Middlewares/Third_Party/FreeRTOS/Source/list.o
                0x080027a8                vListInitialise
 .text.vListInitialiseItem
                0x080027e4       0x16 ./Middlewares/Third_Party/FreeRTOS/Source/list.o
                0x080027e4                vListInitialiseItem
 .text.vListInsertEnd
                0x080027fa       0x44 ./Middlewares/Third_Party/FreeRTOS/Source/list.o
                0x080027fa                vListInsertEnd
 .text.vListInsert
                0x0800283e       0x6c ./Middlewares/Third_Party/FreeRTOS/Source/list.o
                0x0800283e                vListInsert
 .text.uxListRemove
                0x080028aa       0x50 ./Middlewares/Third_Party/FreeRTOS/Source/list.o
                0x080028aa                uxListRemove
 .text.xQueueGenericReset
                0x080028fa       0xaa ./Middlewares/Third_Party/FreeRTOS/Source/queue.o
                0x080028fa                xQueueGenericReset
 .text.xQueueGenericCreate
                0x080029a4       0x6e ./Middlewares/Third_Party/FreeRTOS/Source/queue.o
                0x080029a4                xQueueGenericCreate
 .text.prvInitialiseNewQueue
                0x08002a12       0x44 ./Middlewares/Third_Party/FreeRTOS/Source/queue.o
 .text.xQueueGenericSend
                0x08002a56      0x190 ./Middlewares/Third_Party/FreeRTOS/Source/queue.o
                0x08002a56                xQueueGenericSend
 .text.xQueueReceive
                0x08002be6      0x170 ./Middlewares/Third_Party/FreeRTOS/Source/queue.o
                0x08002be6                xQueueReceive
 .text.prvCopyDataToQueue
                0x08002d56       0xd6 ./Middlewares/Third_Party/FreeRTOS/Source/queue.o
 .text.prvCopyDataFromQueue
                0x08002e2c       0x4c ./Middlewares/Third_Party/FreeRTOS/Source/queue.o
 .text.prvUnlockQueue
                0x08002e78       0xbc ./Middlewares/Third_Party/FreeRTOS/Source/queue.o
 .text.prvIsQueueEmpty
                0x08002f34       0x2c ./Middlewares/Third_Party/FreeRTOS/Source/queue.o
 .text.prvIsQueueFull
                0x08002f60       0x30 ./Middlewares/Third_Party/FreeRTOS/Source/queue.o
 .text.xTaskCreateStatic
                0x08002f90       0x8c ./Middlewares/Third_Party/FreeRTOS/Source/tasks.o
                0x08002f90                xTaskCreateStatic
 .text.xTaskCreate
                0x0800301c       0x98 ./Middlewares/Third_Party/FreeRTOS/Source/tasks.o
                0x0800301c                xTaskCreate
 .text.prvInitialiseNewTask
                0x080030b4       0xf4 ./Middlewares/Third_Party/FreeRTOS/Source/tasks.o
 .text.prvAddNewTaskToReadyList
                0x080031a8       0xc8 ./Middlewares/Third_Party/FreeRTOS/Source/tasks.o
 .text.vTaskDelay
                0x08003270       0x4c ./Middlewares/Third_Party/FreeRTOS/Source/tasks.o
                0x08003270                vTaskDelay
 .text.vTaskStartScheduler
                0x080032bc       0x9c ./Middlewares/Third_Party/FreeRTOS/Source/tasks.o
                0x080032bc                vTaskStartScheduler
 .text.vTaskSuspendAll
                0x08003358       0x18 ./Middlewares/Third_Party/FreeRTOS/Source/tasks.o
                0x08003358                vTaskSuspendAll
 .text.xTaskResumeAll
                0x08003370      0x118 ./Middlewares/Third_Party/FreeRTOS/Source/tasks.o
                0x08003370                xTaskResumeAll
 .text.xTaskIncrementTick
                0x08003488      0x16c ./Middlewares/Third_Party/FreeRTOS/Source/tasks.o
                0x08003488                xTaskIncrementTick
 .text.vTaskSwitchContext
                0x080035f4       0xa4 ./Middlewares/Third_Party/FreeRTOS/Source/tasks.o
                0x080035f4                vTaskSwitchContext
 .text.vTaskPlaceOnEventList
                0x08003698       0x40 ./Middlewares/Third_Party/FreeRTOS/Source/tasks.o
                0x08003698                vTaskPlaceOnEventList
 .text.xTaskRemoveFromEventList
                0x080036d8       0xbc ./Middlewares/Third_Party/FreeRTOS/Source/tasks.o
                0x080036d8                xTaskRemoveFromEventList
 .text.vTaskInternalSetTimeOutState
                0x08003794       0x28 ./Middlewares/Third_Party/FreeRTOS/Source/tasks.o
                0x08003794                vTaskInternalSetTimeOutState
 .text.xTaskCheckForTimeOut
                0x080037bc       0xa4 ./Middlewares/Third_Party/FreeRTOS/Source/tasks.o
                0x080037bc                xTaskCheckForTimeOut
 .text.vTaskMissedYield
                0x08003860       0x14 ./Middlewares/Third_Party/FreeRTOS/Source/tasks.o
                0x08003860                vTaskMissedYield
 .text.prvIdleTask
                0x08003874       0x20 ./Middlewares/Third_Party/FreeRTOS/Source/tasks.o
 .text.prvInitialiseTaskLists
                0x08003894       0x88 ./Middlewares/Third_Party/FreeRTOS/Source/tasks.o
 .text.prvCheckTasksWaitingTermination
                0x0800391c       0x5c ./Middlewares/Third_Party/FreeRTOS/Source/tasks.o
 .text.prvDeleteTCB
                0x08003978       0x52 ./Middlewares/Third_Party/FreeRTOS/Source/tasks.o
 *fill*         0x080039ca        0x2 
 .text.prvResetNextTaskUnblockTime
                0x080039cc       0x48 ./Middlewares/Third_Party/FreeRTOS/Source/tasks.o
 .text.xTaskGetSchedulerState
                0x08003a14       0x38 ./Middlewares/Third_Party/FreeRTOS/Source/tasks.o
                0x08003a14                xTaskGetSchedulerState
 .text.xTaskPriorityDisinherit
                0x08003a4c       0xbc ./Middlewares/Third_Party/FreeRTOS/Source/tasks.o
                0x08003a4c                xTaskPriorityDisinherit
 .text.prvAddCurrentTaskToDelayedList
                0x08003b08       0xa8 ./Middlewares/Third_Party/FreeRTOS/Source/tasks.o
 .text.pxPortInitialiseStack
                0x08003bb0       0x54 ./Middlewares/Third_Party/FreeRTOS/Source/portable/GCC/ARM_CM0/port.o
                0x08003bb0                pxPortInitialiseStack
 .text.prvTaskExitError
                0x08003c04       0x30 ./Middlewares/Third_Party/FreeRTOS/Source/portable/GCC/ARM_CM0/port.o
 .text.SVC_Handler
                0x08003c34        0xa ./Middlewares/Third_Party/FreeRTOS/Source/portable/GCC/ARM_CM0/port.o
                0x08003c34                SVC_Handler
 *fill*         0x08003c3e        0x2 
 .text.vPortStartFirstTask
                0x08003c40       0x38 ./Middlewares/Third_Party/FreeRTOS/Source/portable/GCC/ARM_CM0/port.o
 .text.xPortStartScheduler
                0x08003c78       0x48 ./Middlewares/Third_Party/FreeRTOS/Source/portable/GCC/ARM_CM0/port.o
                0x08003c78                xPortStartScheduler
 .text.vPortYield
                0x08003cc0       0x20 ./Middlewares/Third_Party/FreeRTOS/Source/portable/GCC/ARM_CM0/port.o
                0x08003cc0                vPortYield
 .text.vPortEnterCritical
                0x08003ce0       0x24 ./Middlewares/Third_Party/FreeRTOS/Source/portable/GCC/ARM_CM0/port.o
                0x08003ce0                vPortEnterCritical
 .text.vPortExitCritical
                0x08003d04       0x30 ./Middlewares/Third_Party/FreeRTOS/Source/portable/GCC/ARM_CM0/port.o
                0x08003d04                vPortExitCritical
 .text.ulSetInterruptMaskFromISR
                0x08003d34        0xc ./Middlewares/Third_Party/FreeRTOS/Source/portable/GCC/ARM_CM0/port.o
                0x08003d34                ulSetInterruptMaskFromISR
 .text.vClearInterruptMaskFromISR
                0x08003d40        0x8 ./Middlewares/Third_Party/FreeRTOS/Source/portable/GCC/ARM_CM0/port.o
                0x08003d40                vClearInterruptMaskFromISR
 *fill*         0x08003d48        0x8 
 .text.PendSV_Handler
                0x08003d50       0x48 ./Middlewares/Third_Party/FreeRTOS/Source/portable/GCC/ARM_CM0/port.o
                0x08003d50                PendSV_Handler
 .text.SysTick_Handler
                0x08003d98       0x34 ./Middlewares/Third_Party/FreeRTOS/Source/portable/GCC/ARM_CM0/port.o
                0x08003d98                SysTick_Handler
 .text.prvSetupTimerInterrupt
                0x08003dcc       0x44 ./Middlewares/Third_Party/FreeRTOS/Source/portable/GCC/ARM_CM0/port.o
 .text.pvPortMalloc
                0x08003e10      0x150 ./Middlewares/Third_Party/FreeRTOS/Source/portable/MemMang/heap_4.o
                0x08003e10                pvPortMalloc
 .text.vPortFree
                0x08003f60       0x94 ./Middlewares/Third_Party/FreeRTOS/Source/portable/MemMang/heap_4.o
                0x08003f60                vPortFree
 .text.prvHeapInit
                0x08003ff4       0xc0 ./Middlewares/Third_Party/FreeRTOS/Source/portable/MemMang/heap_4.o
 .text.prvInsertBlockIntoFreeList
                0x080040b4       0xb0 ./Middlewares/Third_Party/FreeRTOS/Source/portable/MemMang/heap_4.o
 .text.memset   0x08004164       0x10 C:/ST/STM32CubeIDE_1.15.0/STM32CubeIDE/plugins/com.st.stm32cube.ide.mcu.externaltools.gnu-tools-for-stm32.12.3.rel1.win32_1.0.100.202403111256/tools/bin/../lib/gcc/arm-none-eabi/12.3.1/../../../../arm-none-eabi/lib/thumb/v6-m/nofp\libc_nano.a(libc_a-memset.o)
                0x08004164                memset
 .text.__libc_init_array
                0x08004174       0x48 C:/ST/STM32CubeIDE_1.15.0/STM32CubeIDE/plugins/com.st.stm32cube.ide.mcu.externaltools.gnu-tools-for-stm32.12.3.rel1.win32_1.0.100.202403111256/tools/bin/../lib/gcc/arm-none-eabi/12.3.1/../../../../arm-none-eabi/lib/thumb/v6-m/nofp\libc_nano.a(libc_a-init.o)
                0x08004174                __libc_init_array
 .text.memcpy   0x080041bc       0x12 C:/ST/STM32CubeIDE_1.15.0/STM32CubeIDE/plugins/com.st.stm32cube.ide.mcu.externaltools.gnu-tools-for-stm32.12.3.rel1.win32_1.0.100.202403111256/tools/bin/../lib/gcc/arm-none-eabi/12.3.1/../../../../arm-none-eabi/lib/thumb/v6-m/nofp\libc_nano.a(libc_a-memcpy-stub.o)
                0x080041bc                memcpy
 *(.glue_7)
 .glue_7        0x080041ce        0x0 linker stubs
 *(.glue_7t)
 .glue_7t       0x080041ce        0x0 linker stubs
 *(.eh_frame)
 *fill*         0x080041ce        0x2 
 .eh_frame      0x080041d0        0x0 C:/ST/STM32CubeIDE_1.15.0/STM32CubeIDE/plugins/com.st.stm32cube.ide.mcu.externaltools.gnu-tools-for-stm32.12.3.rel1.win32_1.0.100.202403111256/tools/bin/../lib/gcc/arm-none-eabi/12.3.1/thumb/v6-m/nofp/crtbegin.o
 *(.init)
 .init          0x080041d0        0x4 C:/ST/STM32CubeIDE_1.15.0/STM32CubeIDE/plugins/com.st.stm32cube.ide.mcu.externaltools.gnu-tools-for-stm32.12.3.rel1.win32_1.0.100.202403111256/tools/bin/../lib/gcc/arm-none-eabi/12.3.1/thumb/v6-m/nofp/crti.o
                0x080041d0                _init
 .init          0x080041d4        0x8 C:/ST/STM32CubeIDE_1.15.0/STM32CubeIDE/plugins/com.st.stm32cube.ide.mcu.externaltools.gnu-tools-for-stm32.12.3.rel1.win32_1.0.100.202403111256/tools/bin/../lib/gcc/arm-none-eabi/12.3.1/thumb/v6-m/nofp/crtn.o
 *(.fini)
 .fini          0x080041dc        0x4 C:/ST/STM32CubeIDE_1.15.0/STM32CubeIDE/plugins/com.st.stm32cube.ide.mcu.externaltools.gnu-tools-for-stm32.12.3.rel1.win32_1.0.100.202403111256/tools/bin/../lib/gcc/arm-none-eabi/12.3.1/thumb/v6-m/nofp/crti.o
                0x080041dc                _fini
 .fini          0x080041e0        0x8 C:/ST/STM32CubeIDE_1.15.0/STM32CubeIDE/plugins/com.st.stm32cube.ide.mcu.externaltools.gnu-tools-for-stm32.12.3.rel1.win32_1.0.100.202403111256/tools/bin/../lib/gcc/arm-none-eabi/12.3.1/thumb/v6-m/nofp/crtn.o
                0x080041e8                        . = ALIGN (0x4)
                0x080041e8                        _etext = .

.vfp11_veneer   0x080041e8        0x0
 .vfp11_veneer  0x080041e8        0x0 linker stubs

.v4_bx          0x080041e8        0x0
 .v4_bx         0x080041e8        0x0 linker stubs

.iplt           0x080041e8        0x0
 .iplt          0x080041e8        0x0 C:/ST/STM32CubeIDE_1.15.0/STM32CubeIDE/plugins/com.st.stm32cube.ide.mcu.externaltools.gnu-tools-for-stm32.12.3.rel1.win32_1.0.100.202403111256/tools/bin/../lib/gcc/arm-none-eabi/12.3.1/thumb/v6-m/nofp/crtbegin.o

.rodata         0x080041e8       0xa0
                0x080041e8                        . = ALIGN (0x4)
 *(.rodata)
 .rodata        0x080041e8       0x60 ./Core/Src/Custom/doorCam_manager.o
 .rodata        0x08004248        0x5 ./Middlewares/Third_Party/FreeRTOS/Source/tasks.o
 *(.rodata*)
 *fill*         0x0800424d        0x3 
 .rodata.AHBPrescTable
                0x08004250       0x10 ./Core/Src/Machine-made/system_stm32f0xx.o
                0x08004250                AHBPrescTable
 .rodata.APBPrescTable
                0x08004260        0x8 ./Core/Src/Machine-made/system_stm32f0xx.o
                0x08004260                APBPrescTable
 .rodata.aPLLMULFactorTable.1
                0x08004268       0x10 ./Drivers/STM32F0xx_HAL_Driver/Src/stm32f0xx_hal_rcc.o
 .rodata.aPredivFactorTable.0
                0x08004278       0x10 ./Drivers/STM32F0xx_HAL_Driver/Src/stm32f0xx_hal_rcc.o
                0x08004288                        . = ALIGN (0x4)

.ARM.extab      0x08004288        0x0
                0x08004288                        . = ALIGN (0x4)
 *(.ARM.extab* .gnu.linkonce.armextab.*)
                0x08004288                        . = ALIGN (0x4)

.ARM            0x08004288        0x0
                0x08004288                        . = ALIGN (0x4)
                0x08004288                        __exidx_start = .
 *(.ARM.exidx*)
                0x08004288                        __exidx_end = .
                0x08004288                        . = ALIGN (0x4)

.preinit_array  0x08004288        0x0
                0x08004288                        . = ALIGN (0x4)
                0x08004288                        PROVIDE (__preinit_array_start = .)
 *(.preinit_array*)
                0x08004288                        PROVIDE (__preinit_array_end = .)
                0x08004288                        . = ALIGN (0x4)

.init_array     0x08004288        0x4
                0x08004288                        . = ALIGN (0x4)
                0x08004288                        PROVIDE (__init_array_start = .)
 *(SORT_BY_NAME(.init_array.*))
 *(.init_array*)
 .init_array    0x08004288        0x4 C:/ST/STM32CubeIDE_1.15.0/STM32CubeIDE/plugins/com.st.stm32cube.ide.mcu.externaltools.gnu-tools-for-stm32.12.3.rel1.win32_1.0.100.202403111256/tools/bin/../lib/gcc/arm-none-eabi/12.3.1/thumb/v6-m/nofp/crtbegin.o
                0x0800428c                        PROVIDE (__init_array_end = .)
                0x0800428c                        . = ALIGN (0x4)

.fini_array     0x0800428c        0x4
                0x0800428c                        . = ALIGN (0x4)
                [!provide]                        PROVIDE (__fini_array_start = .)
 *(SORT_BY_NAME(.fini_array.*))
 *(.fini_array*)
 .fini_array    0x0800428c        0x4 C:/ST/STM32CubeIDE_1.15.0/STM32CubeIDE/plugins/com.st.stm32cube.ide.mcu.externaltools.gnu-tools-for-stm32.12.3.rel1.win32_1.0.100.202403111256/tools/bin/../lib/gcc/arm-none-eabi/12.3.1/thumb/v6-m/nofp/crtbegin.o
                [!provide]                        PROVIDE (__fini_array_end = .)
                0x08004290                        . = ALIGN (0x4)
                0x08004290                        _sidata = LOADADDR (.data)

.rel.dyn        0x08004290        0x0
 .rel.iplt      0x08004290        0x0 C:/ST/STM32CubeIDE_1.15.0/STM32CubeIDE/plugins/com.st.stm32cube.ide.mcu.externaltools.gnu-tools-for-stm32.12.3.rel1.win32_1.0.100.202403111256/tools/bin/../lib/gcc/arm-none-eabi/12.3.1/thumb/v6-m/nofp/crtbegin.o

.data           0x20000000       0x10 load address 0x08004290
                0x20000000                        . = ALIGN (0x4)
                0x20000000                        _sdata = .
 *(.data)
 *(.data*)
 .data.SystemCoreClock
                0x20000000        0x4 ./Core/Src/Machine-made/system_stm32f0xx.o
                0x20000000                SystemCoreClock
 .data.uwTickPrio
                0x20000004        0x4 ./Drivers/STM32F0xx_HAL_Driver/Src/stm32f0xx_hal.o
                0x20000004                uwTickPrio
 .data.uwTickFreq
                0x20000008        0x1 ./Drivers/STM32F0xx_HAL_Driver/Src/stm32f0xx_hal.o
                0x20000008                uwTickFreq
 *fill*         0x20000009        0x3 
 .data.uxCriticalNesting
                0x2000000c        0x4 ./Middlewares/Third_Party/FreeRTOS/Source/portable/GCC/ARM_CM0/port.o
 *(.RamFunc)
 *(.RamFunc*)
                0x20000010                        . = ALIGN (0x4)
                0x20000010                        _edata = .

.igot.plt       0x20000010        0x0 load address 0x080042a0
 .igot.plt      0x20000010        0x0 C:/ST/STM32CubeIDE_1.15.0/STM32CubeIDE/plugins/com.st.stm32cube.ide.mcu.externaltools.gnu-tools-for-stm32.12.3.rel1.win32_1.0.100.202403111256/tools/bin/../lib/gcc/arm-none-eabi/12.3.1/thumb/v6-m/nofp/crtbegin.o
                0x20000010                        . = ALIGN (0x4)

.bss            0x20000010     0x106c load address 0x080042a0
                0x20000010                        _sbss = .
                0x20000010                        __bss_start__ = _sbss
 *(.bss)
 .bss           0x20000010       0x1c C:/ST/STM32CubeIDE_1.15.0/STM32CubeIDE/plugins/com.st.stm32cube.ide.mcu.externaltools.gnu-tools-for-stm32.12.3.rel1.win32_1.0.100.202403111256/tools/bin/../lib/gcc/arm-none-eabi/12.3.1/thumb/v6-m/nofp/crtbegin.o
 *(.bss*)
 .bss.hspi1     0x2000002c       0x64 ./Core/Src/Custom/SPIHandler.o
                0x2000002c                hspi1
 .bss.vProxTrigQueue
                0x20000090        0x4 ./Core/Src/Custom/doorCam_manager.o
                0x20000090                vProxTrigQueue
 .bss.defaultTaskHandle
                0x20000094        0x4 ./Core/Src/Custom/doorCam_manager.o
                0x20000094                defaultTaskHandle
 .bss.xIdleTaskTCBBuffer
                0x20000098       0x54 ./Core/Src/Machine-made/freertos.o
 .bss.xIdleStack
                0x200000ec      0x200 ./Core/Src/Machine-made/freertos.o
 .bss.htim1     0x200002ec       0x48 ./Core/Src/Machine-made/stm32f0xx_hal_timebase_tim.o
                0x200002ec                htim1
 .bss.uwTick    0x20000334        0x4 ./Drivers/STM32F0xx_HAL_Driver/Src/stm32f0xx_hal.o
                0x20000334                uwTick
 .bss.pxCurrentTCB
                0x20000338        0x4 ./Middlewares/Third_Party/FreeRTOS/Source/tasks.o
                0x20000338                pxCurrentTCB
 .bss.pxReadyTasksLists
                0x2000033c       0x8c ./Middlewares/Third_Party/FreeRTOS/Source/tasks.o
 .bss.xDelayedTaskList1
                0x200003c8       0x14 ./Middlewares/Third_Party/FreeRTOS/Source/tasks.o
 .bss.xDelayedTaskList2
                0x200003dc       0x14 ./Middlewares/Third_Party/FreeRTOS/Source/tasks.o
 .bss.pxDelayedTaskList
                0x200003f0        0x4 ./Middlewares/Third_Party/FreeRTOS/Source/tasks.o
 .bss.pxOverflowDelayedTaskList
                0x200003f4        0x4 ./Middlewares/Third_Party/FreeRTOS/Source/tasks.o
 .bss.xPendingReadyList
                0x200003f8       0x14 ./Middlewares/Third_Party/FreeRTOS/Source/tasks.o
 .bss.xTasksWaitingTermination
                0x2000040c       0x14 ./Middlewares/Third_Party/FreeRTOS/Source/tasks.o
 .bss.uxDeletedTasksWaitingCleanUp
                0x20000420        0x4 ./Middlewares/Third_Party/FreeRTOS/Source/tasks.o
 .bss.xSuspendedTaskList
                0x20000424       0x14 ./Middlewares/Third_Party/FreeRTOS/Source/tasks.o
 .bss.uxCurrentNumberOfTasks
                0x20000438        0x4 ./Middlewares/Third_Party/FreeRTOS/Source/tasks.o
 .bss.xTickCount
                0x2000043c        0x4 ./Middlewares/Third_Party/FreeRTOS/Source/tasks.o
 .bss.uxTopReadyPriority
                0x20000440        0x4 ./Middlewares/Third_Party/FreeRTOS/Source/tasks.o
 .bss.xSchedulerRunning
                0x20000444        0x4 ./Middlewares/Third_Party/FreeRTOS/Source/tasks.o
 .bss.uxPendedTicks
                0x20000448        0x4 ./Middlewares/Third_Party/FreeRTOS/Source/tasks.o
 .bss.xYieldPending
                0x2000044c        0x4 ./Middlewares/Third_Party/FreeRTOS/Source/tasks.o
 .bss.xNumOfOverflows
                0x20000450        0x4 ./Middlewares/Third_Party/FreeRTOS/Source/tasks.o
 .bss.uxTaskNumber
                0x20000454        0x4 ./Middlewares/Third_Party/FreeRTOS/Source/tasks.o
 .bss.xNextTaskUnblockTime
                0x20000458        0x4 ./Middlewares/Third_Party/FreeRTOS/Source/tasks.o
 .bss.xIdleTaskHandle
                0x2000045c        0x4 ./Middlewares/Third_Party/FreeRTOS/Source/tasks.o
 .bss.uxSchedulerSuspended
                0x20000460        0x4 ./Middlewares/Third_Party/FreeRTOS/Source/tasks.o
 .bss.ucHeap    0x20000464      0xc00 ./Middlewares/Third_Party/FreeRTOS/Source/portable/MemMang/heap_4.o
 .bss.xStart    0x20001064        0x8 ./Middlewares/Third_Party/FreeRTOS/Source/portable/MemMang/heap_4.o
 .bss.pxEnd     0x2000106c        0x4 ./Middlewares/Third_Party/FreeRTOS/Source/portable/MemMang/heap_4.o
 .bss.xFreeBytesRemaining
                0x20001070        0x4 ./Middlewares/Third_Party/FreeRTOS/Source/portable/MemMang/heap_4.o
 .bss.xMinimumEverFreeBytesRemaining
                0x20001074        0x4 ./Middlewares/Third_Party/FreeRTOS/Source/portable/MemMang/heap_4.o
 .bss.xBlockAllocatedBit
                0x20001078        0x4 ./Middlewares/Third_Party/FreeRTOS/Source/portable/MemMang/heap_4.o
 *(COMMON)
                0x2000107c                        . = ALIGN (0x4)
                0x2000107c                        _ebss = .
                0x2000107c                        __bss_end__ = _ebss

._user_heap_stack
                0x2000107c      0x604 load address 0x080042a0
                0x20001080                        . = ALIGN (0x8)
 *fill*         0x2000107c        0x4 
                [!provide]                        PROVIDE (end = .)
                0x20001080                        PROVIDE (_end = .)
                0x20001280                        . = (. + _Min_Heap_Size)
 *fill*         0x20001080      0x200 
                0x20001680                        . = (. + _Min_Stack_Size)
 *fill*         0x20001280      0x400 
                0x20001680                        . = ALIGN (0x8)

/DISCARD/
 libc.a(*)
 libm.a(*)
 libgcc.a(*)

.ARM.attributes
                0x00000000       0x28
 *(.ARM.attributes)
 .ARM.attributes
                0x00000000       0x1e C:/ST/STM32CubeIDE_1.15.0/STM32CubeIDE/plugins/com.st.stm32cube.ide.mcu.externaltools.gnu-tools-for-stm32.12.3.rel1.win32_1.0.100.202403111256/tools/bin/../lib/gcc/arm-none-eabi/12.3.1/thumb/v6-m/nofp/crti.o
 .ARM.attributes
                0x0000001e       0x2c C:/ST/STM32CubeIDE_1.15.0/STM32CubeIDE/plugins/com.st.stm32cube.ide.mcu.externaltools.gnu-tools-for-stm32.12.3.rel1.win32_1.0.100.202403111256/tools/bin/../lib/gcc/arm-none-eabi/12.3.1/thumb/v6-m/nofp/crtbegin.o
 .ARM.attributes
                0x0000004a       0x2c ./Core/Src/Custom/GPIOHandler.o
 .ARM.attributes
                0x00000076       0x2c ./Core/Src/Custom/SPIHandler.o
 .ARM.attributes
                0x000000a2       0x2c ./Core/Src/Custom/SystemClockConfig.o
 .ARM.attributes
                0x000000ce       0x2c ./Core/Src/Custom/doorCam_manager.o
 .ARM.attributes
                0x000000fa       0x2c ./Core/Src/Machine-made/freertos.o
 .ARM.attributes
                0x00000126       0x2c ./Core/Src/Machine-made/main.o
 .ARM.attributes
                0x00000152       0x2c ./Core/Src/Machine-made/stm32f0xx_hal_msp.o
 .ARM.attributes
                0x0000017e       0x2c ./Core/Src/Machine-made/stm32f0xx_hal_timebase_tim.o
 .ARM.attributes
                0x000001aa       0x2c ./Core/Src/Machine-made/stm32f0xx_it.o
 .ARM.attributes
                0x000001d6       0x2c ./Core/Src/Machine-made/system_stm32f0xx.o
 .ARM.attributes
                0x00000202       0x21 ./Core/Startup/startup_stm32f051r8tx.o
 .ARM.attributes
                0x00000223       0x2c ./Drivers/STM32F0xx_HAL_Driver/Src/stm32f0xx_hal.o
 .ARM.attributes
                0x0000024f       0x2c ./Drivers/STM32F0xx_HAL_Driver/Src/stm32f0xx_hal_cortex.o
 .ARM.attributes
                0x0000027b       0x2c ./Drivers/STM32F0xx_HAL_Driver/Src/stm32f0xx_hal_dma.o
 .ARM.attributes
                0x000002a7       0x2c ./Drivers/STM32F0xx_HAL_Driver/Src/stm32f0xx_hal_gpio.o
 .ARM.attributes
                0x000002d3       0x2c ./Drivers/STM32F0xx_HAL_Driver/Src/stm32f0xx_hal_rcc.o
 .ARM.attributes
                0x000002ff       0x2c ./Drivers/STM32F0xx_HAL_Driver/Src/stm32f0xx_hal_spi.o
 .ARM.attributes
                0x0000032b       0x2c ./Drivers/STM32F0xx_HAL_Driver/Src/stm32f0xx_hal_tim.o
 .ARM.attributes
                0x00000357       0x2c ./Drivers/STM32F0xx_HAL_Driver/Src/stm32f0xx_hal_tim_ex.o
 .ARM.attributes
                0x00000383       0x2c ./Middlewares/Third_Party/FreeRTOS/Source/CMSIS_RTOS/cmsis_os.o
 .ARM.attributes
                0x000003af       0x2c ./Middlewares/Third_Party/FreeRTOS/Source/list.o
 .ARM.attributes
                0x000003db       0x2c ./Middlewares/Third_Party/FreeRTOS/Source/queue.o
 .ARM.attributes
                0x00000407       0x2c ./Middlewares/Third_Party/FreeRTOS/Source/tasks.o
 .ARM.attributes
                0x00000433       0x2c ./Middlewares/Third_Party/FreeRTOS/Source/portable/GCC/ARM_CM0/port.o
 .ARM.attributes
                0x0000045f       0x2c ./Middlewares/Third_Party/FreeRTOS/Source/portable/MemMang/heap_4.o
 .ARM.attributes
                0x0000048b       0x2c C:/ST/STM32CubeIDE_1.15.0/STM32CubeIDE/plugins/com.st.stm32cube.ide.mcu.externaltools.gnu-tools-for-stm32.12.3.rel1.win32_1.0.100.202403111256/tools/bin/../lib/gcc/arm-none-eabi/12.3.1/../../../../arm-none-eabi/lib/thumb/v6-m/nofp\libc_nano.a(libc_a-memset.o)
 .ARM.attributes
                0x000004b7       0x2c C:/ST/STM32CubeIDE_1.15.0/STM32CubeIDE/plugins/com.st.stm32cube.ide.mcu.externaltools.gnu-tools-for-stm32.12.3.rel1.win32_1.0.100.202403111256/tools/bin/../lib/gcc/arm-none-eabi/12.3.1/../../../../arm-none-eabi/lib/thumb/v6-m/nofp\libc_nano.a(libc_a-init.o)
 .ARM.attributes
                0x000004e3       0x2c C:/ST/STM32CubeIDE_1.15.0/STM32CubeIDE/plugins/com.st.stm32cube.ide.mcu.externaltools.gnu-tools-for-stm32.12.3.rel1.win32_1.0.100.202403111256/tools/bin/../lib/gcc/arm-none-eabi/12.3.1/../../../../arm-none-eabi/lib/thumb/v6-m/nofp\libc_nano.a(libc_a-memcpy-stub.o)
 .ARM.attributes
                0x0000050f       0x1e C:/ST/STM32CubeIDE_1.15.0/STM32CubeIDE/plugins/com.st.stm32cube.ide.mcu.externaltools.gnu-tools-for-stm32.12.3.rel1.win32_1.0.100.202403111256/tools/bin/../lib/gcc/arm-none-eabi/12.3.1/thumb/v6-m/nofp\libgcc.a(_udivsi3.o)
 .ARM.attributes
                0x0000052d       0x1e C:/ST/STM32CubeIDE_1.15.0/STM32CubeIDE/plugins/com.st.stm32cube.ide.mcu.externaltools.gnu-tools-for-stm32.12.3.rel1.win32_1.0.100.202403111256/tools/bin/../lib/gcc/arm-none-eabi/12.3.1/thumb/v6-m/nofp\libgcc.a(_dvmd_tls.o)
 .ARM.attributes
                0x0000054b       0x1e C:/ST/STM32CubeIDE_1.15.0/STM32CubeIDE/plugins/com.st.stm32cube.ide.mcu.externaltools.gnu-tools-for-stm32.12.3.rel1.win32_1.0.100.202403111256/tools/bin/../lib/gcc/arm-none-eabi/12.3.1/thumb/v6-m/nofp/crtn.o
OUTPUT(doorCam.elf elf32-littlearm)
LOAD linker stubs
LOAD C:/ST/STM32CubeIDE_1.15.0/STM32CubeIDE/plugins/com.st.stm32cube.ide.mcu.externaltools.gnu-tools-for-stm32.12.3.rel1.win32_1.0.100.202403111256/tools/bin/../lib/gcc/arm-none-eabi/12.3.1/../../../../arm-none-eabi/lib/thumb/v6-m/nofp\libc.a
LOAD C:/ST/STM32CubeIDE_1.15.0/STM32CubeIDE/plugins/com.st.stm32cube.ide.mcu.externaltools.gnu-tools-for-stm32.12.3.rel1.win32_1.0.100.202403111256/tools/bin/../lib/gcc/arm-none-eabi/12.3.1/../../../../arm-none-eabi/lib/thumb/v6-m/nofp\libm.a
LOAD C:/ST/STM32CubeIDE_1.15.0/STM32CubeIDE/plugins/com.st.stm32cube.ide.mcu.externaltools.gnu-tools-for-stm32.12.3.rel1.win32_1.0.100.202403111256/tools/bin/../lib/gcc/arm-none-eabi/12.3.1/thumb/v6-m/nofp\libgcc.a

.debug_info     0x00000000     0xfb67
 .debug_info    0x00000000      0x3e6 ./Core/Src/Custom/GPIOHandler.o
 .debug_info    0x000003e6      0x676 ./Core/Src/Custom/SPIHandler.o
 .debug_info    0x00000a5c      0x22e ./Core/Src/Custom/SystemClockConfig.o
 .debug_info    0x00000c8a      0x647 ./Core/Src/Custom/doorCam_manager.o
 .debug_info    0x000012d1      0x279 ./Core/Src/Machine-made/freertos.o
 .debug_info    0x0000154a      0x685 ./Core/Src/Machine-made/main.o
 .debug_info    0x00001bcf      0x971 ./Core/Src/Machine-made/stm32f0xx_hal_msp.o
 .debug_info    0x00002540      0x94f ./Core/Src/Machine-made/stm32f0xx_hal_timebase_tim.o
 .debug_info    0x00002e8f      0x91b ./Core/Src/Machine-made/stm32f0xx_it.o
 .debug_info    0x000037aa      0x242 ./Core/Src/Machine-made/system_stm32f0xx.o
 .debug_info    0x000039ec       0x30 ./Core/Startup/startup_stm32f051r8tx.o
 .debug_info    0x00003a1c      0x6a9 ./Drivers/STM32F0xx_HAL_Driver/Src/stm32f0xx_hal.o
 .debug_info    0x000040c5      0x6b3 ./Drivers/STM32F0xx_HAL_Driver/Src/stm32f0xx_hal_cortex.o
 .debug_info    0x00004778      0x700 ./Drivers/STM32F0xx_HAL_Driver/Src/stm32f0xx_hal_dma.o
 .debug_info    0x00004e78      0x5b4 ./Drivers/STM32F0xx_HAL_Driver/Src/stm32f0xx_hal_gpio.o
 .debug_info    0x0000542c      0x833 ./Drivers/STM32F0xx_HAL_Driver/Src/stm32f0xx_hal_rcc.o
 .debug_info    0x00005c5f     0x1624 ./Drivers/STM32F0xx_HAL_Driver/Src/stm32f0xx_hal_spi.o
 .debug_info    0x00007283     0x2946 ./Drivers/STM32F0xx_HAL_Driver/Src/stm32f0xx_hal_tim.o
 .debug_info    0x00009bc9     0x1488 ./Drivers/STM32F0xx_HAL_Driver/Src/stm32f0xx_hal_tim_ex.o
 .debug_info    0x0000b051     0x1adc ./Middlewares/Third_Party/FreeRTOS/Source/CMSIS_RTOS/cmsis_os.o
 .debug_info    0x0000cb2d      0x2aa ./Middlewares/Third_Party/FreeRTOS/Source/list.o
 .debug_info    0x0000cdd7     0x11bc ./Middlewares/Third_Party/FreeRTOS/Source/queue.o
 .debug_info    0x0000df93     0x1642 ./Middlewares/Third_Party/FreeRTOS/Source/tasks.o
 .debug_info    0x0000f5d5      0x289 ./Middlewares/Third_Party/FreeRTOS/Source/portable/GCC/ARM_CM0/port.o
 .debug_info    0x0000f85e      0x309 ./Middlewares/Third_Party/FreeRTOS/Source/portable/MemMang/heap_4.o

.debug_abbrev   0x00000000     0x301e
 .debug_abbrev  0x00000000      0x1a1 ./Core/Src/Custom/GPIOHandler.o
 .debug_abbrev  0x000001a1      0x1b4 ./Core/Src/Custom/SPIHandler.o
 .debug_abbrev  0x00000355      0x117 ./Core/Src/Custom/SystemClockConfig.o
 .debug_abbrev  0x0000046c      0x1b4 ./Core/Src/Custom/doorCam_manager.o
 .debug_abbrev  0x00000620       0xd2 ./Core/Src/Machine-made/freertos.o
 .debug_abbrev  0x000006f2      0x1f6 ./Core/Src/Machine-made/main.o
 .debug_abbrev  0x000008e8      0x1c4 ./Core/Src/Machine-made/stm32f0xx_hal_msp.o
 .debug_abbrev  0x00000aac      0x21f ./Core/Src/Machine-made/stm32f0xx_hal_timebase_tim.o
 .debug_abbrev  0x00000ccb      0x194 ./Core/Src/Machine-made/stm32f0xx_it.o
 .debug_abbrev  0x00000e5f      0x11c ./Core/Src/Machine-made/system_stm32f0xx.o
 .debug_abbrev  0x00000f7b       0x24 ./Core/Startup/startup_stm32f051r8tx.o
 .debug_abbrev  0x00000f9f      0x247 ./Drivers/STM32F0xx_HAL_Driver/Src/stm32f0xx_hal.o
 .debug_abbrev  0x000011e6      0x28c ./Drivers/STM32F0xx_HAL_Driver/Src/stm32f0xx_hal_cortex.o
 .debug_abbrev  0x00001472      0x1ef ./Drivers/STM32F0xx_HAL_Driver/Src/stm32f0xx_hal_dma.o
 .debug_abbrev  0x00001661      0x1ca ./Drivers/STM32F0xx_HAL_Driver/Src/stm32f0xx_hal_gpio.o
 .debug_abbrev  0x0000182b      0x28c ./Drivers/STM32F0xx_HAL_Driver/Src/stm32f0xx_hal_rcc.o
 .debug_abbrev  0x00001ab7      0x265 ./Drivers/STM32F0xx_HAL_Driver/Src/stm32f0xx_hal_spi.o
 .debug_abbrev  0x00001d1c      0x28c ./Drivers/STM32F0xx_HAL_Driver/Src/stm32f0xx_hal_tim.o
 .debug_abbrev  0x00001fa8      0x297 ./Drivers/STM32F0xx_HAL_Driver/Src/stm32f0xx_hal_tim_ex.o
 .debug_abbrev  0x0000223f      0x334 ./Middlewares/Third_Party/FreeRTOS/Source/CMSIS_RTOS/cmsis_os.o
 .debug_abbrev  0x00002573       0xf5 ./Middlewares/Third_Party/FreeRTOS/Source/list.o
 .debug_abbrev  0x00002668      0x340 ./Middlewares/Third_Party/FreeRTOS/Source/queue.o
 .debug_abbrev  0x000029a8      0x2eb ./Middlewares/Third_Party/FreeRTOS/Source/tasks.o
 .debug_abbrev  0x00002c93      0x1ea ./Middlewares/Third_Party/FreeRTOS/Source/portable/GCC/ARM_CM0/port.o
 .debug_abbrev  0x00002e7d      0x1a1 ./Middlewares/Third_Party/FreeRTOS/Source/portable/MemMang/heap_4.o

.debug_aranges  0x00000000     0x11d0
 .debug_aranges
                0x00000000       0x70 ./Core/Src/Custom/GPIOHandler.o
 .debug_aranges
                0x00000070       0x28 ./Core/Src/Custom/SPIHandler.o
 .debug_aranges
                0x00000098       0x20 ./Core/Src/Custom/SystemClockConfig.o
 .debug_aranges
                0x000000b8       0x40 ./Core/Src/Custom/doorCam_manager.o
 .debug_aranges
                0x000000f8       0x20 ./Core/Src/Machine-made/freertos.o
 .debug_aranges
                0x00000118       0x30 ./Core/Src/Machine-made/main.o
 .debug_aranges
                0x00000148       0x30 ./Core/Src/Machine-made/stm32f0xx_hal_msp.o
 .debug_aranges
                0x00000178       0x30 ./Core/Src/Machine-made/stm32f0xx_hal_timebase_tim.o
 .debug_aranges
                0x000001a8       0x38 ./Core/Src/Machine-made/stm32f0xx_it.o
 .debug_aranges
                0x000001e0       0x28 ./Core/Src/Machine-made/system_stm32f0xx.o
 .debug_aranges
                0x00000208       0x28 ./Core/Startup/startup_stm32f051r8tx.o
 .debug_aranges
                0x00000230       0xd0 ./Drivers/STM32F0xx_HAL_Driver/Src/stm32f0xx_hal.o
 .debug_aranges
                0x00000300       0xc0 ./Drivers/STM32F0xx_HAL_Driver/Src/stm32f0xx_hal_cortex.o
 .debug_aranges
                0x000003c0       0x88 ./Drivers/STM32F0xx_HAL_Driver/Src/stm32f0xx_hal_dma.o
 .debug_aranges
                0x00000448       0x58 ./Drivers/STM32F0xx_HAL_Driver/Src/stm32f0xx_hal_gpio.o
 .debug_aranges
                0x000004a0       0x80 ./Drivers/STM32F0xx_HAL_Driver/Src/stm32f0xx_hal_rcc.o
 .debug_aranges
                0x00000520      0x1d8 ./Drivers/STM32F0xx_HAL_Driver/Src/stm32f0xx_hal_spi.o
 .debug_aranges
                0x000006f8      0x3d0 ./Drivers/STM32F0xx_HAL_Driver/Src/stm32f0xx_hal_tim.o
 .debug_aranges
                0x00000ac8      0x168 ./Drivers/STM32F0xx_HAL_Driver/Src/stm32f0xx_hal_tim_ex.o
 .debug_aranges
                0x00000c30      0x1d8 ./Middlewares/Third_Party/FreeRTOS/Source/CMSIS_RTOS/cmsis_os.o
 .debug_aranges
                0x00000e08       0x40 ./Middlewares/Third_Party/FreeRTOS/Source/list.o
 .debug_aranges
                0x00000e48      0x108 ./Middlewares/Third_Party/FreeRTOS/Source/queue.o
 .debug_aranges
                0x00000f50      0x1a8 ./Middlewares/Third_Party/FreeRTOS/Source/tasks.o
 .debug_aranges
                0x000010f8       0x88 ./Middlewares/Third_Party/FreeRTOS/Source/portable/GCC/ARM_CM0/port.o
 .debug_aranges
                0x00001180       0x50 ./Middlewares/Third_Party/FreeRTOS/Source/portable/MemMang/heap_4.o

.debug_rnglists
                0x00000000      0xdaa
 .debug_rnglists
                0x00000000       0x50 ./Core/Src/Custom/GPIOHandler.o
 .debug_rnglists
                0x00000050       0x19 ./Core/Src/Custom/SPIHandler.o
 .debug_rnglists
                0x00000069       0x14 ./Core/Src/Custom/SystemClockConfig.o
 .debug_rnglists
                0x0000007d       0x2c ./Core/Src/Custom/doorCam_manager.o
 .debug_rnglists
                0x000000a9       0x13 ./Core/Src/Machine-made/freertos.o
 .debug_rnglists
                0x000000bc       0x1f ./Core/Src/Machine-made/main.o
 .debug_rnglists
                0x000000db       0x20 ./Core/Src/Machine-made/stm32f0xx_hal_msp.o
 .debug_rnglists
                0x000000fb       0x20 ./Core/Src/Machine-made/stm32f0xx_hal_timebase_tim.o
 .debug_rnglists
                0x0000011b       0x25 ./Core/Src/Machine-made/stm32f0xx_it.o
 .debug_rnglists
                0x00000140       0x1a ./Core/Src/Machine-made/system_stm32f0xx.o
 .debug_rnglists
                0x0000015a       0x19 ./Core/Startup/startup_stm32f051r8tx.o
 .debug_rnglists
                0x00000173       0x97 ./Drivers/STM32F0xx_HAL_Driver/Src/stm32f0xx_hal.o
 .debug_rnglists
                0x0000020a       0x8c ./Drivers/STM32F0xx_HAL_Driver/Src/stm32f0xx_hal_cortex.o
 .debug_rnglists
                0x00000296       0x6a ./Drivers/STM32F0xx_HAL_Driver/Src/stm32f0xx_hal_dma.o
 .debug_rnglists
                0x00000300       0x3f ./Drivers/STM32F0xx_HAL_Driver/Src/stm32f0xx_hal_gpio.o
 .debug_rnglists
                0x0000033f       0x60 ./Drivers/STM32F0xx_HAL_Driver/Src/stm32f0xx_hal_rcc.o
 .debug_rnglists
                0x0000039f      0x17a ./Drivers/STM32F0xx_HAL_Driver/Src/stm32f0xx_hal_spi.o
 .debug_rnglists
                0x00000519      0x31c ./Drivers/STM32F0xx_HAL_Driver/Src/stm32f0xx_hal_tim.o
 .debug_rnglists
                0x00000835      0x126 ./Drivers/STM32F0xx_HAL_Driver/Src/stm32f0xx_hal_tim_ex.o
 .debug_rnglists
                0x0000095b      0x168 ./Middlewares/Third_Party/FreeRTOS/Source/CMSIS_RTOS/cmsis_os.o
 .debug_rnglists
                0x00000ac3       0x2b ./Middlewares/Third_Party/FreeRTOS/Source/list.o
 .debug_rnglists
                0x00000aee       0xcd ./Middlewares/Third_Party/FreeRTOS/Source/queue.o
 .debug_rnglists
                0x00000bbb      0x153 ./Middlewares/Third_Party/FreeRTOS/Source/tasks.o
 .debug_rnglists
                0x00000d0e       0x61 ./Middlewares/Third_Party/FreeRTOS/Source/portable/GCC/ARM_CM0/port.o
 .debug_rnglists
                0x00000d6f       0x3b ./Middlewares/Third_Party/FreeRTOS/Source/portable/MemMang/heap_4.o

.debug_macro    0x00000000    0x13962
 .debug_macro   0x00000000      0x1db ./Core/Src/Custom/GPIOHandler.o
 .debug_macro   0x000001db      0xa8a ./Core/Src/Custom/GPIOHandler.o
 .debug_macro   0x00000c65       0x22 ./Core/Src/Custom/GPIOHandler.o
 .debug_macro   0x00000c87      0x133 ./Core/Src/Custom/GPIOHandler.o
 .debug_macro   0x00000dba       0x2e ./Core/Src/Custom/GPIOHandler.o
 .debug_macro   0x00000de8       0x22 ./Core/Src/Custom/GPIOHandler.o
 .debug_macro   0x00000e0a       0x22 ./Core/Src/Custom/GPIOHandler.o
 .debug_macro   0x00000e2c       0x8e ./Core/Src/Custom/GPIOHandler.o
 .debug_macro   0x00000eba       0x51 ./Core/Src/Custom/GPIOHandler.o
 .debug_macro   0x00000f0b      0x103 ./Core/Src/Custom/GPIOHandler.o
 .debug_macro   0x0000100e       0x6a ./Core/Src/Custom/GPIOHandler.o
 .debug_macro   0x00001078      0x1df ./Core/Src/Custom/GPIOHandler.o
 .debug_macro   0x00001257       0x1c ./Core/Src/Custom/GPIOHandler.o
 .debug_macro   0x00001273       0x22 ./Core/Src/Custom/GPIOHandler.o
 .debug_macro   0x00001295       0xaf ./Core/Src/Custom/GPIOHandler.o
 .debug_macro   0x00001344      0x391 ./Core/Src/Custom/GPIOHandler.o
 .debug_macro   0x000016d5     0x8d00 ./Core/Src/Custom/GPIOHandler.o
 .debug_macro   0x0000a3d5       0x66 ./Core/Src/Custom/GPIOHandler.o
 .debug_macro   0x0000a43b     0x34da ./Core/Src/Custom/GPIOHandler.o
 .debug_macro   0x0000d915      0x189 ./Core/Src/Custom/GPIOHandler.o
 .debug_macro   0x0000da9e       0x55 ./Core/Src/Custom/GPIOHandler.o
 .debug_macro   0x0000daf3      0x924 ./Core/Src/Custom/GPIOHandler.o
 .debug_macro   0x0000e417      0x251 ./Core/Src/Custom/GPIOHandler.o
 .debug_macro   0x0000e668      0x1ae ./Core/Src/Custom/GPIOHandler.o
 .debug_macro   0x0000e816      0x114 ./Core/Src/Custom/GPIOHandler.o
 .debug_macro   0x0000e92a      0x1a0 ./Core/Src/Custom/GPIOHandler.o
 .debug_macro   0x0000eaca      0x1ed ./Core/Src/Custom/GPIOHandler.o
 .debug_macro   0x0000ecb7       0x34 ./Core/Src/Custom/GPIOHandler.o
 .debug_macro   0x0000eceb       0x43 ./Core/Src/Custom/GPIOHandler.o
 .debug_macro   0x0000ed2e       0x28 ./Core/Src/Custom/GPIOHandler.o
 .debug_macro   0x0000ed56       0xb0 ./Core/Src/Custom/GPIOHandler.o
 .debug_macro   0x0000ee06      0x199 ./Core/Src/Custom/GPIOHandler.o
 .debug_macro   0x0000ef9f      0x22c ./Core/Src/Custom/GPIOHandler.o
 .debug_macro   0x0000f1cb       0x61 ./Core/Src/Custom/GPIOHandler.o
 .debug_macro   0x0000f22c       0xa5 ./Core/Src/Custom/GPIOHandler.o
 .debug_macro   0x0000f2d1       0x4c ./Core/Src/Custom/GPIOHandler.o
 .debug_macro   0x0000f31d      0x112 ./Core/Src/Custom/GPIOHandler.o
 .debug_macro   0x0000f42f      0x2fe ./Core/Src/Custom/GPIOHandler.o
 .debug_macro   0x0000f72d      0x8f4 ./Core/Src/Custom/GPIOHandler.o
 .debug_macro   0x00010021       0x28 ./Core/Src/Custom/GPIOHandler.o
 .debug_macro   0x00010049      0x114 ./Core/Src/Custom/GPIOHandler.o
 .debug_macro   0x0001015d       0x40 ./Core/Src/Custom/GPIOHandler.o
 .debug_macro   0x0001019d      0x1d5 ./Core/Src/Custom/SPIHandler.o
 .debug_macro   0x00010372       0x16 ./Core/Src/Custom/SPIHandler.o
 .debug_macro   0x00010388      0x1cd ./Core/Src/Custom/SystemClockConfig.o
 .debug_macro   0x00010555      0x2b3 ./Core/Src/Custom/doorCam_manager.o
 .debug_macro   0x00010808       0x28 ./Core/Src/Custom/doorCam_manager.o
 .debug_macro   0x00010830       0x10 ./Core/Src/Custom/doorCam_manager.o
 .debug_macro   0x00010840       0xb2 ./Core/Src/Custom/doorCam_manager.o
 .debug_macro   0x000108f2      0x15a ./Core/Src/Custom/doorCam_manager.o
 .debug_macro   0x00010a4c       0xac ./Core/Src/Custom/doorCam_manager.o
 .debug_macro   0x00010af8       0x10 ./Core/Src/Custom/doorCam_manager.o
 .debug_macro   0x00010b08       0x1f ./Core/Src/Custom/doorCam_manager.o
 .debug_macro   0x00010b27      0x4c5 ./Core/Src/Custom/doorCam_manager.o
 .debug_macro   0x00010fec       0xb5 ./Core/Src/Custom/doorCam_manager.o
 .debug_macro   0x000110a1       0x8c ./Core/Src/Custom/doorCam_manager.o
 .debug_macro   0x0001112d       0x91 ./Core/Src/Custom/doorCam_manager.o
 .debug_macro   0x000111be       0x8d ./Core/Src/Custom/doorCam_manager.o
 .debug_macro   0x0001124b       0x7e ./Core/Src/Custom/doorCam_manager.o
 .debug_macro   0x000112c9       0x19 ./Core/Src/Custom/doorCam_manager.o
 .debug_macro   0x000112e2       0xf2 ./Core/Src/Custom/doorCam_manager.o
 .debug_macro   0x000113d4      0x235 ./Core/Src/Machine-made/freertos.o
 .debug_macro   0x00011609      0x1d6 ./Core/Src/Machine-made/main.o
 .debug_macro   0x000117df      0x1cd ./Core/Src/Machine-made/stm32f0xx_hal_msp.o
 .debug_macro   0x000119ac      0x1c3 ./Core/Src/Machine-made/stm32f0xx_hal_timebase_tim.o
 .debug_macro   0x00011b6f      0x1d7 ./Core/Src/Machine-made/stm32f0xx_it.o
 .debug_macro   0x00011d46      0x1c3 ./Core/Src/Machine-made/system_stm32f0xx.o
 .debug_macro   0x00011f09      0x1e7 ./Drivers/STM32F0xx_HAL_Driver/Src/stm32f0xx_hal.o
 .debug_macro   0x000120f0      0x1c3 ./Drivers/STM32F0xx_HAL_Driver/Src/stm32f0xx_hal_cortex.o
 .debug_macro   0x000122b3      0x1c3 ./Drivers/STM32F0xx_HAL_Driver/Src/stm32f0xx_hal_dma.o
 .debug_macro   0x00012476      0x1ca ./Drivers/STM32F0xx_HAL_Driver/Src/stm32f0xx_hal_gpio.o
 .debug_macro   0x00012640      0x1d5 ./Drivers/STM32F0xx_HAL_Driver/Src/stm32f0xx_hal_rcc.o
 .debug_macro   0x00012815      0x1cb ./Drivers/STM32F0xx_HAL_Driver/Src/stm32f0xx_hal_spi.o
 .debug_macro   0x000129e0      0x1c4 ./Drivers/STM32F0xx_HAL_Driver/Src/stm32f0xx_hal_tim.o
 .debug_macro   0x00012ba4      0x1c3 ./Drivers/STM32F0xx_HAL_Driver/Src/stm32f0xx_hal_tim_ex.o
 .debug_macro   0x00012d67      0x1fe ./Middlewares/Third_Party/FreeRTOS/Source/CMSIS_RTOS/cmsis_os.o
 .debug_macro   0x00012f65       0x10 ./Middlewares/Third_Party/FreeRTOS/Source/CMSIS_RTOS/cmsis_os.o
 .debug_macro   0x00012f75       0x20 ./Middlewares/Third_Party/FreeRTOS/Source/CMSIS_RTOS/cmsis_os.o
 .debug_macro   0x00012f95       0x9d ./Middlewares/Third_Party/FreeRTOS/Source/CMSIS_RTOS/cmsis_os.o
 .debug_macro   0x00013032      0x187 ./Middlewares/Third_Party/FreeRTOS/Source/list.o
 .debug_macro   0x000131b9      0x212 ./Middlewares/Third_Party/FreeRTOS/Source/queue.o
 .debug_macro   0x000133cb       0x16 ./Middlewares/Third_Party/FreeRTOS/Source/queue.o
 .debug_macro   0x000133e1      0x287 ./Middlewares/Third_Party/FreeRTOS/Source/tasks.o
 .debug_macro   0x00013668       0x10 ./Middlewares/Third_Party/FreeRTOS/Source/tasks.o
 .debug_macro   0x00013678      0x13c ./Middlewares/Third_Party/FreeRTOS/Source/portable/GCC/ARM_CM0/port.o
 .debug_macro   0x000137b4      0x1ae ./Middlewares/Third_Party/FreeRTOS/Source/portable/MemMang/heap_4.o

.debug_line     0x00000000    0x153c9
 .debug_line    0x00000000      0x8c2 ./Core/Src/Custom/GPIOHandler.o
 .debug_line    0x000008c2      0x7ed ./Core/Src/Custom/SPIHandler.o
 .debug_line    0x000010af      0x7cb ./Core/Src/Custom/SystemClockConfig.o
 .debug_line    0x0000187a      0xa3b ./Core/Src/Custom/doorCam_manager.o
 .debug_line    0x000022b5      0x880 ./Core/Src/Machine-made/freertos.o
 .debug_line    0x00002b35      0x7ee ./Core/Src/Machine-made/main.o
 .debug_line    0x00003323      0x7e5 ./Core/Src/Machine-made/stm32f0xx_hal_msp.o
 .debug_line    0x00003b08      0x7fe ./Core/Src/Machine-made/stm32f0xx_hal_timebase_tim.o
 .debug_line    0x00004306      0x7d9 ./Core/Src/Machine-made/stm32f0xx_it.o
 .debug_line    0x00004adf      0x7f2 ./Core/Src/Machine-made/system_stm32f0xx.o
 .debug_line    0x000052d1       0x7b ./Core/Startup/startup_stm32f051r8tx.o
 .debug_line    0x0000534c      0x9f0 ./Drivers/STM32F0xx_HAL_Driver/Src/stm32f0xx_hal.o
 .debug_line    0x00005d3c      0xa9c ./Drivers/STM32F0xx_HAL_Driver/Src/stm32f0xx_hal_cortex.o
 .debug_line    0x000067d8      0xd14 ./Drivers/STM32F0xx_HAL_Driver/Src/stm32f0xx_hal_dma.o
 .debug_line    0x000074ec      0xb89 ./Drivers/STM32F0xx_HAL_Driver/Src/stm32f0xx_hal_gpio.o
 .debug_line    0x00008075      0xdd5 ./Drivers/STM32F0xx_HAL_Driver/Src/stm32f0xx_hal_rcc.o
 .debug_line    0x00008e4a     0x1fb3 ./Drivers/STM32F0xx_HAL_Driver/Src/stm32f0xx_hal_spi.o
 .debug_line    0x0000adfd     0x37c7 ./Drivers/STM32F0xx_HAL_Driver/Src/stm32f0xx_hal_tim.o
 .debug_line    0x0000e5c4     0x198d ./Drivers/STM32F0xx_HAL_Driver/Src/stm32f0xx_hal_tim_ex.o
 .debug_line    0x0000ff51     0x1254 ./Middlewares/Third_Party/FreeRTOS/Source/CMSIS_RTOS/cmsis_os.o
 .debug_line    0x000111a5      0x7a2 ./Middlewares/Third_Party/FreeRTOS/Source/list.o
 .debug_line    0x00011947     0x12ca ./Middlewares/Third_Party/FreeRTOS/Source/queue.o
 .debug_line    0x00012c11     0x1778 ./Middlewares/Third_Party/FreeRTOS/Source/tasks.o
 .debug_line    0x00014389      0x711 ./Middlewares/Third_Party/FreeRTOS/Source/portable/GCC/ARM_CM0/port.o
 .debug_line    0x00014a9a      0x92f ./Middlewares/Third_Party/FreeRTOS/Source/portable/MemMang/heap_4.o

.debug_str      0x00000000    0x76bea
 .debug_str     0x00000000    0x683d4 ./Core/Src/Custom/GPIOHandler.o
                              0x6869a (size before relaxing)
 .debug_str     0x000683d4      0x493 ./Core/Src/Custom/SPIHandler.o
                              0x688b1 (size before relaxing)
 .debug_str     0x00068867      0x194 ./Core/Src/Custom/SystemClockConfig.o
                              0x68549 (size before relaxing)
 .debug_str     0x000689fb     0x5d07 ./Core/Src/Custom/doorCam_manager.o
                              0x6e339 (size before relaxing)
 .debug_str     0x0006e702       0xa4 ./Core/Src/Machine-made/freertos.o
                              0x6bbbf (size before relaxing)
 .debug_str     0x0006e7a6      0x2d4 ./Core/Src/Machine-made/main.o
                              0x6897f (size before relaxing)
 .debug_str     0x0006ea7a      0x1f4 ./Core/Src/Machine-made/stm32f0xx_hal_msp.o
                              0x68aa2 (size before relaxing)
 .debug_str     0x0006ec6e      0x114 ./Core/Src/Machine-made/stm32f0xx_hal_timebase_tim.o
                              0x68bf8 (size before relaxing)
 .debug_str     0x0006ed82       0xad ./Core/Src/Machine-made/stm32f0xx_it.o
                              0x68afc (size before relaxing)
 .debug_str     0x0006ee2f       0x98 ./Core/Src/Machine-made/system_stm32f0xx.o
                              0x68465 (size before relaxing)
 .debug_str     0x0006eec7       0x44 ./Core/Startup/startup_stm32f051r8tx.o
                                 0x71 (size before relaxing)
 .debug_str     0x0006ef0b      0x336 ./Drivers/STM32F0xx_HAL_Driver/Src/stm32f0xx_hal.o
                              0x68a1e (size before relaxing)
 .debug_str     0x0006f241      0x1a2 ./Drivers/STM32F0xx_HAL_Driver/Src/stm32f0xx_hal_cortex.o
                              0x6880f (size before relaxing)
 .debug_str     0x0006f3e3      0x24d ./Drivers/STM32F0xx_HAL_Driver/Src/stm32f0xx_hal_dma.o
                              0x687fe (size before relaxing)
 .debug_str     0x0006f630      0x102 ./Drivers/STM32F0xx_HAL_Driver/Src/stm32f0xx_hal_gpio.o
                              0x685f9 (size before relaxing)
 .debug_str     0x0006f732      0x1e4 ./Drivers/STM32F0xx_HAL_Driver/Src/stm32f0xx_hal_rcc.o
                              0x68894 (size before relaxing)
 .debug_str     0x0006f916      0x550 ./Drivers/STM32F0xx_HAL_Driver/Src/stm32f0xx_hal_spi.o
                              0x68dc8 (size before relaxing)
 .debug_str     0x0006fe66      0xe36 ./Drivers/STM32F0xx_HAL_Driver/Src/stm32f0xx_hal_tim.o
                              0x6986e (size before relaxing)
 .debug_str     0x00070c9c      0x503 ./Drivers/STM32F0xx_HAL_Driver/Src/stm32f0xx_hal_tim_ex.o
                              0x6907a (size before relaxing)
 .debug_str     0x0007119f     0x3b50 ./Middlewares/Third_Party/FreeRTOS/Source/CMSIS_RTOS/cmsis_os.o
                               0xdc65 (size before relaxing)
 .debug_str     0x00074cef      0x21b ./Middlewares/Third_Party/FreeRTOS/Source/list.o
                               0xa3b3 (size before relaxing)
 .debug_str     0x00074f0a      0x779 ./Middlewares/Third_Party/FreeRTOS/Source/queue.o
                               0xbbbf (size before relaxing)
 .debug_str     0x00075683      0xf3d ./Middlewares/Third_Party/FreeRTOS/Source/tasks.o
                               0xc5ff (size before relaxing)
 .debug_str     0x000765c0      0x3e7 ./Middlewares/Third_Party/FreeRTOS/Source/portable/GCC/ARM_CM0/port.o
                               0x7b72 (size before relaxing)
 .debug_str     0x000769a7      0x243 ./Middlewares/Third_Party/FreeRTOS/Source/portable/MemMang/heap_4.o
                               0xaacd (size before relaxing)

.comment        0x00000000       0x43
 .comment       0x00000000       0x43 ./Core/Src/Custom/GPIOHandler.o
                                 0x44 (size before relaxing)
 .comment       0x00000043       0x44 ./Core/Src/Custom/SPIHandler.o
 .comment       0x00000043       0x44 ./Core/Src/Custom/SystemClockConfig.o
 .comment       0x00000043       0x44 ./Core/Src/Custom/doorCam_manager.o
 .comment       0x00000043       0x44 ./Core/Src/Machine-made/freertos.o
 .comment       0x00000043       0x44 ./Core/Src/Machine-made/main.o
 .comment       0x00000043       0x44 ./Core/Src/Machine-made/stm32f0xx_hal_msp.o
 .comment       0x00000043       0x44 ./Core/Src/Machine-made/stm32f0xx_hal_timebase_tim.o
 .comment       0x00000043       0x44 ./Core/Src/Machine-made/stm32f0xx_it.o
 .comment       0x00000043       0x44 ./Core/Src/Machine-made/system_stm32f0xx.o
 .comment       0x00000043       0x44 ./Drivers/STM32F0xx_HAL_Driver/Src/stm32f0xx_hal.o
 .comment       0x00000043       0x44 ./Drivers/STM32F0xx_HAL_Driver/Src/stm32f0xx_hal_cortex.o
 .comment       0x00000043       0x44 ./Drivers/STM32F0xx_HAL_Driver/Src/stm32f0xx_hal_dma.o
 .comment       0x00000043       0x44 ./Drivers/STM32F0xx_HAL_Driver/Src/stm32f0xx_hal_gpio.o
 .comment       0x00000043       0x44 ./Drivers/STM32F0xx_HAL_Driver/Src/stm32f0xx_hal_rcc.o
 .comment       0x00000043       0x44 ./Drivers/STM32F0xx_HAL_Driver/Src/stm32f0xx_hal_spi.o
 .comment       0x00000043       0x44 ./Drivers/STM32F0xx_HAL_Driver/Src/stm32f0xx_hal_tim.o
 .comment       0x00000043       0x44 ./Drivers/STM32F0xx_HAL_Driver/Src/stm32f0xx_hal_tim_ex.o
 .comment       0x00000043       0x44 ./Middlewares/Third_Party/FreeRTOS/Source/CMSIS_RTOS/cmsis_os.o
 .comment       0x00000043       0x44 ./Middlewares/Third_Party/FreeRTOS/Source/list.o
 .comment       0x00000043       0x44 ./Middlewares/Third_Party/FreeRTOS/Source/queue.o
 .comment       0x00000043       0x44 ./Middlewares/Third_Party/FreeRTOS/Source/tasks.o
 .comment       0x00000043       0x44 ./Middlewares/Third_Party/FreeRTOS/Source/portable/GCC/ARM_CM0/port.o
 .comment       0x00000043       0x44 ./Middlewares/Third_Party/FreeRTOS/Source/portable/MemMang/heap_4.o

.debug_frame    0x00000000     0x3e78
 .debug_frame   0x00000000      0x148 ./Core/Src/Custom/GPIOHandler.o
 .debug_frame   0x00000148       0x4c ./Core/Src/Custom/SPIHandler.o
 .debug_frame   0x00000194       0x30 ./Core/Src/Custom/SystemClockConfig.o
 .debug_frame   0x000001c4       0xac ./Core/Src/Custom/doorCam_manager.o
 .debug_frame   0x00000270       0x30 ./Core/Src/Machine-made/freertos.o
 .debug_frame   0x000002a0       0x68 ./Core/Src/Machine-made/main.o
 .debug_frame   0x00000308       0x70 ./Core/Src/Machine-made/stm32f0xx_hal_msp.o
 .debug_frame   0x00000378       0x6c ./Core/Src/Machine-made/stm32f0xx_hal_timebase_tim.o
 .debug_frame   0x000003e4       0x80 ./Core/Src/Machine-made/stm32f0xx_it.o
 .debug_frame   0x00000464       0x4c ./Core/Src/Machine-made/system_stm32f0xx.o
 .debug_frame   0x000004b0      0x2a4 ./Drivers/STM32F0xx_HAL_Driver/Src/stm32f0xx_hal.o
 .debug_frame   0x00000754      0x2a0 ./Drivers/STM32F0xx_HAL_Driver/Src/stm32f0xx_hal_cortex.o
 .debug_frame   0x000009f4      0x1d0 ./Drivers/STM32F0xx_HAL_Driver/Src/stm32f0xx_hal_dma.o
 .debug_frame   0x00000bc4      0x110 ./Drivers/STM32F0xx_HAL_Driver/Src/stm32f0xx_hal_gpio.o
 .debug_frame   0x00000cd4      0x198 ./Drivers/STM32F0xx_HAL_Driver/Src/stm32f0xx_hal_rcc.o
 .debug_frame   0x00000e6c      0x710 ./Drivers/STM32F0xx_HAL_Driver/Src/stm32f0xx_hal_spi.o
 .debug_frame   0x0000157c      0xf00 ./Drivers/STM32F0xx_HAL_Driver/Src/stm32f0xx_hal_tim.o
 .debug_frame   0x0000247c      0x560 ./Drivers/STM32F0xx_HAL_Driver/Src/stm32f0xx_hal_tim_ex.o
 .debug_frame   0x000029dc      0x6f4 ./Middlewares/Third_Party/FreeRTOS/Source/CMSIS_RTOS/cmsis_os.o
 .debug_frame   0x000030d0       0xb0 ./Middlewares/Third_Party/FreeRTOS/Source/list.o
 .debug_frame   0x00003180      0x3d0 ./Middlewares/Third_Party/FreeRTOS/Source/queue.o
 .debug_frame   0x00003550      0x63c ./Middlewares/Third_Party/FreeRTOS/Source/tasks.o
 .debug_frame   0x00003b8c      0x174 ./Middlewares/Third_Party/FreeRTOS/Source/portable/GCC/ARM_CM0/port.o
 .debug_frame   0x00003d00       0xe4 ./Middlewares/Third_Party/FreeRTOS/Source/portable/MemMang/heap_4.o
 .debug_frame   0x00003de4       0x20 C:/ST/STM32CubeIDE_1.15.0/STM32CubeIDE/plugins/com.st.stm32cube.ide.mcu.externaltools.gnu-tools-for-stm32.12.3.rel1.win32_1.0.100.202403111256/tools/bin/../lib/gcc/arm-none-eabi/12.3.1/../../../../arm-none-eabi/lib/thumb/v6-m/nofp\libc_nano.a(libc_a-memset.o)
 .debug_frame   0x00003e04       0x2c C:/ST/STM32CubeIDE_1.15.0/STM32CubeIDE/plugins/com.st.stm32cube.ide.mcu.externaltools.gnu-tools-for-stm32.12.3.rel1.win32_1.0.100.202403111256/tools/bin/../lib/gcc/arm-none-eabi/12.3.1/../../../../arm-none-eabi/lib/thumb/v6-m/nofp\libc_nano.a(libc_a-init.o)
 .debug_frame   0x00003e30       0x28 C:/ST/STM32CubeIDE_1.15.0/STM32CubeIDE/plugins/com.st.stm32cube.ide.mcu.externaltools.gnu-tools-for-stm32.12.3.rel1.win32_1.0.100.202403111256/tools/bin/../lib/gcc/arm-none-eabi/12.3.1/../../../../arm-none-eabi/lib/thumb/v6-m/nofp\libc_nano.a(libc_a-memcpy-stub.o)
 .debug_frame   0x00003e58       0x20 C:/ST/STM32CubeIDE_1.15.0/STM32CubeIDE/plugins/com.st.stm32cube.ide.mcu.externaltools.gnu-tools-for-stm32.12.3.rel1.win32_1.0.100.202403111256/tools/bin/../lib/gcc/arm-none-eabi/12.3.1/thumb/v6-m/nofp\libgcc.a(_udivsi3.o)

.debug_line_str
                0x00000000       0x55
 .debug_line_str
                0x00000000       0x55 ./Core/Startup/startup_stm32f051r8tx.o
