Archive member included to satisfy reference by file (symbol)

C:/ST/STM32CubeIDE_1.15.0/STM32CubeIDE/plugins/com.st.stm32cube.ide.mcu.externaltools.gnu-tools-for-stm32.12.3.rel1.win32_1.0.100.202403111256/tools/bin/../lib/gcc/arm-none-eabi/12.3.1/../../../../arm-none-eabi/lib/thumb/v6-m/nofp\libc_nano.a(libc_a-exit.o)
                              C:/ST/STM32CubeIDE_1.15.0/STM32CubeIDE/plugins/com.st.stm32cube.ide.mcu.externaltools.gnu-tools-for-stm32.12.3.rel1.win32_1.0.100.202403111256/tools/bin/../lib/gcc/arm-none-eabi/12.3.1/../../../../arm-none-eabi/lib/thumb/v6-m/nofp/crt0.o (exit)
C:/ST/STM32CubeIDE_1.15.0/STM32CubeIDE/plugins/com.st.stm32cube.ide.mcu.externaltools.gnu-tools-for-stm32.12.3.rel1.win32_1.0.100.202403111256/tools/bin/../lib/gcc/arm-none-eabi/12.3.1/../../../../arm-none-eabi/lib/thumb/v6-m/nofp\libc_nano.a(libc_a-findfp.o)
                              C:/ST/STM32CubeIDE_1.15.0/STM32CubeIDE/plugins/com.st.stm32cube.ide.mcu.externaltools.gnu-tools-for-stm32.12.3.rel1.win32_1.0.100.202403111256/tools/bin/../lib/gcc/arm-none-eabi/12.3.1/../../../../arm-none-eabi/lib/thumb/v6-m/nofp\libc_nano.a(libc_a-exit.o) (__stdio_exit_handler)
C:/ST/STM32CubeIDE_1.15.0/STM32CubeIDE/plugins/com.st.stm32cube.ide.mcu.externaltools.gnu-tools-for-stm32.12.3.rel1.win32_1.0.100.202403111256/tools/bin/../lib/gcc/arm-none-eabi/12.3.1/../../../../arm-none-eabi/lib/thumb/v6-m/nofp\libc_nano.a(libc_a-fwalk.o)
                              C:/ST/STM32CubeIDE_1.15.0/STM32CubeIDE/plugins/com.st.stm32cube.ide.mcu.externaltools.gnu-tools-for-stm32.12.3.rel1.win32_1.0.100.202403111256/tools/bin/../lib/gcc/arm-none-eabi/12.3.1/../../../../arm-none-eabi/lib/thumb/v6-m/nofp\libc_nano.a(libc_a-findfp.o) (_fwalk_sglue)
C:/ST/STM32CubeIDE_1.15.0/STM32CubeIDE/plugins/com.st.stm32cube.ide.mcu.externaltools.gnu-tools-for-stm32.12.3.rel1.win32_1.0.100.202403111256/tools/bin/../lib/gcc/arm-none-eabi/12.3.1/../../../../arm-none-eabi/lib/thumb/v6-m/nofp\libc_nano.a(libc_a-stdio.o)
                              C:/ST/STM32CubeIDE_1.15.0/STM32CubeIDE/plugins/com.st.stm32cube.ide.mcu.externaltools.gnu-tools-for-stm32.12.3.rel1.win32_1.0.100.202403111256/tools/bin/../lib/gcc/arm-none-eabi/12.3.1/../../../../arm-none-eabi/lib/thumb/v6-m/nofp\libc_nano.a(libc_a-findfp.o) (__sread)
C:/ST/STM32CubeIDE_1.15.0/STM32CubeIDE/plugins/com.st.stm32cube.ide.mcu.externaltools.gnu-tools-for-stm32.12.3.rel1.win32_1.0.100.202403111256/tools/bin/../lib/gcc/arm-none-eabi/12.3.1/../../../../arm-none-eabi/lib/thumb/v6-m/nofp\libc_nano.a(libc_a-memset.o)
                              C:/ST/STM32CubeIDE_1.15.0/STM32CubeIDE/plugins/com.st.stm32cube.ide.mcu.externaltools.gnu-tools-for-stm32.12.3.rel1.win32_1.0.100.202403111256/tools/bin/../lib/gcc/arm-none-eabi/12.3.1/../../../../arm-none-eabi/lib/thumb/v6-m/nofp/crt0.o (memset)
C:/ST/STM32CubeIDE_1.15.0/STM32CubeIDE/plugins/com.st.stm32cube.ide.mcu.externaltools.gnu-tools-for-stm32.12.3.rel1.win32_1.0.100.202403111256/tools/bin/../lib/gcc/arm-none-eabi/12.3.1/../../../../arm-none-eabi/lib/thumb/v6-m/nofp\libc_nano.a(libc_a-closer.o)
                              C:/ST/STM32CubeIDE_1.15.0/STM32CubeIDE/plugins/com.st.stm32cube.ide.mcu.externaltools.gnu-tools-for-stm32.12.3.rel1.win32_1.0.100.202403111256/tools/bin/../lib/gcc/arm-none-eabi/12.3.1/../../../../arm-none-eabi/lib/thumb/v6-m/nofp\libc_nano.a(libc_a-stdio.o) (_close_r)
C:/ST/STM32CubeIDE_1.15.0/STM32CubeIDE/plugins/com.st.stm32cube.ide.mcu.externaltools.gnu-tools-for-stm32.12.3.rel1.win32_1.0.100.202403111256/tools/bin/../lib/gcc/arm-none-eabi/12.3.1/../../../../arm-none-eabi/lib/thumb/v6-m/nofp\libc_nano.a(libc_a-reent.o)
                              C:/ST/STM32CubeIDE_1.15.0/STM32CubeIDE/plugins/com.st.stm32cube.ide.mcu.externaltools.gnu-tools-for-stm32.12.3.rel1.win32_1.0.100.202403111256/tools/bin/../lib/gcc/arm-none-eabi/12.3.1/../../../../arm-none-eabi/lib/thumb/v6-m/nofp\libc_nano.a(libc_a-closer.o) (errno)
C:/ST/STM32CubeIDE_1.15.0/STM32CubeIDE/plugins/com.st.stm32cube.ide.mcu.externaltools.gnu-tools-for-stm32.12.3.rel1.win32_1.0.100.202403111256/tools/bin/../lib/gcc/arm-none-eabi/12.3.1/../../../../arm-none-eabi/lib/thumb/v6-m/nofp\libc_nano.a(libc_a-impure.o)
                              C:/ST/STM32CubeIDE_1.15.0/STM32CubeIDE/plugins/com.st.stm32cube.ide.mcu.externaltools.gnu-tools-for-stm32.12.3.rel1.win32_1.0.100.202403111256/tools/bin/../lib/gcc/arm-none-eabi/12.3.1/../../../../arm-none-eabi/lib/thumb/v6-m/nofp\libc_nano.a(libc_a-reent.o) (_impure_ptr)
C:/ST/STM32CubeIDE_1.15.0/STM32CubeIDE/plugins/com.st.stm32cube.ide.mcu.externaltools.gnu-tools-for-stm32.12.3.rel1.win32_1.0.100.202403111256/tools/bin/../lib/gcc/arm-none-eabi/12.3.1/../../../../arm-none-eabi/lib/thumb/v6-m/nofp\libc_nano.a(libc_a-lseekr.o)
[...]
Memory Configuration

Name             Origin             Length             Attributes
RAM              0x20000000         0x00002000         xrw
FLASH            0x08000000         0x00010000         xr
*default*        0x00000000         0xffffffff

Linker script and memory map

LOAD C:/ST/STM32CubeIDE_1.15.0/STM32CubeIDE/plugins/com.st.stm32cube.ide.mcu.externaltools.gnu-tools-for-stm32.12.3.rel1.win32_1.0.100.202403111256/tools/bin/../lib/gcc/arm-none-eabi/12.3.1/thumb/v6-m/nofp/crti.o
LOAD C:/ST/STM32CubeIDE_1.15.0/STM32CubeIDE/plugins/com.st.stm32cube.ide.mcu.externaltools.gnu-tools-for-stm32.12.3.rel1.win32_1.0.100.202403111256/tools/bin/../lib/gcc/arm-none-eabi/12.3.1/thumb/v6-m/nofp/crtbegin.o
LOAD C:/ST/STM32CubeIDE_1.15.0/STM32CubeIDE/plugins/com.st.stm32cube.ide.mcu.externaltools.gnu-tools-for-stm32.12.3.rel1.win32_1.0.100.202403111256/tools/bin/../lib/gcc/arm-none-eabi/12.3.1/../../../../arm-none-eabi/lib/thumb/v6-m/nofp/crt0.o
LOAD ./Core/Src/Custom/GPIOHandler.o
LOAD ./Core/Src/Custom/SPIHandler.o
LOAD ./Core/Src/Custom/SystemClockConfig.o
LOAD ./Core/Src/Custom/doorCam_manager.o
LOAD ./Core/Src/Custom/proxSensHandler.o
LOAD ./Core/Src/Machine-made/freertos.o
LOAD ./Core/Src/Machine-made/main.o
LOAD ./Core/Src/Machine-made/stm32f0xx_hal_msp.o
LOAD ./Core/Src/Machine-made/stm32f0xx_hal_timebase_tim.o
LOAD ./Core/Src/Machine-made/stm32f0xx_it.o
LOAD ./Core/Src/Machine-made/syscalls.o
LOAD ./Core/Src/Machine-made/sysmem.o
LOAD ./Core/Src/Machine-made/system_stm32f0xx.o
LOAD ./Core/Startup/startup_stm32f051r8tx.o
LOAD ./Drivers/STM32F0xx_HAL_Driver/Src/stm32f0xx_hal.o
LOAD ./Drivers/STM32F0xx_HAL_Driver/Src/stm32f0xx_hal_cortex.o
LOAD ./Drivers/STM32F0xx_HAL_Driver/Src/stm32f0xx_hal_dma.o
LOAD ./Drivers/STM32F0xx_HAL_Driver/Src/stm32f0xx_hal_exti.o
LOAD ./Drivers/STM32F0xx_HAL_Driver/Src/stm32f0xx_hal_flash.o
LOAD ./Drivers/STM32F0xx_HAL_Driver/Src/stm32f0xx_hal_flash_ex.o
LOAD ./Drivers/STM32F0xx_HAL_Driver/Src/stm32f0xx_hal_gpio.o
LOAD ./Drivers/STM32F0xx_HAL_Driver/Src/stm32f0xx_hal_i2c.o
LOAD ./Drivers/STM32F0xx_HAL_Driver/Src/stm32f0xx_hal_i2c_ex.o
LOAD ./Drivers/STM32F0xx_HAL_Driver/Src/stm32f0xx_hal_pwr.o
LOAD ./Drivers/STM32F0xx_HAL_Driver/Src/stm32f0xx_hal_pwr_ex.o
LOAD ./Drivers/STM32F0xx_HAL_Driver/Src/stm32f0xx_hal_rcc.o
LOAD ./Drivers/STM32F0xx_HAL_Driver/Src/stm32f0xx_hal_rcc_ex.o
LOAD ./Drivers/STM32F0xx_HAL_Driver/Src/stm32f0xx_hal_spi.o
LOAD ./Drivers/STM32F0xx_HAL_Driver/Src/stm32f0xx_hal_spi_ex.o
LOAD ./Drivers/STM32F0xx_HAL_Driver/Src/stm32f0xx_hal_tim.o
LOAD ./Drivers/STM32F0xx_HAL_Driver/Src/stm32f0xx_hal_tim_ex.o
LOAD ./Middlewares/Third_Party/FreeRTOS/Source/CMSIS_RTOS/cmsis_os.o
LOAD ./Middlewares/Third_Party/FreeRTOS/Source/croutine.o
LOAD ./Middlewares/Third_Party/FreeRTOS/Source/event_groups.o
LOAD ./Middlewares/Third_Party/FreeRTOS/Source/list.o
LOAD ./Middlewares/Third_Party/FreeRTOS/Source/queue.o
LOAD ./Middlewares/Third_Party/FreeRTOS/Source/stream_buffer.o
LOAD ./Middlewares/Third_Party/FreeRTOS/Source/tasks.o
LOAD ./Middlewares/Third_Party/FreeRTOS/Source/timers.o
LOAD ./Middlewares/Third_Party/FreeRTOS/Source/portable/GCC/ARM_CM0/port.o
LOAD ./Middlewares/Third_Party/FreeRTOS/Source/portable/MemMang/heap_4.o
START GROUP
LOAD C:/ST/STM32CubeIDE_1.15.0/STM32CubeIDE/plugins/com.st.stm32cube.ide.mcu.externaltools.gnu-tools-for-stm32.12.3.rel1.win32_1.0.100.202403111256/tools/bin/../lib/gcc/arm-none-eabi/12.3.1/../../../../arm-none-eabi/lib/thumb/v6-m/nofp\libc_nano.a
LOAD C:/ST/STM32CubeIDE_1.15.0/STM32CubeIDE/plugins/com.st.stm32cube.ide.mcu.externaltools.gnu-tools-for-stm32.12.3.rel1.win32_1.0.100.202403111256/tools/bin/../lib/gcc/arm-none-eabi/12.3.1/../../../../arm-none-eabi/lib/thumb/v6-m/nofp\libm.a
END GROUP
START GROUP
LOAD C:/ST/STM32CubeIDE_1.15.0/STM32CubeIDE/plugins/com.st.stm32cube.ide.mcu.externaltools.gnu-tools-for-stm32.12.3.rel1.win32_1.0.100.202403111256/tools/bin/../lib/gcc/arm-none-eabi/12.3.1/thumb/v6-m/nofp\libgcc.a
LOAD C:/ST/STM32CubeIDE_1.15.0/STM32CubeIDE/plugins/com.st.stm32cube.ide.mcu.externaltools.gnu-tools-for-stm32.12.3.rel1.win32_1.0.100.202403111256/tools/bin/../lib/gcc/arm-none-eabi/12.3.1/../../../../arm-none-eabi/lib/thumb/v6-m/nofp\libc_nano.a
END GROUP
START GROUP
LOAD C:/ST/STM32CubeIDE_1.15.0/STM32CubeIDE/plugins/com.st.stm32cube.ide.mcu.externaltools.gnu-tools-for-stm32.12.3.rel1.win32_1.0.100.202403111256/tools/bin/../lib/gcc/arm-none-eabi/12.3.1/thumb/v6-m/nofp\libgcc.a
LOAD C:/ST/STM32CubeIDE_1.15.0/STM32CubeIDE/plugins/com.st.stm32cube.ide.mcu.externaltools.gnu-tools-for-stm32.12.3.rel1.win32_1.0.100.202403111256/tools/bin/../lib/gcc/arm-none-eabi/12.3.1/../../../../arm-none-eabi/lib/thumb/v6-m/nofp\libc_nano.a
LOAD C:/ST/STM32CubeIDE_1.15.0/STM32CubeIDE/plugins/com.st.stm32cube.ide.mcu.externaltools.gnu-tools-for-stm32.12.3.rel1.win32_1.0.100.202403111256/tools/bin/../lib/gcc/arm-none-eabi/12.3.1/../../../../arm-none-eabi/lib/thumb/v6-m/nofp\libnosys.a
END GROUP
START GROUP
LOAD C:/ST/STM32CubeIDE_1.15.0/STM32CubeIDE/plugins/com.st.stm32cube.ide.mcu.externaltools.gnu-tools-for-stm32.12.3.rel1.win32_1.0.100.202403111256/tools/bin/../lib/gcc/arm-none-eabi/12.3.1/thumb/v6-m/nofp\libgcc.a
LOAD C:/ST/STM32CubeIDE_1.15.0/STM32CubeIDE/plugins/com.st.stm32cube.ide.mcu.externaltools.gnu-tools-for-stm32.12.3.rel1.win32_1.0.100.202403111256/tools/bin/../lib/gcc/arm-none-eabi/12.3.1/../../../../arm-none-eabi/lib/thumb/v6-m/nofp\libc_nano.a
LOAD C:/ST/STM32CubeIDE_1.15.0/STM32CubeIDE/plugins/com.st.stm32cube.ide.mcu.externaltools.gnu-tools-for-stm32.12.3.rel1.win32_1.0.100.202403111256/tools/bin/../lib/gcc/arm-none-eabi/12.3.1/../../../../arm-none-eabi/lib/thumb/v6-m/nofp\libnosys.a
END GROUP
LOAD C:/ST/STM32CubeIDE_1.15.0/STM32CubeIDE/plugins/com.st.stm32cube.ide.mcu.externaltools.gnu-tools-for-stm32.12.3.rel1.win32_1.0.100.202403111256/tools/bin/../lib/gcc/arm-none-eabi/12.3.1/thumb/v6-m/nofp/crtend.o
LOAD C:/ST/STM32CubeIDE_1.15.0/STM32CubeIDE/plugins/com.st.stm32cube.ide.mcu.externaltools.gnu-tools-for-stm32.12.3.rel1.win32_1.0.100.202403111256/tools/bin/../lib/gcc/arm-none-eabi/12.3.1/thumb/v6-m/nofp/crtn.o
                0x20002000                        _estack = (ORIGIN (RAM) + LENGTH (RAM))
                0x00000200                        _Min_Heap_Size = 0x200
                0x00000400                        _Min_Stack_Size = 0x400

.isr_vector     0x08000000       0xc0
                0x08000000                        . = ALIGN (0x4)
 *(.isr_vector)
 .isr_vector    0x08000000       0xc0 ./Core/Startup/startup_stm32f051r8tx.o
                0x08000000                g_pfnVectors
                0x080000c0                        . = ALIGN (0x4)

.text           0x080000c0     0x3294
                0x080000c0                        . = ALIGN (0x4)
 *(.text)
 .text          0x080000c0       0x48 C:/ST/STM32CubeIDE_1.15.0/STM32CubeIDE/plugins/com.st.stm32cube.ide.mcu.externaltools.gnu-tools-for-stm32.12.3.rel1.win32_1.0.100.202403111256/tools/bin/../lib/gcc/arm-none-eabi/12.3.1/thumb/v6-m/nofp/crtbegin.o
 .text          0x08000108      0x114 C:/ST/STM32CubeIDE_1.15.0/STM32CubeIDE/plugins/com.st.stm32cube.ide.mcu.externaltools.gnu-tools-for-stm32.12.3.rel1.win32_1.0.100.202403111256/tools/bin/../lib/gcc/arm-none-eabi/12.3.1/thumb/v6-m/nofp\libgcc.a(_udivsi3.o)
                0x08000108                __aeabi_uidiv
                0x08000108                __udivsi3
                0x08000214                __aeabi_uidivmod
 .text          0x0800021c        0x4 C:/ST/STM32CubeIDE_1.15.0/STM32CubeIDE/plugins/com.st.stm32cube.ide.mcu.externaltools.gnu-tools-for-stm32.12.3.rel1.win32_1.0.100.202403111256/tools/bin/../lib/gcc/arm-none-eabi/12.3.1/thumb/v6-m/nofp\libgcc.a(_dvmd_tls.o)
                0x0800021c                __aeabi_idiv0
                0x0800021c                __aeabi_ldiv0
 *(.text*)
 .text.MX_GPIO_Init
                0x08000220       0xd8 ./Core/Src/Custom/GPIOHandler.o
                0x08000220                MX_GPIO_Init
 .text.vErroLEDChangeState
                0x080002f8       0x50 ./Core/Src/Custom/GPIOHandler.o
                0x080002f8                vErroLEDChangeState
 .text.MX_SPI1_Init
                0x08000348       0x7c ./Core/Src/Custom/SPIHandler.o
                0x08000348                MX_SPI1_Init
 .text.SystemClock_Config
                0x080003c4       0x94 ./Core/Src/Custom/SystemClockConfig.o
                0x080003c4                SystemClock_Config
 .text.doorCamInit
                0x08000458       0x16 ./Core/Src/Custom/doorCam_manager.o
                0x08000458                doorCamInit
 *fill*         0x0800046e        0x2 
 .text.doorCamProcesing
                0x08000470       0x94 ./Core/Src/Custom/doorCam_manager.o
                0x08000470                doorCamProcesing
 .text.vSPITestTask
                0x08000504       0x10 ./Core/Src/Custom/doorCam_manager.o
                0x08000504                vSPITestTask
 .text.vPoroxSensMeasureTask
                0x08000514       0x10 ./Core/Src/Custom/doorCam_manager.o
                0x08000514                vPoroxSensMeasureTask
 .text.StartDefaultTask
                0x08000524       0x10 ./Core/Src/Custom/doorCam_manager.o
                0x08000524                StartDefaultTask
 .text.vApplicationGetIdleTaskMemory
                0x08000534       0x30 ./Core/Src/Machine-made/freertos.o
                0x08000534                vApplicationGetIdleTaskMemory
 .text.main     0x08000564       0x14 ./Core/Src/Machine-made/main.o
                0x08000564                main
 .text.HAL_TIM_PeriodElapsedCallback
                0x08000578       0x24 ./Core/Src/Machine-made/main.o
                0x08000578                HAL_TIM_PeriodElapsedCallback
 .text.Error_Handler
                0x0800059c        0xc ./Core/Src/Machine-made/main.o
                0x0800059c                Error_Handler
 .text.HAL_MspInit
                0x080005a8       0x54 ./Core/Src/Machine-made/stm32f0xx_hal_msp.o
                0x080005a8                HAL_MspInit
 .text.HAL_SPI_MspInit
                0x080005fc       0xf4 ./Core/Src/Machine-made/stm32f0xx_hal_msp.o
                0x080005fc                HAL_SPI_MspInit
 .text.HAL_InitTick
                0x080006f0      0x10c ./Core/Src/Machine-made/stm32f0xx_hal_timebase_tim.o
                0x080006f0                HAL_InitTick
 .text.NMI_Handler
                0x080007fc        0x8 ./Core/Src/Machine-made/stm32f0xx_it.o
                0x080007fc                NMI_Handler
 .text.HardFault_Handler
                0x08000804        0x8 ./Core/Src/Machine-made/stm32f0xx_it.o
                0x08000804                HardFault_Handler
 .text.TIM1_BRK_UP_TRG_COM_IRQHandler
                0x0800080c       0x18 ./Core/Src/Machine-made/stm32f0xx_it.o
                0x0800080c                TIM1_BRK_UP_TRG_COM_IRQHandler
 .text.SPI1_IRQHandler
                0x08000824       0x18 ./Core/Src/Machine-made/stm32f0xx_it.o
                0x08000824                SPI1_IRQHandler
 .text.SystemInit
                0x0800083c        0xa ./Core/Src/Machine-made/system_stm32f0xx.o
                0x0800083c                SystemInit
 *fill*         0x08000846        0x2 
 .text.Reset_Handler
                0x08000848       0x50 ./Core/Startup/startup_stm32f051r8tx.o
                0x08000848                Reset_Handler
 .text.Default_Handler
                0x08000898        0x2 ./Core/Startup/startup_stm32f051r8tx.o
                0x08000898                TIM1_CC_IRQHandler
                0x08000898                TSC_IRQHandler
                0x08000898                ADC1_COMP_IRQHandler
                0x08000898                PVD_IRQHandler
                0x08000898                I2C1_IRQHandler
                0x08000898                RCC_CRS_IRQHandler
                0x08000898                TIM6_DAC_IRQHandler
                0x08000898                EXTI2_3_IRQHandler
                0x08000898                I2C2_IRQHandler
                0x08000898                TIM17_IRQHandler
                0x08000898                CEC_CAN_IRQHandler
                0x08000898                RTC_IRQHandler
                0x08000898                TIM16_IRQHandler
                0x08000898                TIM3_IRQHandler
                0x08000898                EXTI4_15_IRQHandler
                0x08000898                DMA1_Channel1_IRQHandler
                0x08000898                Default_Handler
                0x08000898                TIM14_IRQHandler
                0x08000898                DMA1_Channel4_5_IRQHandler
                0x08000898                TIM15_IRQHandler
                0x08000898                EXTI0_1_IRQHandler
                0x08000898                SPI2_IRQHandler
                0x08000898                WWDG_IRQHandler
                0x08000898                TIM2_IRQHandler
                0x08000898                DMA1_Channel2_3_IRQHandler
                0x08000898                USART2_IRQHandler
                0x08000898                FLASH_IRQHandler
                0x08000898                USART1_IRQHandler
 *fill*         0x0800089a        0x2 
 .text.HAL_Init
                0x0800089c       0x28 ./Drivers/STM32F0xx_HAL_Driver/Src/stm32f0xx_hal.o
                0x0800089c                HAL_Init
 .text.HAL_IncTick
                0x080008c4       0x24 ./Drivers/STM32F0xx_HAL_Driver/Src/stm32f0xx_hal.o
                0x080008c4                HAL_IncTick
 .text.HAL_GetTick
                0x080008e8       0x14 ./Drivers/STM32F0xx_HAL_Driver/Src/stm32f0xx_hal.o
                0x080008e8                HAL_GetTick
 .text.__NVIC_EnableIRQ
                0x080008fc       0x34 ./Drivers/STM32F0xx_HAL_Driver/Src/stm32f0xx_hal_cortex.o
 .text.__NVIC_SetPriority
                0x08000930       0xdc ./Drivers/STM32F0xx_HAL_Driver/Src/stm32f0xx_hal_cortex.o
 .text.HAL_NVIC_SetPriority
                0x08000a0c       0x2a ./Drivers/STM32F0xx_HAL_Driver/Src/stm32f0xx_hal_cortex.o
                0x08000a0c                HAL_NVIC_SetPriority
 .text.HAL_NVIC_EnableIRQ
                0x08000a36       0x20 ./Drivers/STM32F0xx_HAL_Driver/Src/stm32f0xx_hal_cortex.o
                0x08000a36                HAL_NVIC_EnableIRQ
 .text.HAL_DMA_Abort_IT
                0x08000a56       0x8a ./Drivers/STM32F0xx_HAL_Driver/Src/stm32f0xx_hal_dma.o
                0x08000a56                HAL_DMA_Abort_IT
 .text.HAL_GPIO_Init
                0x08000ae0      0x2e0 ./Drivers/STM32F0xx_HAL_Driver/Src/stm32f0xx_hal_gpio.o
                0x08000ae0                HAL_GPIO_Init
 .text.HAL_GPIO_ReadPin
                0x08000dc0       0x3a ./Drivers/STM32F0xx_HAL_Driver/Src/stm32f0xx_hal_gpio.o
                0x08000dc0                HAL_GPIO_ReadPin
 .text.HAL_GPIO_WritePin
                0x08000dfa       0x3a ./Drivers/STM32F0xx_HAL_Driver/Src/stm32f0xx_hal_gpio.o
                0x08000dfa                HAL_GPIO_WritePin
 .text.HAL_RCC_OscConfig
                0x08000e34      0x634 ./Drivers/STM32F0xx_HAL_Driver/Src/stm32f0xx_hal_rcc.o
                0x08000e34                HAL_RCC_OscConfig
 .text.HAL_RCC_ClockConfig
                0x08001468      0x19c ./Drivers/STM32F0xx_HAL_Driver/Src/stm32f0xx_hal_rcc.o
                0x08001468                HAL_RCC_ClockConfig
 .text.HAL_RCC_GetSysClockFreq
                0x08001604       0xac ./Drivers/STM32F0xx_HAL_Driver/Src/stm32f0xx_hal_rcc.o
                0x08001604                HAL_RCC_GetSysClockFreq
 .text.HAL_RCC_GetHCLKFreq
                0x080016b0       0x14 ./Drivers/STM32F0xx_HAL_Driver/Src/stm32f0xx_hal_rcc.o
                0x080016b0                HAL_RCC_GetHCLKFreq
 .text.HAL_RCC_GetPCLK1Freq
                0x080016c4       0x2c ./Drivers/STM32F0xx_HAL_Driver/Src/stm32f0xx_hal_rcc.o
                0x080016c4                HAL_RCC_GetPCLK1Freq
 .text.HAL_RCC_GetClockConfig
                0x080016f0       0x54 ./Drivers/STM32F0xx_HAL_Driver/Src/stm32f0xx_hal_rcc.o
                0x080016f0                HAL_RCC_GetClockConfig
 .text.HAL_SPI_Init
                0x08001744      0x170 ./Drivers/STM32F0xx_HAL_Driver/Src/stm32f0xx_hal_spi.o
                0x08001744                HAL_SPI_Init
 .text.HAL_SPI_IRQHandler
                0x080018b4      0x1d4 ./Drivers/STM32F0xx_HAL_Driver/Src/stm32f0xx_hal_spi.o
                0x080018b4                HAL_SPI_IRQHandler
 .text.HAL_SPI_ErrorCallback
                0x08001a88       0x10 ./Drivers/STM32F0xx_HAL_Driver/Src/stm32f0xx_hal_spi.o
                0x08001a88                HAL_SPI_ErrorCallback
 .text.SPI_DMAAbortOnError
                0x08001a98       0x2c ./Drivers/STM32F0xx_HAL_Driver/Src/stm32f0xx_hal_spi.o
 .text.HAL_TIM_Base_Init
                0x08001ac4       0xa0 ./Drivers/STM32F0xx_HAL_Driver/Src/stm32f0xx_hal_tim.o
                0x08001ac4                HAL_TIM_Base_Init
 .text.HAL_TIM_Base_MspInit
                0x08001b64       0x10 ./Drivers/STM32F0xx_HAL_Driver/Src/stm32f0xx_hal_tim.o
                0x08001b64                HAL_TIM_Base_MspInit
 .text.HAL_TIM_Base_Start_IT
                0x08001b74       0xa4 ./Drivers/STM32F0xx_HAL_Driver/Src/stm32f0xx_hal_tim.o
                0x08001b74                HAL_TIM_Base_Start_IT
 .text.HAL_TIM_IRQHandler
                0x08001c18      0x1dc ./Drivers/STM32F0xx_HAL_Driver/Src/stm32f0xx_hal_tim.o
                0x08001c18                HAL_TIM_IRQHandler
 .text.HAL_TIM_OC_DelayElapsedCallback
                0x08001df4       0x10 ./Drivers/STM32F0xx_HAL_Driver/Src/stm32f0xx_hal_tim.o
                0x08001df4                HAL_TIM_OC_DelayElapsedCallback
 .text.HAL_TIM_IC_CaptureCallback
                0x08001e04       0x10 ./Drivers/STM32F0xx_HAL_Driver/Src/stm32f0xx_hal_tim.o
                0x08001e04                HAL_TIM_IC_CaptureCallback
 .text.HAL_TIM_PWM_PulseFinishedCallback
                0x08001e14       0x10 ./Drivers/STM32F0xx_HAL_Driver/Src/stm32f0xx_hal_tim.o
                0x08001e14                HAL_TIM_PWM_PulseFinishedCallback
 .text.HAL_TIM_TriggerCallback
                0x08001e24       0x10 ./Drivers/STM32F0xx_HAL_Driver/Src/stm32f0xx_hal_tim.o
                0x08001e24                HAL_TIM_TriggerCallback
 .text.TIM_Base_SetConfig
                0x08001e34      0x11c ./Drivers/STM32F0xx_HAL_Driver/Src/stm32f0xx_hal_tim.o
                0x08001e34                TIM_Base_SetConfig
 .text.HAL_TIMEx_CommutCallback
                0x08001f50       0x10 ./Drivers/STM32F0xx_HAL_Driver/Src/stm32f0xx_hal_tim_ex.o
                0x08001f50                HAL_TIMEx_CommutCallback
 .text.HAL_TIMEx_BreakCallback
                0x08001f60       0x10 ./Drivers/STM32F0xx_HAL_Driver/Src/stm32f0xx_hal_tim_ex.o
                0x08001f60                HAL_TIMEx_BreakCallback
 .text.makeFreeRtosPriority
                0x08001f70       0x32 ./Middlewares/Third_Party/FreeRTOS/Source/CMSIS_RTOS/cmsis_os.o
 .text.osKernelStart
                0x08001fa2       0x10 ./Middlewares/Third_Party/FreeRTOS/Source/CMSIS_RTOS/cmsis_os.o
                0x08001fa2                osKernelStart
 .text.osThreadCreate
                0x08001fb2       0x9a ./Middlewares/Third_Party/FreeRTOS/Source/CMSIS_RTOS/cmsis_os.o
                0x08001fb2                osThreadCreate
 .text.osDelay  0x0800204c       0x28 ./Middlewares/Third_Party/FreeRTOS/Source/CMSIS_RTOS/cmsis_os.o
                0x0800204c                osDelay
 .text.vListInitialise
                0x08002074       0x3c ./Middlewares/Third_Party/FreeRTOS/Source/list.o
                0x08002074                vListInitialise
 .text.vListInitialiseItem
                0x080020b0       0x16 ./Middlewares/Third_Party/FreeRTOS/Source/list.o
                0x080020b0                vListInitialiseItem
 .text.vListInsertEnd
                0x080020c6       0x44 ./Middlewares/Third_Party/FreeRTOS/Source/list.o
                0x080020c6                vListInsertEnd
 .text.vListInsert
                0x0800210a       0x6c ./Middlewares/Third_Party/FreeRTOS/Source/list.o
                0x0800210a                vListInsert
 .text.uxListRemove
                0x08002176       0x50 ./Middlewares/Third_Party/FreeRTOS/Source/list.o
                0x08002176                uxListRemove
 .text.xQueueGenericReset
                0x080021c6       0xaa ./Middlewares/Third_Party/FreeRTOS/Source/queue.o
                0x080021c6                xQueueGenericReset
 .text.xQueueGenericCreate
                0x08002270       0x6e ./Middlewares/Third_Party/FreeRTOS/Source/queue.o
                0x08002270                xQueueGenericCreate
 .text.prvInitialiseNewQueue
                0x080022de       0x44 ./Middlewares/Third_Party/FreeRTOS/Source/queue.o
 .text.xTaskCreateStatic
                0x08002322       0x8c ./Middlewares/Third_Party/FreeRTOS/Source/tasks.o
                0x08002322                xTaskCreateStatic
 .text.xTaskCreate
                0x080023ae       0x98 ./Middlewares/Third_Party/FreeRTOS/Source/tasks.o
                0x080023ae                xTaskCreate
 *fill*         0x08002446        0x2 
 .text.prvInitialiseNewTask
                0x08002448       0xf4 ./Middlewares/Third_Party/FreeRTOS/Source/tasks.o
 .text.prvAddNewTaskToReadyList
                0x0800253c       0xc8 ./Middlewares/Third_Party/FreeRTOS/Source/tasks.o
 .text.vTaskDelay
                0x08002604       0x4c ./Middlewares/Third_Party/FreeRTOS/Source/tasks.o
                0x08002604                vTaskDelay
 .text.vTaskStartScheduler
                0x08002650       0x9c ./Middlewares/Third_Party/FreeRTOS/Source/tasks.o
                0x08002650                vTaskStartScheduler
 .text.vTaskSuspendAll
                0x080026ec       0x18 ./Middlewares/Third_Party/FreeRTOS/Source/tasks.o
                0x080026ec                vTaskSuspendAll
 .text.xTaskResumeAll
                0x08002704      0x118 ./Middlewares/Third_Party/FreeRTOS/Source/tasks.o
                0x08002704                xTaskResumeAll
 .text.xTaskIncrementTick
                0x0800281c      0x16c ./Middlewares/Third_Party/FreeRTOS/Source/tasks.o
                0x0800281c                xTaskIncrementTick
 .text.vTaskSwitchContext
                0x08002988       0xa4 ./Middlewares/Third_Party/FreeRTOS/Source/tasks.o
                0x08002988                vTaskSwitchContext
 .text.xTaskRemoveFromEventList
                0x08002a2c       0xbc ./Middlewares/Third_Party/FreeRTOS/Source/tasks.o
                0x08002a2c                xTaskRemoveFromEventList
 .text.prvIdleTask
                0x08002ae8       0x20 ./Middlewares/Third_Party/FreeRTOS/Source/tasks.o
 .text.prvInitialiseTaskLists
                0x08002b08       0x88 ./Middlewares/Third_Party/FreeRTOS/Source/tasks.o
 .text.prvCheckTasksWaitingTermination
                0x08002b90       0x5c ./Middlewares/Third_Party/FreeRTOS/Source/tasks.o
 .text.prvDeleteTCB
                0x08002bec       0x52 ./Middlewares/Third_Party/FreeRTOS/Source/tasks.o
 *fill*         0x08002c3e        0x2 
 .text.prvResetNextTaskUnblockTime
                0x08002c40       0x48 ./Middlewares/Third_Party/FreeRTOS/Source/tasks.o
 .text.prvAddCurrentTaskToDelayedList
                0x08002c88       0xa8 ./Middlewares/Third_Party/FreeRTOS/Source/tasks.o
 .text.pxPortInitialiseStack
                0x08002d30       0x54 ./Middlewares/Third_Party/FreeRTOS/Source/portable/GCC/ARM_CM0/port.o
                0x08002d30                pxPortInitialiseStack
 .text.prvTaskExitError
                0x08002d84       0x30 ./Middlewares/Third_Party/FreeRTOS/Source/portable/GCC/ARM_CM0/port.o
 .text.SVC_Handler
                0x08002db4        0xa ./Middlewares/Third_Party/FreeRTOS/Source/portable/GCC/ARM_CM0/port.o
                0x08002db4                SVC_Handler
 *fill*         0x08002dbe        0x2 
 .text.vPortStartFirstTask
                0x08002dc0       0x38 ./Middlewares/Third_Party/FreeRTOS/Source/portable/GCC/ARM_CM0/port.o
 .text.xPortStartScheduler
                0x08002df8       0x48 ./Middlewares/Third_Party/FreeRTOS/Source/portable/GCC/ARM_CM0/port.o
                0x08002df8                xPortStartScheduler
 .text.vPortYield
                0x08002e40       0x20 ./Middlewares/Third_Party/FreeRTOS/Source/portable/GCC/ARM_CM0/port.o
                0x08002e40                vPortYield
 .text.vPortEnterCritical
                0x08002e60       0x24 ./Middlewares/Third_Party/FreeRTOS/Source/portable/GCC/ARM_CM0/port.o
                0x08002e60                vPortEnterCritical
 .text.vPortExitCritical
                0x08002e84       0x30 ./Middlewares/Third_Party/FreeRTOS/Source/portable/GCC/ARM_CM0/port.o
                0x08002e84                vPortExitCritical
 .text.ulSetInterruptMaskFromISR
                0x08002eb4        0xc ./Middlewares/Third_Party/FreeRTOS/Source/portable/GCC/ARM_CM0/port.o
                0x08002eb4                ulSetInterruptMaskFromISR
 .text.vClearInterruptMaskFromISR
                0x08002ec0        0x8 ./Middlewares/Third_Party/FreeRTOS/Source/portable/GCC/ARM_CM0/port.o
                0x08002ec0                vClearInterruptMaskFromISR
 *fill*         0x08002ec8        0x8 
 .text.PendSV_Handler
                0x08002ed0       0x48 ./Middlewares/Third_Party/FreeRTOS/Source/portable/GCC/ARM_CM0/port.o
                0x08002ed0                PendSV_Handler
 .text.SysTick_Handler
                0x08002f18       0x34 ./Middlewares/Third_Party/FreeRTOS/Source/portable/GCC/ARM_CM0/port.o
                0x08002f18                SysTick_Handler
 .text.prvSetupTimerInterrupt
                0x08002f4c       0x44 ./Middlewares/Third_Party/FreeRTOS/Source/portable/GCC/ARM_CM0/port.o
 .text.pvPortMalloc
                0x08002f90      0x150 ./Middlewares/Third_Party/FreeRTOS/Source/portable/MemMang/heap_4.o
                0x08002f90                pvPortMalloc
 .text.vPortFree
                0x080030e0       0x94 ./Middlewares/Third_Party/FreeRTOS/Source/portable/MemMang/heap_4.o
                0x080030e0                vPortFree
 .text.prvHeapInit
                0x08003174       0xc0 ./Middlewares/Third_Party/FreeRTOS/Source/portable/MemMang/heap_4.o
 .text.prvInsertBlockIntoFreeList
                0x08003234       0xb0 ./Middlewares/Third_Party/FreeRTOS/Source/portable/MemMang/heap_4.o
 .text.memset   0x080032e4       0x10 C:/ST/STM32CubeIDE_1.15.0/STM32CubeIDE/plugins/com.st.stm32cube.ide.mcu.externaltools.gnu-tools-for-stm32.12.3.rel1.win32_1.0.100.202403111256/tools/bin/../lib/gcc/arm-none-eabi/12.3.1/../../../../arm-none-eabi/lib/thumb/v6-m/nofp\libc_nano.a(libc_a-memset.o)
                0x080032e4                memset
 .text.__libc_init_array
                0x080032f4       0x48 C:/ST/STM32CubeIDE_1.15.0/STM32CubeIDE/plugins/com.st.stm32cube.ide.mcu.externaltools.gnu-tools-for-stm32.12.3.rel1.win32_1.0.100.202403111256/tools/bin/../lib/gcc/arm-none-eabi/12.3.1/../../../../arm-none-eabi/lib/thumb/v6-m/nofp\libc_nano.a(libc_a-init.o)
                0x080032f4                __libc_init_array
 *(.glue_7)
 .glue_7        0x0800333c        0x0 linker stubs
 *(.glue_7t)
 .glue_7t       0x0800333c        0x0 linker stubs
 *(.eh_frame)
 .eh_frame      0x0800333c        0x0 C:/ST/STM32CubeIDE_1.15.0/STM32CubeIDE/plugins/com.st.stm32cube.ide.mcu.externaltools.gnu-tools-for-stm32.12.3.rel1.win32_1.0.100.202403111256/tools/bin/../lib/gcc/arm-none-eabi/12.3.1/thumb/v6-m/nofp/crtbegin.o
 *(.init)
 .init          0x0800333c        0x4 C:/ST/STM32CubeIDE_1.15.0/STM32CubeIDE/plugins/com.st.stm32cube.ide.mcu.externaltools.gnu-tools-for-stm32.12.3.rel1.win32_1.0.100.202403111256/tools/bin/../lib/gcc/arm-none-eabi/12.3.1/thumb/v6-m/nofp/crti.o
                0x0800333c                _init
 .init          0x08003340        0x8 C:/ST/STM32CubeIDE_1.15.0/STM32CubeIDE/plugins/com.st.stm32cube.ide.mcu.externaltools.gnu-tools-for-stm32.12.3.rel1.win32_1.0.100.202403111256/tools/bin/../lib/gcc/arm-none-eabi/12.3.1/thumb/v6-m/nofp/crtn.o
 *(.fini)
 .fini          0x08003348        0x4 C:/ST/STM32CubeIDE_1.15.0/STM32CubeIDE/plugins/com.st.stm32cube.ide.mcu.externaltools.gnu-tools-for-stm32.12.3.rel1.win32_1.0.100.202403111256/tools/bin/../lib/gcc/arm-none-eabi/12.3.1/thumb/v6-m/nofp/crti.o
                0x08003348                _fini
 .fini          0x0800334c        0x8 C:/ST/STM32CubeIDE_1.15.0/STM32CubeIDE/plugins/com.st.stm32cube.ide.mcu.externaltools.gnu-tools-for-stm32.12.3.rel1.win32_1.0.100.202403111256/tools/bin/../lib/gcc/arm-none-eabi/12.3.1/thumb/v6-m/nofp/crtn.o
                0x08003354                        . = ALIGN (0x4)
                0x08003354                        _etext = .

.vfp11_veneer   0x08003354        0x0
 .vfp11_veneer  0x08003354        0x0 linker stubs

.v4_bx          0x08003354        0x0
 .v4_bx         0x08003354        0x0 linker stubs

.iplt           0x08003354        0x0
 .iplt          0x08003354        0x0 C:/ST/STM32CubeIDE_1.15.0/STM32CubeIDE/plugins/com.st.stm32cube.ide.mcu.externaltools.gnu-tools-for-stm32.12.3.rel1.win32_1.0.100.202403111256/tools/bin/../lib/gcc/arm-none-eabi/12.3.1/thumb/v6-m/nofp/crtbegin.o

.rodata         0x08003354       0xa0
                0x08003354                        . = ALIGN (0x4)
 *(.rodata)
 .rodata        0x08003354       0x60 ./Core/Src/Custom/doorCam_manager.o
 .rodata        0x080033b4        0x5 ./Middlewares/Third_Party/FreeRTOS/Source/tasks.o
 *(.rodata*)
 *fill*         0x080033b9        0x3 
 .rodata.AHBPrescTable
                0x080033bc       0x10 ./Core/Src/Machine-made/system_stm32f0xx.o
                0x080033bc                AHBPrescTable
 .rodata.APBPrescTable
                0x080033cc        0x8 ./Core/Src/Machine-made/system_stm32f0xx.o
                0x080033cc                APBPrescTable
 .rodata.aPLLMULFactorTable.1
                0x080033d4       0x10 ./Drivers/STM32F0xx_HAL_Driver/Src/stm32f0xx_hal_rcc.o
 .rodata.aPredivFactorTable.0
                0x080033e4       0x10 ./Drivers/STM32F0xx_HAL_Driver/Src/stm32f0xx_hal_rcc.o
                0x080033f4                        . = ALIGN (0x4)

.ARM.extab      0x080033f4        0x0
                0x080033f4                        . = ALIGN (0x4)
 *(.ARM.extab* .gnu.linkonce.armextab.*)
                0x080033f4                        . = ALIGN (0x4)

.ARM            0x080033f4        0x0
                0x080033f4                        . = ALIGN (0x4)
                0x080033f4                        __exidx_start = .
 *(.ARM.exidx*)
                0x080033f4                        __exidx_end = .
                0x080033f4                        . = ALIGN (0x4)

.preinit_array  0x080033f4        0x0
                0x080033f4                        . = ALIGN (0x4)
                0x080033f4                        PROVIDE (__preinit_array_start = .)
 *(.preinit_array*)
                0x080033f4                        PROVIDE (__preinit_array_end = .)
                0x080033f4                        . = ALIGN (0x4)

.init_array     0x080033f4        0x4
                0x080033f4                        . = ALIGN (0x4)
                0x080033f4                        PROVIDE (__init_array_start = .)
 *(SORT_BY_NAME(.init_array.*))
 *(.init_array*)
 .init_array    0x080033f4        0x4 C:/ST/STM32CubeIDE_1.15.0/STM32CubeIDE/plugins/com.st.stm32cube.ide.mcu.externaltools.gnu-tools-for-stm32.12.3.rel1.win32_1.0.100.202403111256/tools/bin/../lib/gcc/arm-none-eabi/12.3.1/thumb/v6-m/nofp/crtbegin.o
                0x080033f8                        PROVIDE (__init_array_end = .)
                0x080033f8                        . = ALIGN (0x4)

.fini_array     0x080033f8        0x4
                0x080033f8                        . = ALIGN (0x4)
                [!provide]                        PROVIDE (__fini_array_start = .)
 *(SORT_BY_NAME(.fini_array.*))
 *(.fini_array*)
 .fini_array    0x080033f8        0x4 C:/ST/STM32CubeIDE_1.15.0/STM32CubeIDE/plugins/com.st.stm32cube.ide.mcu.externaltools.gnu-tools-for-stm32.12.3.rel1.win32_1.0.100.202403111256/tools/bin/../lib/gcc/arm-none-eabi/12.3.1/thumb/v6-m/nofp/crtbegin.o
                [!provide]                        PROVIDE (__fini_array_end = .)
                0x080033fc                        . = ALIGN (0x4)
                0x080033fc                        _sidata = LOADADDR (.data)

.rel.dyn        0x080033fc        0x0
 .rel.iplt      0x080033fc        0x0 C:/ST/STM32CubeIDE_1.15.0/STM32CubeIDE/plugins/com.st.stm32cube.ide.mcu.externaltools.gnu-tools-for-stm32.12.3.rel1.win32_1.0.100.202403111256/tools/bin/../lib/gcc/arm-none-eabi/12.3.1/thumb/v6-m/nofp/crtbegin.o

.data           0x20000000       0x10 load address 0x080033fc
                0x20000000                        . = ALIGN (0x4)
                0x20000000                        _sdata = .
 *(.data)
 *(.data*)
 .data.SystemCoreClock
                0x20000000        0x4 ./Core/Src/Machine-made/system_stm32f0xx.o
                0x20000000                SystemCoreClock
 .data.uwTickPrio
                0x20000004        0x4 ./Drivers/STM32F0xx_HAL_Driver/Src/stm32f0xx_hal.o
                0x20000004                uwTickPrio
 .data.uwTickFreq
                0x20000008        0x1 ./Drivers/STM32F0xx_HAL_Driver/Src/stm32f0xx_hal.o
                0x20000008                uwTickFreq
 *fill*         0x20000009        0x3 
 .data.uxCriticalNesting
                0x2000000c        0x4 ./Middlewares/Third_Party/FreeRTOS/Source/portable/GCC/ARM_CM0/port.o
 *(.RamFunc)
 *(.RamFunc*)
                0x20000010                        . = ALIGN (0x4)
                0x20000010                        _edata = .

.igot.plt       0x20000010        0x0 load address 0x0800340c
 .igot.plt      0x20000010        0x0 C:/ST/STM32CubeIDE_1.15.0/STM32CubeIDE/plugins/com.st.stm32cube.ide.mcu.externaltools.gnu-tools-for-stm32.12.3.rel1.win32_1.0.100.202403111256/tools/bin/../lib/gcc/arm-none-eabi/12.3.1/thumb/v6-m/nofp/crtbegin.o
                0x20000010                        . = ALIGN (0x4)

.bss            0x20000010     0x106c load address 0x0800340c
                0x20000010                        _sbss = .
                0x20000010                        __bss_start__ = _sbss
 *(.bss)
 .bss           0x20000010       0x1c C:/ST/STM32CubeIDE_1.15.0/STM32CubeIDE/plugins/com.st.stm32cube.ide.mcu.externaltools.gnu-tools-for-stm32.12.3.rel1.win32_1.0.100.202403111256/tools/bin/../lib/gcc/arm-none-eabi/12.3.1/thumb/v6-m/nofp/crtbegin.o
 *(.bss*)
 .bss.hspi1     0x2000002c       0x64 ./Core/Src/Custom/SPIHandler.o
                0x2000002c                hspi1
 .bss.qProxTrigQueue
                0x20000090        0x4 ./Core/Src/Custom/doorCam_manager.o
                0x20000090                qProxTrigQueue
 .bss.defaultTaskHandle
                0x20000094        0x4 ./Core/Src/Custom/doorCam_manager.o
                0x20000094                defaultTaskHandle
 .bss.xIdleTaskTCBBuffer
                0x20000098       0x54 ./Core/Src/Machine-made/freertos.o
 .bss.xIdleStack
                0x200000ec      0x200 ./Core/Src/Machine-made/freertos.o
 .bss.htim1     0x200002ec       0x48 ./Core/Src/Machine-made/stm32f0xx_hal_timebase_tim.o
                0x200002ec                htim1
 .bss.uwTick    0x20000334        0x4 ./Drivers/STM32F0xx_HAL_Driver/Src/stm32f0xx_hal.o
                0x20000334                uwTick
 .bss.pxCurrentTCB
                0x20000338        0x4 ./Middlewares/Third_Party/FreeRTOS/Source/tasks.o
                0x20000338                pxCurrentTCB
 .bss.pxReadyTasksLists
                0x2000033c       0x8c ./Middlewares/Third_Party/FreeRTOS/Source/tasks.o
 .bss.xDelayedTaskList1
                0x200003c8       0x14 ./Middlewares/Third_Party/FreeRTOS/Source/tasks.o
 .bss.xDelayedTaskList2
                0x200003dc       0x14 ./Middlewares/Third_Party/FreeRTOS/Source/tasks.o
 .bss.pxDelayedTaskList
                0x200003f0        0x4 ./Middlewares/Third_Party/FreeRTOS/Source/tasks.o
 .bss.pxOverflowDelayedTaskList
                0x200003f4        0x4 ./Middlewares/Third_Party/FreeRTOS/Source/tasks.o
 .bss.xPendingReadyList
                0x200003f8       0x14 ./Middlewares/Third_Party/FreeRTOS/Source/tasks.o
 .bss.xTasksWaitingTermination
                0x2000040c       0x14 ./Middlewares/Third_Party/FreeRTOS/Source/tasks.o
 .bss.uxDeletedTasksWaitingCleanUp
                0x20000420        0x4 ./Middlewares/Third_Party/FreeRTOS/Source/tasks.o
 .bss.xSuspendedTaskList
                0x20000424       0x14 ./Middlewares/Third_Party/FreeRTOS/Source/tasks.o
 .bss.uxCurrentNumberOfTasks
                0x20000438        0x4 ./Middlewares/Third_Party/FreeRTOS/Source/tasks.o
 .bss.xTickCount
                0x2000043c        0x4 ./Middlewares/Third_Party/FreeRTOS/Source/tasks.o
 .bss.uxTopReadyPriority
                0x20000440        0x4 ./Middlewares/Third_Party/FreeRTOS/Source/tasks.o
 .bss.xSchedulerRunning
                0x20000444        0x4 ./Middlewares/Third_Party/FreeRTOS/Source/tasks.o
 .bss.uxPendedTicks
                0x20000448        0x4 ./Middlewares/Third_Party/FreeRTOS/Source/tasks.o
 .bss.xYieldPending
                0x2000044c        0x4 ./Middlewares/Third_Party/FreeRTOS/Source/tasks.o
 .bss.xNumOfOverflows
                0x20000450        0x4 ./Middlewares/Third_Party/FreeRTOS/Source/tasks.o
 .bss.uxTaskNumber
                0x20000454        0x4 ./Middlewares/Third_Party/FreeRTOS/Source/tasks.o
 .bss.xNextTaskUnblockTime
                0x20000458        0x4 ./Middlewares/Third_Party/FreeRTOS/Source/tasks.o
 .bss.xIdleTaskHandle
                0x2000045c        0x4 ./Middlewares/Third_Party/FreeRTOS/Source/tasks.o
 .bss.uxSchedulerSuspended
                0x20000460        0x4 ./Middlewares/Third_Party/FreeRTOS/Source/tasks.o
 .bss.ucHeap    0x20000464      0xc00 ./Middlewares/Third_Party/FreeRTOS/Source/portable/MemMang/heap_4.o
 .bss.xStart    0x20001064        0x8 ./Middlewares/Third_Party/FreeRTOS/Source/portable/MemMang/heap_4.o
 .bss.pxEnd     0x2000106c        0x4 ./Middlewares/Third_Party/FreeRTOS/Source/portable/MemMang/heap_4.o
 .bss.xFreeBytesRemaining
                0x20001070        0x4 ./Middlewares/Third_Party/FreeRTOS/Source/portable/MemMang/heap_4.o
 .bss.xMinimumEverFreeBytesRemaining
                0x20001074        0x4 ./Middlewares/Third_Party/FreeRTOS/Source/portable/MemMang/heap_4.o
 .bss.xBlockAllocatedBit
                0x20001078        0x4 ./Middlewares/Third_Party/FreeRTOS/Source/portable/MemMang/heap_4.o
 *(COMMON)
                0x2000107c                        . = ALIGN (0x4)
                0x2000107c                        _ebss = .
                0x2000107c                        __bss_end__ = _ebss

._user_heap_stack
                0x2000107c      0x604 load address 0x0800340c
                0x20001080                        . = ALIGN (0x8)
 *fill*         0x2000107c        0x4 
                [!provide]                        PROVIDE (end = .)
                0x20001080                        PROVIDE (_end = .)
                0x20001280                        . = (. + _Min_Heap_Size)
 *fill*         0x20001080      0x200 
                0x20001680                        . = (. + _Min_Stack_Size)
 *fill*         0x20001280      0x400 
                0x20001680                        . = ALIGN (0x8)

/DISCARD/
 libc.a(*)
 libm.a(*)
 libgcc.a(*)

.ARM.attributes
                0x00000000       0x28
 *(.ARM.attributes)
 .ARM.attributes
                0x00000000       0x1e C:/ST/STM32CubeIDE_1.15.0/STM32CubeIDE/plugins/com.st.stm32cube.ide.mcu.externaltools.gnu-tools-for-stm32.12.3.rel1.win32_1.0.100.202403111256/tools/bin/../lib/gcc/arm-none-eabi/12.3.1/thumb/v6-m/nofp/crti.o
 .ARM.attributes
                0x0000001e       0x2c C:/ST/STM32CubeIDE_1.15.0/STM32CubeIDE/plugins/com.st.stm32cube.ide.mcu.externaltools.gnu-tools-for-stm32.12.3.rel1.win32_1.0.100.202403111256/tools/bin/../lib/gcc/arm-none-eabi/12.3.1/thumb/v6-m/nofp/crtbegin.o
 .ARM.attributes
                0x0000004a       0x2c ./Core/Src/Custom/GPIOHandler.o
 .ARM.attributes
                0x00000076       0x2c ./Core/Src/Custom/SPIHandler.o
 .ARM.attributes
                0x000000a2       0x2c ./Core/Src/Custom/SystemClockConfig.o
 .ARM.attributes
                0x000000ce       0x2c ./Core/Src/Custom/doorCam_manager.o
 .ARM.attributes
                0x000000fa       0x2c ./Core/Src/Machine-made/freertos.o
 .ARM.attributes
                0x00000126       0x2c ./Core/Src/Machine-made/main.o
 .ARM.attributes
                0x00000152       0x2c ./Core/Src/Machine-made/stm32f0xx_hal_msp.o
 .ARM.attributes
                0x0000017e       0x2c ./Core/Src/Machine-made/stm32f0xx_hal_timebase_tim.o
 .ARM.attributes
                0x000001aa       0x2c ./Core/Src/Machine-made/stm32f0xx_it.o
 .ARM.attributes
                0x000001d6       0x2c ./Core/Src/Machine-made/system_stm32f0xx.o
 .ARM.attributes
                0x00000202       0x21 ./Core/Startup/startup_stm32f051r8tx.o
 .ARM.attributes
                0x00000223       0x2c ./Drivers/STM32F0xx_HAL_Driver/Src/stm32f0xx_hal.o
 .ARM.attributes
                0x0000024f       0x2c ./Drivers/STM32F0xx_HAL_Driver/Src/stm32f0xx_hal_cortex.o
 .ARM.attributes
                0x0000027b       0x2c ./Drivers/STM32F0xx_HAL_Driver/Src/stm32f0xx_hal_dma.o
 .ARM.attributes
                0x000002a7       0x2c ./Drivers/STM32F0xx_HAL_Driver/Src/stm32f0xx_hal_gpio.o
 .ARM.attributes
                0x000002d3       0x2c ./Drivers/STM32F0xx_HAL_Driver/Src/stm32f0xx_hal_rcc.o
 .ARM.attributes
                0x000002ff       0x2c ./Drivers/STM32F0xx_HAL_Driver/Src/stm32f0xx_hal_spi.o
 .ARM.attributes
                0x0000032b       0x2c ./Drivers/STM32F0xx_HAL_Driver/Src/stm32f0xx_hal_tim.o
 .ARM.attributes
                0x00000357       0x2c ./Drivers/STM32F0xx_HAL_Driver/Src/stm32f0xx_hal_tim_ex.o
 .ARM.attributes
                0x00000383       0x2c ./Middlewares/Third_Party/FreeRTOS/Source/CMSIS_RTOS/cmsis_os.o
 .ARM.attributes
                0x000003af       0x2c ./Middlewares/Third_Party/FreeRTOS/Source/list.o
 .ARM.attributes
                0x000003db       0x2c ./Middlewares/Third_Party/FreeRTOS/Source/queue.o
 .ARM.attributes
                0x00000407       0x2c ./Middlewares/Third_Party/FreeRTOS/Source/tasks.o
 .ARM.attributes
                0x00000433       0x2c ./Middlewares/Third_Party/FreeRTOS/Source/portable/GCC/ARM_CM0/port.o
 .ARM.attributes
                0x0000045f       0x2c ./Middlewares/Third_Party/FreeRTOS/Source/portable/MemMang/heap_4.o
 .ARM.attributes
                0x0000048b       0x2c C:/ST/STM32CubeIDE_1.15.0/STM32CubeIDE/plugins/com.st.stm32cube.ide.mcu.externaltools.gnu-tools-for-stm32.12.3.rel1.win32_1.0.100.202403111256/tools/bin/../lib/gcc/arm-none-eabi/12.3.1/../../../../arm-none-eabi/lib/thumb/v6-m/nofp\libc_nano.a(libc_a-memset.o)
 .ARM.attributes
                0x000004b7       0x2c C:/ST/STM32CubeIDE_1.15.0/STM32CubeIDE/plugins/com.st.stm32cube.ide.mcu.externaltools.gnu-tools-for-stm32.12.3.rel1.win32_1.0.100.202403111256/tools/bin/../lib/gcc/arm-none-eabi/12.3.1/../../../../arm-none-eabi/lib/thumb/v6-m/nofp\libc_nano.a(libc_a-init.o)
 .ARM.attributes
                0x000004e3       0x1e C:/ST/STM32CubeIDE_1.15.0/STM32CubeIDE/plugins/com.st.stm32cube.ide.mcu.externaltools.gnu-tools-for-stm32.12.3.rel1.win32_1.0.100.202403111256/tools/bin/../lib/gcc/arm-none-eabi/12.3.1/thumb/v6-m/nofp\libgcc.a(_udivsi3.o)
 .ARM.attributes
                0x00000501       0x1e C:/ST/STM32CubeIDE_1.15.0/STM32CubeIDE/plugins/com.st.stm32cube.ide.mcu.externaltools.gnu-tools-for-stm32.12.3.rel1.win32_1.0.100.202403111256/tools/bin/../lib/gcc/arm-none-eabi/12.3.1/thumb/v6-m/nofp\libgcc.a(_dvmd_tls.o)
 .ARM.attributes
                0x0000051f       0x1e C:/ST/STM32CubeIDE_1.15.0/STM32CubeIDE/plugins/com.st.stm32cube.ide.mcu.externaltools.gnu-tools-for-stm32.12.3.rel1.win32_1.0.100.202403111256/tools/bin/../lib/gcc/arm-none-eabi/12.3.1/thumb/v6-m/nofp/crtn.o
OUTPUT(doorCam.elf elf32-littlearm)
LOAD linker stubs
LOAD C:/ST/STM32CubeIDE_1.15.0/STM32CubeIDE/plugins/com.st.stm32cube.ide.mcu.externaltools.gnu-tools-for-stm32.12.3.rel1.win32_1.0.100.202403111256/tools/bin/../lib/gcc/arm-none-eabi/12.3.1/../../../../arm-none-eabi/lib/thumb/v6-m/nofp\libc.a
LOAD C:/ST/STM32CubeIDE_1.15.0/STM32CubeIDE/plugins/com.st.stm32cube.ide.mcu.externaltools.gnu-tools-for-stm32.12.3.rel1.win32_1.0.100.202403111256/tools/bin/../lib/gcc/arm-none-eabi/12.3.1/../../../../arm-none-eabi/lib/thumb/v6-m/nofp\libm.a
LOAD C:/ST/STM32CubeIDE_1.15.0/STM32CubeIDE/plugins/com.st.stm32cube.ide.mcu.externaltools.gnu-tools-for-stm32.12.3.rel1.win32_1.0.100.202403111256/tools/bin/../lib/gcc/arm-none-eabi/12.3.1/thumb/v6-m/nofp\libgcc.a

.debug_info     0x00000000     0xfa39
 .debug_info    0x00000000      0x38a ./Core/Src/Custom/GPIOHandler.o
 .debug_info    0x0000038a      0x685 ./Core/Src/Custom/SPIHandler.o
 .debug_info    0x00000a0f      0x22e ./Core/Src/Custom/SystemClockConfig.o
 .debug_info    0x00000c3d      0x55f ./Core/Src/Custom/doorCam_manager.o
 .debug_info    0x0000119c      0x279 ./Core/Src/Machine-made/freertos.o
 .debug_info    0x00001415      0x68c ./Core/Src/Machine-made/main.o
 .debug_info    0x00001aa1      0x971 ./Core/Src/Machine-made/stm32f0xx_hal_msp.o
 .debug_info    0x00002412      0x94f ./Core/Src/Machine-made/stm32f0xx_hal_timebase_tim.o
 .debug_info    0x00002d61      0x91b ./Core/Src/Machine-made/stm32f0xx_it.o
 .debug_info    0x0000367c      0x242 ./Core/Src/Machine-made/system_stm32f0xx.o
 .debug_info    0x000038be       0x30 ./Core/Startup/startup_stm32f051r8tx.o
 .debug_info    0x000038ee      0x6a9 ./Drivers/STM32F0xx_HAL_Driver/Src/stm32f0xx_hal.o
 .debug_info    0x00003f97      0x6b3 ./Drivers/STM32F0xx_HAL_Driver/Src/stm32f0xx_hal_cortex.o
 .debug_info    0x0000464a      0x700 ./Drivers/STM32F0xx_HAL_Driver/Src/stm32f0xx_hal_dma.o
 .debug_info    0x00004d4a      0x5b4 ./Drivers/STM32F0xx_HAL_Driver/Src/stm32f0xx_hal_gpio.o
 .debug_info    0x000052fe      0x833 ./Drivers/STM32F0xx_HAL_Driver/Src/stm32f0xx_hal_rcc.o
 .debug_info    0x00005b31     0x1624 ./Drivers/STM32F0xx_HAL_Driver/Src/stm32f0xx_hal_spi.o
 .debug_info    0x00007155     0x2946 ./Drivers/STM32F0xx_HAL_Driver/Src/stm32f0xx_hal_tim.o
 .debug_info    0x00009a9b     0x1488 ./Drivers/STM32F0xx_HAL_Driver/Src/stm32f0xx_hal_tim_ex.o
 .debug_info    0x0000af23     0x1adc ./Middlewares/Third_Party/FreeRTOS/Source/CMSIS_RTOS/cmsis_os.o
 .debug_info    0x0000c9ff      0x2aa ./Middlewares/Third_Party/FreeRTOS/Source/list.o
 .debug_info    0x0000cca9     0x11bc ./Middlewares/Third_Party/FreeRTOS/Source/queue.o
 .debug_info    0x0000de65     0x1642 ./Middlewares/Third_Party/FreeRTOS/Source/tasks.o
 .debug_info    0x0000f4a7      0x289 ./Middlewares/Third_Party/FreeRTOS/Source/portable/GCC/ARM_CM0/port.o
 .debug_info    0x0000f730      0x309 ./Middlewares/Third_Party/FreeRTOS/Source/portable/MemMang/heap_4.o

.debug_abbrev   0x00000000     0x3020
 .debug_abbrev  0x00000000      0x1a1 ./Core/Src/Custom/GPIOHandler.o
 .debug_abbrev  0x000001a1      0x1c5 ./Core/Src/Custom/SPIHandler.o
 .debug_abbrev  0x00000366      0x117 ./Core/Src/Custom/SystemClockConfig.o
 .debug_abbrev  0x0000047d      0x1a5 ./Core/Src/Custom/doorCam_manager.o
 .debug_abbrev  0x00000622       0xd2 ./Core/Src/Machine-made/freertos.o
 .debug_abbrev  0x000006f4      0x1f6 ./Core/Src/Machine-made/main.o
 .debug_abbrev  0x000008ea      0x1c4 ./Core/Src/Machine-made/stm32f0xx_hal_msp.o
 .debug_abbrev  0x00000aae      0x21f ./Core/Src/Machine-made/stm32f0xx_hal_timebase_tim.o
 .debug_abbrev  0x00000ccd      0x194 ./Core/Src/Machine-made/stm32f0xx_it.o
 .debug_abbrev  0x00000e61      0x11c ./Core/Src/Machine-made/system_stm32f0xx.o
 .debug_abbrev  0x00000f7d       0x24 ./Core/Startup/startup_stm32f051r8tx.o
 .debug_abbrev  0x00000fa1      0x247 ./Drivers/STM32F0xx_HAL_Driver/Src/stm32f0xx_hal.o
 .debug_abbrev  0x000011e8      0x28c ./Drivers/STM32F0xx_HAL_Driver/Src/stm32f0xx_hal_cortex.o
 .debug_abbrev  0x00001474      0x1ef ./Drivers/STM32F0xx_HAL_Driver/Src/stm32f0xx_hal_dma.o
 .debug_abbrev  0x00001663      0x1ca ./Drivers/STM32F0xx_HAL_Driver/Src/stm32f0xx_hal_gpio.o
 .debug_abbrev  0x0000182d      0x28c ./Drivers/STM32F0xx_HAL_Driver/Src/stm32f0xx_hal_rcc.o
 .debug_abbrev  0x00001ab9      0x265 ./Drivers/STM32F0xx_HAL_Driver/Src/stm32f0xx_hal_spi.o
 .debug_abbrev  0x00001d1e      0x28c ./Drivers/STM32F0xx_HAL_Driver/Src/stm32f0xx_hal_tim.o
 .debug_abbrev  0x00001faa      0x297 ./Drivers/STM32F0xx_HAL_Driver/Src/stm32f0xx_hal_tim_ex.o
 .debug_abbrev  0x00002241      0x334 ./Middlewares/Third_Party/FreeRTOS/Source/CMSIS_RTOS/cmsis_os.o
 .debug_abbrev  0x00002575       0xf5 ./Middlewares/Third_Party/FreeRTOS/Source/list.o
 .debug_abbrev  0x0000266a      0x340 ./Middlewares/Third_Party/FreeRTOS/Source/queue.o
 .debug_abbrev  0x000029aa      0x2eb ./Middlewares/Third_Party/FreeRTOS/Source/tasks.o
 .debug_abbrev  0x00002c95      0x1ea ./Middlewares/Third_Party/FreeRTOS/Source/portable/GCC/ARM_CM0/port.o
 .debug_abbrev  0x00002e7f      0x1a1 ./Middlewares/Third_Party/FreeRTOS/Source/portable/MemMang/heap_4.o

.debug_aranges  0x00000000     0x11a8
 .debug_aranges
                0x00000000       0x48 ./Core/Src/Custom/GPIOHandler.o
 .debug_aranges
                0x00000048       0x28 ./Core/Src/Custom/SPIHandler.o
 .debug_aranges
                0x00000070       0x20 ./Core/Src/Custom/SystemClockConfig.o
 .debug_aranges
                0x00000090       0x40 ./Core/Src/Custom/doorCam_manager.o
 .debug_aranges
                0x000000d0       0x20 ./Core/Src/Machine-made/freertos.o
 .debug_aranges
                0x000000f0       0x30 ./Core/Src/Machine-made/main.o
 .debug_aranges
                0x00000120       0x30 ./Core/Src/Machine-made/stm32f0xx_hal_msp.o
 .debug_aranges
                0x00000150       0x30 ./Core/Src/Machine-made/stm32f0xx_hal_timebase_tim.o
 .debug_aranges
                0x00000180       0x38 ./Core/Src/Machine-made/stm32f0xx_it.o
 .debug_aranges
                0x000001b8       0x28 ./Core/Src/Machine-made/system_stm32f0xx.o
 .debug_aranges
                0x000001e0       0x28 ./Core/Startup/startup_stm32f051r8tx.o
 .debug_aranges
                0x00000208       0xd0 ./Drivers/STM32F0xx_HAL_Driver/Src/stm32f0xx_hal.o
 .debug_aranges
                0x000002d8       0xc0 ./Drivers/STM32F0xx_HAL_Driver/Src/stm32f0xx_hal_cortex.o
 .debug_aranges
                0x00000398       0x88 ./Drivers/STM32F0xx_HAL_Driver/Src/stm32f0xx_hal_dma.o
 .debug_aranges
                0x00000420       0x58 ./Drivers/STM32F0xx_HAL_Driver/Src/stm32f0xx_hal_gpio.o
 .debug_aranges
                0x00000478       0x80 ./Drivers/STM32F0xx_HAL_Driver/Src/stm32f0xx_hal_rcc.o
 .debug_aranges
                0x000004f8      0x1d8 ./Drivers/STM32F0xx_HAL_Driver/Src/stm32f0xx_hal_spi.o
 .debug_aranges
                0x000006d0      0x3d0 ./Drivers/STM32F0xx_HAL_Driver/Src/stm32f0xx_hal_tim.o
 .debug_aranges
                0x00000aa0      0x168 ./Drivers/STM32F0xx_HAL_Driver/Src/stm32f0xx_hal_tim_ex.o
 .debug_aranges
                0x00000c08      0x1d8 ./Middlewares/Third_Party/FreeRTOS/Source/CMSIS_RTOS/cmsis_os.o
 .debug_aranges
                0x00000de0       0x40 ./Middlewares/Third_Party/FreeRTOS/Source/list.o
 .debug_aranges
                0x00000e20      0x108 ./Middlewares/Third_Party/FreeRTOS/Source/queue.o
 .debug_aranges
                0x00000f28      0x1a8 ./Middlewares/Third_Party/FreeRTOS/Source/tasks.o
 .debug_aranges
                0x000010d0       0x88 ./Middlewares/Third_Party/FreeRTOS/Source/portable/GCC/ARM_CM0/port.o
 .debug_aranges
                0x00001158       0x50 ./Middlewares/Third_Party/FreeRTOS/Source/portable/MemMang/heap_4.o

.debug_rnglists
                0x00000000      0xd8c
 .debug_rnglists
                0x00000000       0x32 ./Core/Src/Custom/GPIOHandler.o
 .debug_rnglists
                0x00000032       0x19 ./Core/Src/Custom/SPIHandler.o
 .debug_rnglists
                0x0000004b       0x14 ./Core/Src/Custom/SystemClockConfig.o
 .debug_rnglists
                0x0000005f       0x2c ./Core/Src/Custom/doorCam_manager.o
 .debug_rnglists
                0x0000008b       0x13 ./Core/Src/Machine-made/freertos.o
 .debug_rnglists
                0x0000009e       0x1f ./Core/Src/Machine-made/main.o
 .debug_rnglists
                0x000000bd       0x20 ./Core/Src/Machine-made/stm32f0xx_hal_msp.o
 .debug_rnglists
                0x000000dd       0x20 ./Core/Src/Machine-made/stm32f0xx_hal_timebase_tim.o
 .debug_rnglists
                0x000000fd       0x25 ./Core/Src/Machine-made/stm32f0xx_it.o
 .debug_rnglists
                0x00000122       0x1a ./Core/Src/Machine-made/system_stm32f0xx.o
 .debug_rnglists
                0x0000013c       0x19 ./Core/Startup/startup_stm32f051r8tx.o
 .debug_rnglists
                0x00000155       0x97 ./Drivers/STM32F0xx_HAL_Driver/Src/stm32f0xx_hal.o
 .debug_rnglists
                0x000001ec       0x8c ./Drivers/STM32F0xx_HAL_Driver/Src/stm32f0xx_hal_cortex.o
 .debug_rnglists
                0x00000278       0x6a ./Drivers/STM32F0xx_HAL_Driver/Src/stm32f0xx_hal_dma.o
 .debug_rnglists
                0x000002e2       0x3f ./Drivers/STM32F0xx_HAL_Driver/Src/stm32f0xx_hal_gpio.o
 .debug_rnglists
                0x00000321       0x60 ./Drivers/STM32F0xx_HAL_Driver/Src/stm32f0xx_hal_rcc.o
 .debug_rnglists
                0x00000381      0x17a ./Drivers/STM32F0xx_HAL_Driver/Src/stm32f0xx_hal_spi.o
 .debug_rnglists
                0x000004fb      0x31c ./Drivers/STM32F0xx_HAL_Driver/Src/stm32f0xx_hal_tim.o
 .debug_rnglists
                0x00000817      0x126 ./Drivers/STM32F0xx_HAL_Driver/Src/stm32f0xx_hal_tim_ex.o
 .debug_rnglists
                0x0000093d      0x168 ./Middlewares/Third_Party/FreeRTOS/Source/CMSIS_RTOS/cmsis_os.o
 .debug_rnglists
                0x00000aa5       0x2b ./Middlewares/Third_Party/FreeRTOS/Source/list.o
 .debug_rnglists
                0x00000ad0       0xcd ./Middlewares/Third_Party/FreeRTOS/Source/queue.o
 .debug_rnglists
                0x00000b9d      0x153 ./Middlewares/Third_Party/FreeRTOS/Source/tasks.o
 .debug_rnglists
                0x00000cf0       0x61 ./Middlewares/Third_Party/FreeRTOS/Source/portable/GCC/ARM_CM0/port.o
 .debug_rnglists
                0x00000d51       0x3b ./Middlewares/Third_Party/FreeRTOS/Source/portable/MemMang/heap_4.o

.debug_macro    0x00000000    0x13a35
 .debug_macro   0x00000000      0x1db ./Core/Src/Custom/GPIOHandler.o
 .debug_macro   0x000001db      0xa8a ./Core/Src/Custom/GPIOHandler.o
 .debug_macro   0x00000c65       0x22 ./Core/Src/Custom/GPIOHandler.o
 .debug_macro   0x00000c87      0x133 ./Core/Src/Custom/GPIOHandler.o
 .debug_macro   0x00000dba       0x2e ./Core/Src/Custom/GPIOHandler.o
 .debug_macro   0x00000de8       0x22 ./Core/Src/Custom/GPIOHandler.o
 .debug_macro   0x00000e0a       0x22 ./Core/Src/Custom/GPIOHandler.o
 .debug_macro   0x00000e2c       0x8e ./Core/Src/Custom/GPIOHandler.o
 .debug_macro   0x00000eba       0x51 ./Core/Src/Custom/GPIOHandler.o
 .debug_macro   0x00000f0b      0x103 ./Core/Src/Custom/GPIOHandler.o
 .debug_macro   0x0000100e       0x6a ./Core/Src/Custom/GPIOHandler.o
 .debug_macro   0x00001078      0x1df ./Core/Src/Custom/GPIOHandler.o
 .debug_macro   0x00001257       0x1c ./Core/Src/Custom/GPIOHandler.o
 .debug_macro   0x00001273       0x22 ./Core/Src/Custom/GPIOHandler.o
 .debug_macro   0x00001295       0xaf ./Core/Src/Custom/GPIOHandler.o
 .debug_macro   0x00001344      0x391 ./Core/Src/Custom/GPIOHandler.o
 .debug_macro   0x000016d5     0x8d00 ./Core/Src/Custom/GPIOHandler.o
 .debug_macro   0x0000a3d5       0x66 ./Core/Src/Custom/GPIOHandler.o
 .debug_macro   0x0000a43b     0x34da ./Core/Src/Custom/GPIOHandler.o
 .debug_macro   0x0000d915      0x189 ./Core/Src/Custom/GPIOHandler.o
 .debug_macro   0x0000da9e       0x55 ./Core/Src/Custom/GPIOHandler.o
 .debug_macro   0x0000daf3      0x924 ./Core/Src/Custom/GPIOHandler.o
 .debug_macro   0x0000e417      0x251 ./Core/Src/Custom/GPIOHandler.o
 .debug_macro   0x0000e668      0x1ae ./Core/Src/Custom/GPIOHandler.o
 .debug_macro   0x0000e816      0x114 ./Core/Src/Custom/GPIOHandler.o
 .debug_macro   0x0000e92a      0x1a0 ./Core/Src/Custom/GPIOHandler.o
 .debug_macro   0x0000eaca      0x1ed ./Core/Src/Custom/GPIOHandler.o
 .debug_macro   0x0000ecb7       0x34 ./Core/Src/Custom/GPIOHandler.o
 .debug_macro   0x0000eceb       0x43 ./Core/Src/Custom/GPIOHandler.o
 .debug_macro   0x0000ed2e       0x28 ./Core/Src/Custom/GPIOHandler.o
 .debug_macro   0x0000ed56       0xb0 ./Core/Src/Custom/GPIOHandler.o
 .debug_macro   0x0000ee06      0x199 ./Core/Src/Custom/GPIOHandler.o
 .debug_macro   0x0000ef9f      0x22c ./Core/Src/Custom/GPIOHandler.o
 .debug_macro   0x0000f1cb       0x61 ./Core/Src/Custom/GPIOHandler.o
 .debug_macro   0x0000f22c       0xa5 ./Core/Src/Custom/GPIOHandler.o
 .debug_macro   0x0000f2d1       0x4c ./Core/Src/Custom/GPIOHandler.o
 .debug_macro   0x0000f31d      0x112 ./Core/Src/Custom/GPIOHandler.o
 .debug_macro   0x0000f42f      0x2fe ./Core/Src/Custom/GPIOHandler.o
 .debug_macro   0x0000f72d      0x8f4 ./Core/Src/Custom/GPIOHandler.o
 .debug_macro   0x00010021       0x28 ./Core/Src/Custom/GPIOHandler.o
 .debug_macro   0x00010049      0x114 ./Core/Src/Custom/GPIOHandler.o
 .debug_macro   0x0001015d       0x40 ./Core/Src/Custom/GPIOHandler.o
 .debug_macro   0x0001019d      0x1d5 ./Core/Src/Custom/SPIHandler.o
 .debug_macro   0x00010372       0x16 ./Core/Src/Custom/SPIHandler.o
 .debug_macro   0x00010388      0x1cd ./Core/Src/Custom/SystemClockConfig.o
 .debug_macro   0x00010555      0x2ba ./Core/Src/Custom/doorCam_manager.o
 .debug_macro   0x0001080f       0xb2 ./Core/Src/Custom/doorCam_manager.o
 .debug_macro   0x000108c1      0x15a ./Core/Src/Custom/doorCam_manager.o
 .debug_macro   0x00010a1b       0xac ./Core/Src/Custom/doorCam_manager.o
 .debug_macro   0x00010ac7       0x10 ./Core/Src/Custom/doorCam_manager.o
 .debug_macro   0x00010ad7       0x1f ./Core/Src/Custom/doorCam_manager.o
 .debug_macro   0x00010af6      0x4c5 ./Core/Src/Custom/doorCam_manager.o
 .debug_macro   0x00010fbb       0xb5 ./Core/Src/Custom/doorCam_manager.o
 .debug_macro   0x00011070       0x8c ./Core/Src/Custom/doorCam_manager.o
 .debug_macro   0x000110fc       0x91 ./Core/Src/Custom/doorCam_manager.o
 .debug_macro   0x0001118d       0x8d ./Core/Src/Custom/doorCam_manager.o
 .debug_macro   0x0001121a       0x7e ./Core/Src/Custom/doorCam_manager.o
 .debug_macro   0x00011298       0x19 ./Core/Src/Custom/doorCam_manager.o
 .debug_macro   0x000112b1       0xf2 ./Core/Src/Custom/doorCam_manager.o
 .debug_macro   0x000113a3       0x16 ./Core/Src/Custom/doorCam_manager.o
 .debug_macro   0x000113b9      0x235 ./Core/Src/Machine-made/freertos.o
 .debug_macro   0x000115ee      0x2c4 ./Core/Src/Machine-made/main.o
 .debug_macro   0x000118b2      0x1cd ./Core/Src/Machine-made/stm32f0xx_hal_msp.o
 .debug_macro   0x00011a7f      0x1c3 ./Core/Src/Machine-made/stm32f0xx_hal_timebase_tim.o
 .debug_macro   0x00011c42      0x1d7 ./Core/Src/Machine-made/stm32f0xx_it.o
 .debug_macro   0x00011e19      0x1c3 ./Core/Src/Machine-made/system_stm32f0xx.o
 .debug_macro   0x00011fdc      0x1e7 ./Drivers/STM32F0xx_HAL_Driver/Src/stm32f0xx_hal.o
 .debug_macro   0x000121c3      0x1c3 ./Drivers/STM32F0xx_HAL_Driver/Src/stm32f0xx_hal_cortex.o
 .debug_macro   0x00012386      0x1c3 ./Drivers/STM32F0xx_HAL_Driver/Src/stm32f0xx_hal_dma.o
 .debug_macro   0x00012549      0x1ca ./Drivers/STM32F0xx_HAL_Driver/Src/stm32f0xx_hal_gpio.o
 .debug_macro   0x00012713      0x1d5 ./Drivers/STM32F0xx_HAL_Driver/Src/stm32f0xx_hal_rcc.o
 .debug_macro   0x000128e8      0x1cb ./Drivers/STM32F0xx_HAL_Driver/Src/stm32f0xx_hal_spi.o
 .debug_macro   0x00012ab3      0x1c4 ./Drivers/STM32F0xx_HAL_Driver/Src/stm32f0xx_hal_tim.o
 .debug_macro   0x00012c77      0x1c3 ./Drivers/STM32F0xx_HAL_Driver/Src/stm32f0xx_hal_tim_ex.o
 .debug_macro   0x00012e3a      0x1fe ./Middlewares/Third_Party/FreeRTOS/Source/CMSIS_RTOS/cmsis_os.o
 .debug_macro   0x00013038       0x10 ./Middlewares/Third_Party/FreeRTOS/Source/CMSIS_RTOS/cmsis_os.o
 .debug_macro   0x00013048       0x20 ./Middlewares/Third_Party/FreeRTOS/Source/CMSIS_RTOS/cmsis_os.o
 .debug_macro   0x00013068       0x9d ./Middlewares/Third_Party/FreeRTOS/Source/CMSIS_RTOS/cmsis_os.o
 .debug_macro   0x00013105      0x187 ./Middlewares/Third_Party/FreeRTOS/Source/list.o
 .debug_macro   0x0001328c      0x212 ./Middlewares/Third_Party/FreeRTOS/Source/queue.o
 .debug_macro   0x0001349e       0x16 ./Middlewares/Third_Party/FreeRTOS/Source/queue.o
 .debug_macro   0x000134b4      0x287 ./Middlewares/Third_Party/FreeRTOS/Source/tasks.o
 .debug_macro   0x0001373b       0x10 ./Middlewares/Third_Party/FreeRTOS/Source/tasks.o
 .debug_macro   0x0001374b      0x13c ./Middlewares/Third_Party/FreeRTOS/Source/portable/GCC/ARM_CM0/port.o
 .debug_macro   0x00013887      0x1ae ./Middlewares/Third_Party/FreeRTOS/Source/portable/MemMang/heap_4.o

.debug_line     0x00000000    0x15507
 .debug_line    0x00000000      0x87a ./Core/Src/Custom/GPIOHandler.o
 .debug_line    0x0000087a      0x7f7 ./Core/Src/Custom/SPIHandler.o
 .debug_line    0x00001071      0x7cd ./Core/Src/Custom/SystemClockConfig.o
 .debug_line    0x0000183e      0x9e0 ./Core/Src/Custom/doorCam_manager.o
 .debug_line    0x0000221e      0x880 ./Core/Src/Machine-made/freertos.o
 .debug_line    0x00002a9e      0x9c3 ./Core/Src/Machine-made/main.o
 .debug_line    0x00003461      0x7e5 ./Core/Src/Machine-made/stm32f0xx_hal_msp.o
 .debug_line    0x00003c46      0x7fe ./Core/Src/Machine-made/stm32f0xx_hal_timebase_tim.o
 .debug_line    0x00004444      0x7d9 ./Core/Src/Machine-made/stm32f0xx_it.o
 .debug_line    0x00004c1d      0x7f2 ./Core/Src/Machine-made/system_stm32f0xx.o
 .debug_line    0x0000540f       0x7b ./Core/Startup/startup_stm32f051r8tx.o
 .debug_line    0x0000548a      0x9f0 ./Drivers/STM32F0xx_HAL_Driver/Src/stm32f0xx_hal.o
 .debug_line    0x00005e7a      0xa9c ./Drivers/STM32F0xx_HAL_Driver/Src/stm32f0xx_hal_cortex.o
 .debug_line    0x00006916      0xd14 ./Drivers/STM32F0xx_HAL_Driver/Src/stm32f0xx_hal_dma.o
 .debug_line    0x0000762a      0xb89 ./Drivers/STM32F0xx_HAL_Driver/Src/stm32f0xx_hal_gpio.o
 .debug_line    0x000081b3      0xdd5 ./Drivers/STM32F0xx_HAL_Driver/Src/stm32f0xx_hal_rcc.o
 .debug_line    0x00008f88     0x1fb3 ./Drivers/STM32F0xx_HAL_Driver/Src/stm32f0xx_hal_spi.o
 .debug_line    0x0000af3b     0x37c7 ./Drivers/STM32F0xx_HAL_Driver/Src/stm32f0xx_hal_tim.o
 .debug_line    0x0000e702     0x198d ./Drivers/STM32F0xx_HAL_Driver/Src/stm32f0xx_hal_tim_ex.o
 .debug_line    0x0001008f     0x1254 ./Middlewares/Third_Party/FreeRTOS/Source/CMSIS_RTOS/cmsis_os.o
 .debug_line    0x000112e3      0x7a2 ./Middlewares/Third_Party/FreeRTOS/Source/list.o
 .debug_line    0x00011a85     0x12ca ./Middlewares/Third_Party/FreeRTOS/Source/queue.o
 .debug_line    0x00012d4f     0x1778 ./Middlewares/Third_Party/FreeRTOS/Source/tasks.o
 .debug_line    0x000144c7      0x711 ./Middlewares/Third_Party/FreeRTOS/Source/portable/GCC/ARM_CM0/port.o
 .debug_line    0x00014bd8      0x92f ./Middlewares/Third_Party/FreeRTOS/Source/portable/MemMang/heap_4.o

.debug_str      0x00000000    0x76b4f
 .debug_str     0x00000000    0x683a3 ./Core/Src/Custom/GPIOHandler.o
                              0x68669 (size before relaxing)
 .debug_str     0x000683a3      0x49d ./Core/Src/Custom/SPIHandler.o
                              0x688bb (size before relaxing)
 .debug_str     0x00068840      0x194 ./Core/Src/Custom/SystemClockConfig.o
                              0x68549 (size before relaxing)
 .debug_str     0x000689d4     0x5c68 ./Core/Src/Custom/doorCam_manager.o
                              0x6e243 (size before relaxing)
 .debug_str     0x0006e63c       0xa4 ./Core/Src/Machine-made/freertos.o
                              0x6bbbf (size before relaxing)
 .debug_str     0x0006e6e0      0x2d4 ./Core/Src/Machine-made/main.o
                              0x6e375 (size before relaxing)
 .debug_str     0x0006e9b4      0x1f4 ./Core/Src/Machine-made/stm32f0xx_hal_msp.o
                              0x68aa2 (size before relaxing)
 .debug_str     0x0006eba8      0x114 ./Core/Src/Machine-made/stm32f0xx_hal_timebase_tim.o
                              0x68bf8 (size before relaxing)
 .debug_str     0x0006ecbc       0xad ./Core/Src/Machine-made/stm32f0xx_it.o
                              0x68afc (size before relaxing)
 .debug_str     0x0006ed69       0x98 ./Core/Src/Machine-made/system_stm32f0xx.o
                              0x68465 (size before relaxing)
 .debug_str     0x0006ee01       0x44 ./Core/Startup/startup_stm32f051r8tx.o
                                 0x71 (size before relaxing)
 .debug_str     0x0006ee45      0x336 ./Drivers/STM32F0xx_HAL_Driver/Src/stm32f0xx_hal.o
                              0x68a1e (size before relaxing)
 .debug_str     0x0006f17b      0x1a2 ./Drivers/STM32F0xx_HAL_Driver/Src/stm32f0xx_hal_cortex.o
                              0x6880f (size before relaxing)
 .debug_str     0x0006f31d      0x24d ./Drivers/STM32F0xx_HAL_Driver/Src/stm32f0xx_hal_dma.o
                              0x687fe (size before relaxing)
 .debug_str     0x0006f56a      0x102 ./Drivers/STM32F0xx_HAL_Driver/Src/stm32f0xx_hal_gpio.o
                              0x685f9 (size before relaxing)
 .debug_str     0x0006f66c      0x1e4 ./Drivers/STM32F0xx_HAL_Driver/Src/stm32f0xx_hal_rcc.o
                              0x68894 (size before relaxing)
 .debug_str     0x0006f850      0x550 ./Drivers/STM32F0xx_HAL_Driver/Src/stm32f0xx_hal_spi.o
                              0x68dc8 (size before relaxing)
 .debug_str     0x0006fda0      0xe36 ./Drivers/STM32F0xx_HAL_Driver/Src/stm32f0xx_hal_tim.o
                              0x6986e (size before relaxing)
 .debug_str     0x00070bd6      0x503 ./Drivers/STM32F0xx_HAL_Driver/Src/stm32f0xx_hal_tim_ex.o
                              0x6907a (size before relaxing)
 .debug_str     0x000710d9     0x3b7b ./Middlewares/Third_Party/FreeRTOS/Source/CMSIS_RTOS/cmsis_os.o
                               0xdc65 (size before relaxing)
 .debug_str     0x00074c54      0x21b ./Middlewares/Third_Party/FreeRTOS/Source/list.o
                               0xa3b3 (size before relaxing)
 .debug_str     0x00074e6f      0x779 ./Middlewares/Third_Party/FreeRTOS/Source/queue.o
                               0xbbbf (size before relaxing)
 .debug_str     0x000755e8      0xf3d ./Middlewares/Third_Party/FreeRTOS/Source/tasks.o
                               0xc5ff (size before relaxing)
 .debug_str     0x00076525      0x3e7 ./Middlewares/Third_Party/FreeRTOS/Source/portable/GCC/ARM_CM0/port.o
                               0x7b72 (size before relaxing)
 .debug_str     0x0007690c      0x243 ./Middlewares/Third_Party/FreeRTOS/Source/portable/MemMang/heap_4.o
                               0xaacd (size before relaxing)

.comment        0x00000000       0x43
 .comment       0x00000000       0x43 ./Core/Src/Custom/GPIOHandler.o
                                 0x44 (size before relaxing)
 .comment       0x00000043       0x44 ./Core/Src/Custom/SPIHandler.o
 .comment       0x00000043       0x44 ./Core/Src/Custom/SystemClockConfig.o
 .comment       0x00000043       0x44 ./Core/Src/Custom/doorCam_manager.o
 .comment       0x00000043       0x44 ./Core/Src/Machine-made/freertos.o
 .comment       0x00000043       0x44 ./Core/Src/Machine-made/main.o
 .comment       0x00000043       0x44 ./Core/Src/Machine-made/stm32f0xx_hal_msp.o
 .comment       0x00000043       0x44 ./Core/Src/Machine-made/stm32f0xx_hal_timebase_tim.o
 .comment       0x00000043       0x44 ./Core/Src/Machine-made/stm32f0xx_it.o
 .comment       0x00000043       0x44 ./Core/Src/Machine-made/system_stm32f0xx.o
 .comment       0x00000043       0x44 ./Drivers/STM32F0xx_HAL_Driver/Src/stm32f0xx_hal.o
 .comment       0x00000043       0x44 ./Drivers/STM32F0xx_HAL_Driver/Src/stm32f0xx_hal_cortex.o
 .comment       0x00000043       0x44 ./Drivers/STM32F0xx_HAL_Driver/Src/stm32f0xx_hal_dma.o
 .comment       0x00000043       0x44 ./Drivers/STM32F0xx_HAL_Driver/Src/stm32f0xx_hal_gpio.o
 .comment       0x00000043       0x44 ./Drivers/STM32F0xx_HAL_Driver/Src/stm32f0xx_hal_rcc.o
 .comment       0x00000043       0x44 ./Drivers/STM32F0xx_HAL_Driver/Src/stm32f0xx_hal_spi.o
 .comment       0x00000043       0x44 ./Drivers/STM32F0xx_HAL_Driver/Src/stm32f0xx_hal_tim.o
 .comment       0x00000043       0x44 ./Drivers/STM32F0xx_HAL_Driver/Src/stm32f0xx_hal_tim_ex.o
 .comment       0x00000043       0x44 ./Middlewares/Third_Party/FreeRTOS/Source/CMSIS_RTOS/cmsis_os.o
 .comment       0x00000043       0x44 ./Middlewares/Third_Party/FreeRTOS/Source/list.o
 .comment       0x00000043       0x44 ./Middlewares/Third_Party/FreeRTOS/Source/queue.o
 .comment       0x00000043       0x44 ./Middlewares/Third_Party/FreeRTOS/Source/tasks.o
 .comment       0x00000043       0x44 ./Middlewares/Third_Party/FreeRTOS/Source/portable/GCC/ARM_CM0/port.o
 .comment       0x00000043       0x44 ./Middlewares/Third_Party/FreeRTOS/Source/portable/MemMang/heap_4.o

.debug_frame    0x00000000     0x3dc4
 .debug_frame   0x00000000       0xbc ./Core/Src/Custom/GPIOHandler.o
 .debug_frame   0x000000bc       0x4c ./Core/Src/Custom/SPIHandler.o
 .debug_frame   0x00000108       0x30 ./Core/Src/Custom/SystemClockConfig.o
 .debug_frame   0x00000138       0xac ./Core/Src/Custom/doorCam_manager.o
 .debug_frame   0x000001e4       0x30 ./Core/Src/Machine-made/freertos.o
 .debug_frame   0x00000214       0x68 ./Core/Src/Machine-made/main.o
 .debug_frame   0x0000027c       0x70 ./Core/Src/Machine-made/stm32f0xx_hal_msp.o
 .debug_frame   0x000002ec       0x6c ./Core/Src/Machine-made/stm32f0xx_hal_timebase_tim.o
 .debug_frame   0x00000358       0x80 ./Core/Src/Machine-made/stm32f0xx_it.o
 .debug_frame   0x000003d8       0x4c ./Core/Src/Machine-made/system_stm32f0xx.o
 .debug_frame   0x00000424      0x2a4 ./Drivers/STM32F0xx_HAL_Driver/Src/stm32f0xx_hal.o
 .debug_frame   0x000006c8      0x2a0 ./Drivers/STM32F0xx_HAL_Driver/Src/stm32f0xx_hal_cortex.o
 .debug_frame   0x00000968      0x1d0 ./Drivers/STM32F0xx_HAL_Driver/Src/stm32f0xx_hal_dma.o
 .debug_frame   0x00000b38      0x110 ./Drivers/STM32F0xx_HAL_Driver/Src/stm32f0xx_hal_gpio.o
 .debug_frame   0x00000c48      0x198 ./Drivers/STM32F0xx_HAL_Driver/Src/stm32f0xx_hal_rcc.o
 .debug_frame   0x00000de0      0x710 ./Drivers/STM32F0xx_HAL_Driver/Src/stm32f0xx_hal_spi.o
 .debug_frame   0x000014f0      0xf00 ./Drivers/STM32F0xx_HAL_Driver/Src/stm32f0xx_hal_tim.o
 .debug_frame   0x000023f0      0x560 ./Drivers/STM32F0xx_HAL_Driver/Src/stm32f0xx_hal_tim_ex.o
 .debug_frame   0x00002950      0x6f4 ./Middlewares/Third_Party/FreeRTOS/Source/CMSIS_RTOS/cmsis_os.o
 .debug_frame   0x00003044       0xb0 ./Middlewares/Third_Party/FreeRTOS/Source/list.o
 .debug_frame   0x000030f4      0x3d0 ./Middlewares/Third_Party/FreeRTOS/Source/queue.o
 .debug_frame   0x000034c4      0x63c ./Middlewares/Third_Party/FreeRTOS/Source/tasks.o
 .debug_frame   0x00003b00      0x174 ./Middlewares/Third_Party/FreeRTOS/Source/portable/GCC/ARM_CM0/port.o
 .debug_frame   0x00003c74       0xe4 ./Middlewares/Third_Party/FreeRTOS/Source/portable/MemMang/heap_4.o
 .debug_frame   0x00003d58       0x20 C:/ST/STM32CubeIDE_1.15.0/STM32CubeIDE/plugins/com.st.stm32cube.ide.mcu.externaltools.gnu-tools-for-stm32.12.3.rel1.win32_1.0.100.202403111256/tools/bin/../lib/gcc/arm-none-eabi/12.3.1/../../../../arm-none-eabi/lib/thumb/v6-m/nofp\libc_nano.a(libc_a-memset.o)
 .debug_frame   0x00003d78       0x2c C:/ST/STM32CubeIDE_1.15.0/STM32CubeIDE/plugins/com.st.stm32cube.ide.mcu.externaltools.gnu-tools-for-stm32.12.3.rel1.win32_1.0.100.202403111256/tools/bin/../lib/gcc/arm-none-eabi/12.3.1/../../../../arm-none-eabi/lib/thumb/v6-m/nofp\libc_nano.a(libc_a-init.o)
 .debug_frame   0x00003da4       0x20 C:/ST/STM32CubeIDE_1.15.0/STM32CubeIDE/plugins/com.st.stm32cube.ide.mcu.externaltools.gnu-tools-for-stm32.12.3.rel1.win32_1.0.100.202403111256/tools/bin/../lib/gcc/arm-none-eabi/12.3.1/thumb/v6-m/nofp\libgcc.a(_udivsi3.o)

.debug_line_str
                0x00000000       0x55
 .debug_line_str
                0x00000000       0x55 ./Core/Startup/startup_stm32f051r8tx.o
