../Core/Src/Custom/GPIOHandler.c:22:6:MX_GPIO_Init	48	static
../Core/Src/Custom/GPIOHandler.c:60:6:vLEDOn	8	static
../Core/Src/Custom/GPIOHandler.c:64:6:vLEDOff	8	static
../Core/Src/Custom/GPIOHandler.c:69:6:vErrorLEDOn	8	static
../Core/Src/Custom/GPIOHandler.c:74:6:vErrorLEDOff	8	static
../Core/Src/Custom/GPIOHandler.c:80:6:vTrigChangeState	8	static
../Core/Src/Custom/GPIOHandler.c:89:6:bUserButtonGetState	8	static
../Core/Src/Custom/GPIOHandler.c:94:6:bEchoGetState	8	static
../Core/Src/Custom/GPIOHandler.c:99:6:bTrigGetState	8	static
../Core/Src/Custom/GPIOHandler.c:104:6:bErrorLEDGetState	8	static
../Core/Src/Custom/GPIOHandler.c:109:6:bLEDGetState	8	static
