../Core/Src/Custom/GPIOHandler.c:25:6:MX_GPIO_Init	48	static
../Core/Src/Custom/GPIOHandler.c:65:6:vLEDOn	8	static
../Core/Src/Custom/GPIOHandler.c:71:6:vLEDOff	8	static
../Core/Src/Custom/GPIOHandler.c:79:6:vErrorLEDOn	8	static
../Core/Src/Custom/GPIOHandler.c:86:6:vErrorLEDOff	8	static
../Core/Src/Custom/GPIOHandler.c:93:6:vTrigChangeState	8	static
../Core/Src/Custom/GPIOHandler.c:103:6:bUserButtonGetState	8	static
../Core/Src/Custom/GPIOHandler.c:111:6:bEchoGetState	8	static
../Core/Src/Custom/GPIOHandler.c:119:6:bTrigGetState	8	static
../Core/Src/Custom/GPIOHandler.c:124:6:bErrorLEDGetState	8	static
../Core/Src/Custom/GPIOHandler.c:134:6:bLEDGetState	8	static
