../Core/Src/main.c:68:6:vUButtonPressed	24	static
../Core/Src/main.c:82:6:vSPITestTask	40	static
../Core/Src/main.c:102:6:vProxSensorHandler	48	static
../Core/Src/main.c:144:5:main	56	static
../Core/Src/main.c:226:6:SystemClock_Config	80	static
../Core/Src/main.c:265:13:MX_SPI1_Init	8	static
../Core/Src/main.c:305:13:MX_GPIO_Init	48	static
../Core/Src/main.c:353:6:StartDefaultTask	16	static
../Core/Src/main.c:372:6:HAL_TIM_PeriodElapsedCallback	16	static
../Core/Src/main.c:389:6:Error_Handler	8	static,ignoring_inline_asm
